SQL> 
SQL> REM 1 COMMENT 2 COMMAND
SQL> 
SQL> REM COMMENT : IT IS FOR OUR SELVES.
SQL> 
SQL> REM COMMAND : IT IS FOR ORACLE.
SQL> 
SQL> REM TYPES OF COMMENTS : 1 SINGLE LINE 2 MULTILINE COMMENS
SQL> 
SQL> REM SINGLE LINE COMMENT CAN BE WRITTEN IN TWO WAYS : 1 REM .... 2 --
> 
SQL> REM THIS IS FIRST STYLE OF WRITING SINGLE LINE COMMENT.
SQL> 
SQL> -- THIS IS SECOND STYLE OF WRITING SINGLE LINE COMMENT.
SQL> 
SQL> /*
SQL> THIS
SQL> IS
SQL> MULTI
SQL> LINE
SQL> COMMENT.
SQL> */
SQL> 
SQL> 
SQL> REM BASIC SELECT STATEMENT
SQL> 
SQL> REM SELECT : IS USED TO DISPLAY DATA FROM TABLE ON SCREEN.
SQL> 
SQL> SELECT * FROM EMPLOYEES;                
                                                                                         

SQL> SHOW LINESIZE
linesize 80
SQL> SET LINES 200
SQL> 
SQL> SELECT * FROM EMPLOYEES;

EMPLOYEE_ID FIRST_NAME LAST_NAME  EMAIL      PHONE_NUMBER         HIRE_DATE JOB_ID         SALARY COMMISSION_PCT MANAGER_ID DEPARTMENT_ID                                                               
----------- ---------- ---------- ---------- -------------------- --------- ---------- ---------- -------------- ---------- -------------                                                               
        100 Steven     King       SKING      515.123.4567         17-JUL-87 AD_PRES         24000                                      90                                                               
        101 Neena      Kochhar    NKOCHHAR   515.123.4568         21-SEP-89 AD_VP           17000                       100            90                                                               
        102 Lex        De Haan    LDEHAAN    515.123.4569         13-JAN-93 AD_VP           17000                       100            90                                                               
        103 Alexander  Hunold     AHUNOLD    590.423.4567         03-JAN-90 IT_PROG          9000                       102            60                                                               
        104 Bruce      Ernst      BERNST     590.423.4568         21-MAY-91 IT_PROG          6000                       103            60                                                               
        107 Diana      Lorentz    DLORENTZ   590.423.5567         07-FEB-99 IT_PROG          4200                       103            60                                                               
        124 Kevin      Mourgos    KMOURGOS   650.123.5234         16-NOV-99 ST_MAN           5800                       100            50                                                               
        141 Trenna     Rajs       TRAJS      650.121.8009         17-OCT-95 ST_CLERK         3500                       124            50                                                               
        142 Curtis     Davies     CDAVIES    650.121.2994         29-JAN-97 ST_CLERK         3100                       124            50                                                               
        143 Randall    Matos      RMATOS     650.121.2874         15-MAR-98 ST_CLERK         2600                       124            50                                                               
        144 Peter      Vargas     PVARGAS    650.121.2004         09-JUL-98 ST_CLERK         2500                       124            50                                                               

EMPLOYEE_ID FIRST_NAME LAST_NAME  EMAIL      PHONE_NUMBER         HIRE_DATE JOB_ID         SALARY COMMISSION_PCT MANAGER_ID DEPARTMENT_ID                                                               
----------- ---------- ---------- ---------- -------------------- --------- ---------- ---------- -------------- ---------- -------------                                                               
        149 Eleni      Zlotkey    EZLOTKEY   011.44.1344.429018   29-JAN-00 SA_MAN          10500             .2        100            80                                                               
        174 Ellen      Abel       EABEL      011.44.1644.429267   11-MAY-96 SA_REP          11000             .3        149            80                                                               
        176 Jonathon   Taylor     JTAYLOR    011.44.1644.429265   24-MAR-98 SA_REP           8600             .3        149            80                                                               
        178 Kimerely   Grant      KGRANT     011.44.1644.429263   24-MAY-99 SA_REP           7000            .15        149                                                                             
        200 Jennifer   Whalen     JWAHLEN    515.123.4444         17-SEP-87 AD_ASST          4400                       101            10                                                               
        201 Michael    Hartstein  MHARTSTE   515.123.5555         17-FEB-96 MK_MAN          13000                       100            20                                                               
        202 Pat        Fay        PFAY       603.123.6666         17-AUG-97 MK_REP           6000                       201            20                                                               
        205 Shelley    Higgins    SHIGGINS   515.123.8080         07-JUN-94 AC_MGR          12000                       101           110                                                               
        206 William    Gietz      WGIETZ     515.123.8181         07-JUN-94 AC_ACCOUNT       8300                       205           110                                                               

20 rows selected.

SQL> SHOW PAGESIZE
pagesize 14
SQL> SET PAGES 24
SQL> 
SQL> SELECT * FROM EMPLOYEES;

EMPLOYEE_ID FIRST_NAME LAST_NAME  EMAIL      PHONE_NUMBER         HIRE_DATE JOB_ID         SALARY COMMISSION_PCT MANAGER_ID DEPARTMENT_ID                                                               
----------- ---------- ---------- ---------- -------------------- --------- ---------- ---------- -------------- ---------- -------------                                                               
        100 Steven     King       SKING      515.123.4567         17-JUL-87 AD_PRES         24000                                      90                                                               
        101 Neena      Kochhar    NKOCHHAR   515.123.4568         21-SEP-89 AD_VP           17000                       100            90                                                               
        102 Lex        De Haan    LDEHAAN    515.123.4569         13-JAN-93 AD_VP           17000                       100            90                                                               
        103 Alexander  Hunold     AHUNOLD    590.423.4567         03-JAN-90 IT_PROG          9000                       102            60                                                               
        104 Bruce      Ernst      BERNST     590.423.4568         21-MAY-91 IT_PROG          6000                       103            60                                                               
        107 Diana      Lorentz    DLORENTZ   590.423.5567         07-FEB-99 IT_PROG          4200                       103            60                                                               
        124 Kevin      Mourgos    KMOURGOS   650.123.5234         16-NOV-99 ST_MAN           5800                       100            50                                                               
        141 Trenna     Rajs       TRAJS      650.121.8009         17-OCT-95 ST_CLERK         3500                       124            50                                                               
        142 Curtis     Davies     CDAVIES    650.121.2994         29-JAN-97 ST_CLERK         3100                       124            50                                                               
        143 Randall    Matos      RMATOS     650.121.2874         15-MAR-98 ST_CLERK         2600                       124            50                                                               
        144 Peter      Vargas     PVARGAS    650.121.2004         09-JUL-98 ST_CLERK         2500                       124            50                                                               
        149 Eleni      Zlotkey    EZLOTKEY   011.44.1344.429018   29-JAN-00 SA_MAN          10500             .2        100            80                                                               
        174 Ellen      Abel       EABEL      011.44.1644.429267   11-MAY-96 SA_REP          11000             .3        149            80                                                               
        176 Jonathon   Taylor     JTAYLOR    011.44.1644.429265   24-MAR-98 SA_REP           8600             .3        149            80                                                               
        178 Kimerely   Grant      KGRANT     011.44.1644.429263   24-MAY-99 SA_REP           7000            .15        149                                                                             
        200 Jennifer   Whalen     JWAHLEN    515.123.4444         17-SEP-87 AD_ASST          4400                       101            10                                                               
        201 Michael    Hartstein  MHARTSTE   515.123.5555         17-FEB-96 MK_MAN          13000                       100            20                                                               
        202 Pat        Fay        PFAY       603.123.6666         17-AUG-97 MK_REP           6000                       201            20                                                               
        205 Shelley    Higgins    SHIGGINS   515.123.8080         07-JUN-94 AC_MGR          12000                       101           110                                                               
        206 William    Gietz      WGIETZ     515.123.8181         07-JUN-94 AC_ACCOUNT       8300                       205           110                                                               

20 rows selected.

SQL> REM SHOW COMMAND IS FOR DISPLAYING VALUE
SQL> 
SQL> REM SET COMMAND IS FOR SETTING/CHANGING NEW VALUE
SQL> 
SQL> SELECT * FROM EMPLOYEES;

EMPLOYEE_ID FIRST_NAME LAST_NAME  EMAIL      PHONE_NUMBER         HIRE_DATE JOB_ID         SALARY COMMISSION_PCT MANAGER_ID DEPARTMENT_ID                                                               
----------- ---------- ---------- ---------- -------------------- --------- ---------- ---------- -------------- ---------- -------------                                                               
        100 Steven     King       SKING      515.123.4567         17-JUL-87 AD_PRES         24000                                      90                                                               
        101 Neena      Kochhar    NKOCHHAR   515.123.4568         21-SEP-89 AD_VP           17000                       100            90                                                               
        102 Lex        De Haan    LDEHAAN    515.123.4569         13-JAN-93 AD_VP           17000                       100            90                                                               
        103 Alexander  Hunold     AHUNOLD    590.423.4567         03-JAN-90 IT_PROG          9000                       102            60                                                               
        104 Bruce      Ernst      BERNST     590.423.4568         21-MAY-91 IT_PROG          6000                       103            60                                                               
        107 Diana      Lorentz    DLORENTZ   590.423.5567         07-FEB-99 IT_PROG          4200                       103            60                                                               
        124 Kevin      Mourgos    KMOURGOS   650.123.5234         16-NOV-99 ST_MAN           5800                       100            50                                                               
        141 Trenna     Rajs       TRAJS      650.121.8009         17-OCT-95 ST_CLERK         3500                       124            50                                                               
        142 Curtis     Davies     CDAVIES    650.121.2994         29-JAN-97 ST_CLERK         3100                       124            50                                                               
        143 Randall    Matos      RMATOS     650.121.2874         15-MAR-98 ST_CLERK         2600                       124            50                                                               
        144 Peter      Vargas     PVARGAS    650.121.2004         09-JUL-98 ST_CLERK         2500                       124            50                                                               
        149 Eleni      Zlotkey    EZLOTKEY   011.44.1344.429018   29-JAN-00 SA_MAN          10500             .2        100            80                                                               
        174 Ellen      Abel       EABEL      011.44.1644.429267   11-MAY-96 SA_REP          11000             .3        149            80                                                               
        176 Jonathon   Taylor     JTAYLOR    011.44.1644.429265   24-MAR-98 SA_REP           8600             .3        149            80                                                               
        178 Kimerely   Grant      KGRANT     011.44.1644.429263   24-MAY-99 SA_REP           7000            .15        149                                                                             
        200 Jennifer   Whalen     JWAHLEN    515.123.4444         17-SEP-87 AD_ASST          4400                       101            10                                                               
        201 Michael    Hartstein  MHARTSTE   515.123.5555         17-FEB-96 MK_MAN          13000                       100            20                                                               
        202 Pat        Fay        PFAY       603.123.6666         17-AUG-97 MK_REP           6000                       201            20                                                               
        205 Shelley    Higgins    SHIGGINS   515.123.8080         07-JUN-94 AC_MGR          12000                       101           110                                                               
        206 William    Gietz      WGIETZ     515.123.8181         07-JUN-94 AC_ACCOUNT       8300                       205           110                                                               

20 rows selected.

SQL> REM SELECT COMMAND HAS 5 PARTS.
SQL> 
SQL> REM SYNTAX : COMPUTER LANGUAGE GRAMMER
SQL> 
SQL> REM SELECT what to display FROM tablename;
SQL> 
SQL> SELECT * FROM EMPLOYEES;

EMPLOYEE_ID FIRST_NAME LAST_NAME  EMAIL      PHONE_NUMBER         HIRE_DATE JOB_ID         SALARY COMMISSION_PCT MANAGER_ID DEPARTMENT_ID                                                               
----------- ---------- ---------- ---------- -------------------- --------- ---------- ---------- -------------- ---------- -------------                                                               
        100 Steven     King       SKING      515.123.4567         17-JUL-87 AD_PRES         24000                                      90                                                               
        101 Neena      Kochhar    NKOCHHAR   515.123.4568         21-SEP-89 AD_VP           17000                       100            90                                                               
        102 Lex        De Haan    LDEHAAN    515.123.4569         13-JAN-93 AD_VP           17000                       100            90                                                               
        103 Alexander  Hunold     AHUNOLD    590.423.4567         03-JAN-90 IT_PROG          9000                       102            60                                                               
        104 Bruce      Ernst      BERNST     590.423.4568         21-MAY-91 IT_PROG          6000                       103            60                                                               
        107 Diana      Lorentz    DLORENTZ   590.423.5567         07-FEB-99 IT_PROG          4200                       103            60                                                               
        124 Kevin      Mourgos    KMOURGOS   650.123.5234         16-NOV-99 ST_MAN           5800                       100            50                                                               
        141 Trenna     Rajs       TRAJS      650.121.8009         17-OCT-95 ST_CLERK         3500                       124            50                                                               
        142 Curtis     Davies     CDAVIES    650.121.2994         29-JAN-97 ST_CLERK         3100                       124            50                                                               
        143 Randall    Matos      RMATOS     650.121.2874         15-MAR-98 ST_CLERK         2600                       124            50                                                               
        144 Peter      Vargas     PVARGAS    650.121.2004         09-JUL-98 ST_CLERK         2500                       124            50                                                               
        149 Eleni      Zlotkey    EZLOTKEY   011.44.1344.429018   29-JAN-00 SA_MAN          10500             .2        100            80                                                               
        174 Ellen      Abel       EABEL      011.44.1644.429267   11-MAY-96 SA_REP          11000             .3        149            80                                                               
        176 Jonathon   Taylor     JTAYLOR    011.44.1644.429265   24-MAR-98 SA_REP           8600             .3        149            80                                                               
        178 Kimerely   Grant      KGRANT     011.44.1644.429263   24-MAY-99 SA_REP           7000            .15        149                                                                             
        200 Jennifer   Whalen     JWAHLEN    515.123.4444         17-SEP-87 AD_ASST          4400                       101            10                                                               
        201 Michael    Hartstein  MHARTSTE   515.123.5555         17-FEB-96 MK_MAN          13000                       100            20                                                               
        202 Pat        Fay        PFAY       603.123.6666         17-AUG-97 MK_REP           6000                       201            20                                                               
        205 Shelley    Higgins    SHIGGINS   515.123.8080         07-JUN-94 AC_MGR          12000                       101           110                                                               
        206 William    Gietz      WGIETZ     515.123.8181         07-JUN-94 AC_ACCOUNT       8300                       205           110                                                               

20 rows selected.

SQL> SELECT * FROM DEPARTMENTS;

DEPARTMENT_ID DEPARTMENT_NAME                MANAGER_ID LOCATION_ID                                                                                                                                     
------------- ------------------------------ ---------- -----------                                                                                                                                     
           10 Administration                        200        1700                                                                                                                                     
           20 Marketing                             201        1800                                                                                                                                     
           50 Shiping                               124        1500                                                                                                                                     
           60 IT                                    103        1400                                                                                                                                     
           80 Sales                                 149        2500                                                                                                                                     
           90 Executive                             100        1700                                                                                                                                     
          110 Accounting                            205        1700                                                                                                                                     
          190 Contracting                                      1700                                                                                                                                     

8 rows selected.

SQL> SELECT DEPARTMENT_NAME , MANAGER_ID FROM DEPARTMENTS;

DEPARTMENT_NAME                MANAGER_ID                                                                                                                                                               
------------------------------ ----------                                                                                                                                                               
Administration                        200                                                                                                                                                               
Marketing                             201                                                                                                                                                               
Shiping                               124                                                                                                                                                               
IT                                    103                                                                                                                                                               
Sales                                 149                                                                                                                                                               
Executive                             100                                                                                                                                                               
Accounting                            205                                                                                                                                                               
Contracting                                                                                                                                                                                             

8 rows selected.

SQL> SELECT * FROM EMPLOYEES
  2  
SQL> SELECT * FROM ;
SELECT * FROM 
             *
ERROR at line 1:
ORA-00903: invalid table name 


SQL> SELECT * FROM EMPLOYEE;
SELECT * FROM EMPLOYEE
              *
ERROR at line 1:
ORA-00942: table or view does not exist 


SQL> SELECT * EMPLOYEES;
SELECT * EMPLOYEES
         *
ERROR at line 1:
ORA-00923: FROM keyword not found where expected 


SQL> SELECT * FRM EMPLOYEES;
SELECT * FRM EMPLOYEES
         *
ERROR at line 1:
ORA-00923: FROM keyword not found where expected 


SQL> SELECT FROM EMPLOYEES;
SELECT FROM EMPLOYEES
       *
ERROR at line 1:
ORA-00936: missing expression 


SQL> SELCT * FROM EMPLOYEES;
SP2-0734: unknown command beginning "SELCT * FR..." - rest of line ignored.
SQL> SELECT * FROM EMPLOYEES;

EMPLOYEE_ID FIRST_NAME LAST_NAME  EMAIL      PHONE_NUMBER         HIRE_DATE JOB_ID         SALARY COMMISSION_PCT MANAGER_ID DEPARTMENT_ID                                                               
----------- ---------- ---------- ---------- -------------------- --------- ---------- ---------- -------------- ---------- -------------                                                               
        100 Steven     King       SKING      515.123.4567         17-JUL-87 AD_PRES         24000                                      90                                                               
        101 Neena      Kochhar    NKOCHHAR   515.123.4568         21-SEP-89 AD_VP           17000                       100            90                                                               
        102 Lex        De Haan    LDEHAAN    515.123.4569         13-JAN-93 AD_VP           17000                       100            90                                                               
        103 Alexander  Hunold     AHUNOLD    590.423.4567         03-JAN-90 IT_PROG          9000                       102            60                                                               
        104 Bruce      Ernst      BERNST     590.423.4568         21-MAY-91 IT_PROG          6000                       103            60                                                               
        107 Diana      Lorentz    DLORENTZ   590.423.5567         07-FEB-99 IT_PROG          4200                       103            60                                                               
        124 Kevin      Mourgos    KMOURGOS   650.123.5234         16-NOV-99 ST_MAN           5800                       100            50                                                               
        141 Trenna     Rajs       TRAJS      650.121.8009         17-OCT-95 ST_CLERK         3500                       124            50                                                               
        142 Curtis     Davies     CDAVIES    650.121.2994         29-JAN-97 ST_CLERK         3100                       124            50                                                               
        143 Randall    Matos      RMATOS     650.121.2874         15-MAR-98 ST_CLERK         2600                       124            50                                                               
        144 Peter      Vargas     PVARGAS    650.121.2004         09-JUL-98 ST_CLERK         2500                       124            50                                                               
        149 Eleni      Zlotkey    EZLOTKEY   011.44.1344.429018   29-JAN-00 SA_MAN          10500             .2        100            80                                                               
        174 Ellen      Abel       EABEL      011.44.1644.429267   11-MAY-96 SA_REP          11000             .3        149            80                                                               
        176 Jonathon   Taylor     JTAYLOR    011.44.1644.429265   24-MAR-98 SA_REP           8600             .3        149            80                                                               
        178 Kimerely   Grant      KGRANT     011.44.1644.429263   24-MAY-99 SA_REP           7000            .15        149                                                                             
        200 Jennifer   Whalen     JWAHLEN    515.123.4444         17-SEP-87 AD_ASST          4400                       101            10                                                               
        201 Michael    Hartstein  MHARTSTE   515.123.5555         17-FEB-96 MK_MAN          13000                       100            20                                                               
        202 Pat        Fay        PFAY       603.123.6666         17-AUG-97 MK_REP           6000                       201            20                                                               
        205 Shelley    Higgins    SHIGGINS   515.123.8080         07-JUN-94 AC_MGR          12000                       101           110                                                               
        206 William    Gietz      WGIETZ     515.123.8181         07-JUN-94 AC_ACCOUNT       8300                       205           110                                                               

20 rows selected.

SQL> SELECT FROM * EMPLOYEES;
SELECT FROM * EMPLOYEES
       *
ERROR at line 1:
ORA-00936: missing expression 


SQL> REM HORIZONTAL : ROW
SQL> 
SQL> REM VERTICAL : COLUMN
SQL> 
SQL> REM INTERSECTION : FIELD
SQL> 
SQL> REM COMBINATION : TABLE
SQL> 
SQL> REM FIRST ROW : COLUMN HEADING/ALIAS/TITLE
SQL> 
SQL> REM SECOND ROW : SEPARATOR
SQL> 
SQL> REM THIRD ROW ONWARDS : DATA/VALUES/ROWS
SQL> 
SQL> REM LAST ROW : FEED BACK MESSAGE
SQL> 
SQL> SELECT * FROM REGIONS;

 REGION_ID REGION_NAME                                                                                                                                                                                  
---------- -------------------------                                                                                                                                                                    
         1 Europe                                                                                                                                                                                       
         2 Americas                                                                                                                                                                                     
         3 Asia                                                                                                                                                                                         
         4 Middle East and Africa                                                                                                                                                                       

SQL>  REM DD-MON-RR : RR Rounding yeaR
SQL> 
SQL> 
SQL> REM NULL : YET NOT DECIDED / NOT APPLICABLE / NOT AVAILABLE
SQL> 
SQL> SELECT * FROM REGIONS;

 REGION_ID REGION_NAME                                                                                                                                                                                  
---------- -------------------------                                                                                                                                                                    
         1 Europe                                                                                                                                                                                       
         2 Americas                                                                                                                                                                                     
         3 Asia                                                                                                                                                                                         
         4 Middle East and Africa                                                                                                                                                                       

SQL> REM * IS CALLED META CHARACTER
SQL> 
SQL> REM * IS USED TO SHOW ALL COLUMNS OF THE TABLE
SQL> 
SQL> REM * IS AN EASY WAY TO REPRESENT ALL COLUMNS
SQL> 
SQL> SELECT * FROM REGIONS;

 REGION_ID REGION_NAME                                                                                                                                                                                  
---------- -------------------------                                                                                                                                                                    
         1 Europe                                                                                                                                                                                       
         2 Americas                                                                                                                                                                                     
         3 Asia                                                                                                                                                                                         
         4 Middle East and Africa                                                                                                                                                                       

SQL> SELECT REGION_ID , REGION_NAME FROM REGIONS;

 REGION_ID REGION_NAME                                                                                                                                                                                  
---------- -------------------------                                                                                                                                                                    
         1 Europe                                                                                                                                                                                       
         2 Americas                                                                                                                                                                                     
         3 Asia                                                                                                                                                                                         
         4 Middle East and Africa                                                                                                                                                                       

SQL> SELECT * FROM EMPLOYEES;

EMPLOYEE_ID FIRST_NAME LAST_NAME  EMAIL      PHONE_NUMBER         HIRE_DATE JOB_ID         SALARY COMMISSION_PCT MANAGER_ID DEPARTMENT_ID                                                               
----------- ---------- ---------- ---------- -------------------- --------- ---------- ---------- -------------- ---------- -------------                                                               
        100 Steven     King       SKING      515.123.4567         17-JUL-87 AD_PRES         24000                                      90                                                               
        101 Neena      Kochhar    NKOCHHAR   515.123.4568         21-SEP-89 AD_VP           17000                       100            90                                                               
        102 Lex        De Haan    LDEHAAN    515.123.4569         13-JAN-93 AD_VP           17000                       100            90                                                               
        103 Alexander  Hunold     AHUNOLD    590.423.4567         03-JAN-90 IT_PROG          9000                       102            60                                                               
        104 Bruce      Ernst      BERNST     590.423.4568         21-MAY-91 IT_PROG          6000                       103            60                                                               
        107 Diana      Lorentz    DLORENTZ   590.423.5567         07-FEB-99 IT_PROG          4200                       103            60                                                               
        124 Kevin      Mourgos    KMOURGOS   650.123.5234         16-NOV-99 ST_MAN           5800                       100            50                                                               
        141 Trenna     Rajs       TRAJS      650.121.8009         17-OCT-95 ST_CLERK         3500                       124            50                                                               
        142 Curtis     Davies     CDAVIES    650.121.2994         29-JAN-97 ST_CLERK         3100                       124            50                                                               
        143 Randall    Matos      RMATOS     650.121.2874         15-MAR-98 ST_CLERK         2600                       124            50                                                               
        144 Peter      Vargas     PVARGAS    650.121.2004         09-JUL-98 ST_CLERK         2500                       124            50                                                               
        149 Eleni      Zlotkey    EZLOTKEY   011.44.1344.429018   29-JAN-00 SA_MAN          10500             .2        100            80                                                               
        174 Ellen      Abel       EABEL      011.44.1644.429267   11-MAY-96 SA_REP          11000             .3        149            80                                                               
        176 Jonathon   Taylor     JTAYLOR    011.44.1644.429265   24-MAR-98 SA_REP           8600             .3        149            80                                                               
        178 Kimerely   Grant      KGRANT     011.44.1644.429263   24-MAY-99 SA_REP           7000            .15        149                                                                             
        200 Jennifer   Whalen     JWAHLEN    515.123.4444         17-SEP-87 AD_ASST          4400                       101            10                                                               
        201 Michael    Hartstein  MHARTSTE   515.123.5555         17-FEB-96 MK_MAN          13000                       100            20                                                               
        202 Pat        Fay        PFAY       603.123.6666         17-AUG-97 MK_REP           6000                       201            20                                                               
        205 Shelley    Higgins    SHIGGINS   515.123.8080         07-JUN-94 AC_MGR          12000                       101           110                                                               
        206 William    Gietz      WGIETZ     515.123.8181         07-JUN-94 AC_ACCOUNT       8300                       205           110                                                               

20 rows selected.

SQL> SELECT FIRST_NAME FROM EMPLOYEES;

FIRST_NAME                                                                                                                                                                                              
----------                                                                                                                                                                                              
Steven                                                                                                                                                                                                  
Neena                                                                                                                                                                                                   
Lex                                                                                                                                                                                                     
Alexander                                                                                                                                                                                               
Bruce                                                                                                                                                                                                   
Diana                                                                                                                                                                                                   
Kevin                                                                                                                                                                                                   
Trenna                                                                                                                                                                                                  
Curtis                                                                                                                                                                                                  
Randall                                                                                                                                                                                                 
Peter                                                                                                                                                                                                   
Eleni                                                                                                                                                                                                   
Ellen                                                                                                                                                                                                   
Jonathon                                                                                                                                                                                                
Kimerely                                                                                                                                                                                                
Jennifer                                                                                                                                                                                                
Michael                                                                                                                                                                                                 
Pat                                                                                                                                                                                                     
Shelley                                                                                                                                                                                                 
William                                                                                                                                                                                                 

20 rows selected.

SQL> SELECT FIRST_NAME, SALARY FROM EMPLOYEES;

FIRST_NAME     SALARY                                                                                                                                                                                   
---------- ----------                                                                                                                                                                                   
Steven          24000                                                                                                                                                                                   
Neena           17000                                                                                                                                                                                   
Lex             17000                                                                                                                                                                                   
Alexander        9000                                                                                                                                                                                   
Bruce            6000                                                                                                                                                                                   
Diana            4200                                                                                                                                                                                   
Kevin            5800                                                                                                                                                                                   
Trenna           3500                                                                                                                                                                                   
Curtis           3100                                                                                                                                                                                   
Randall          2600                                                                                                                                                                                   
Peter            2500                                                                                                                                                                                   
Eleni           10500                                                                                                                                                                                   
Ellen           11000                                                                                                                                                                                   
Jonathon         8600                                                                                                                                                                                   
Kimerely         7000                                                                                                                                                                                   
Jennifer         4400                                                                                                                                                                                   
Michael         13000                                                                                                                                                                                   
Pat              6000                                                                                                                                                                                   
Shelley         12000                                                                                                                                                                                   
William          8300                                                                                                                                                                                   

20 rows selected.

SQL> SELECT FIRST_NAME SALARY FROM EMPLOYEES;

SALARY                                                                                                                                                                                                  
----------                                                                                                                                                                                              
Steven                                                                                                                                                                                                  
Neena                                                                                                                                                                                                   
Lex                                                                                                                                                                                                     
Alexander                                                                                                                                                                                               
Bruce                                                                                                                                                                                                   
Diana                                                                                                                                                                                                   
Kevin                                                                                                                                                                                                   
Trenna                                                                                                                                                                                                  
Curtis                                                                                                                                                                                                  
Randall                                                                                                                                                                                                 
Peter                                                                                                                                                                                                   
Eleni                                                                                                                                                                                                   
Ellen                                                                                                                                                                                                   
Jonathon                                                                                                                                                                                                
Kimerely                                                                                                                                                                                                
Jennifer                                                                                                                                                                                                
Michael                                                                                                                                                                                                 
Pat                                                                                                                                                                                                     
Shelley                                                                                                                                                                                                 
William                                                                                                                                                                                                 

20 rows selected.

SQL> SELECT FIRST_NAME, SALARY FROM EMPLOYEES;

FIRST_NAME     SALARY                                                                                                                                                                                   
---------- ----------                                                                                                                                                                                   
Steven          24000                                                                                                                                                                                   
Neena           17000                                                                                                                                                                                   
Lex             17000                                                                                                                                                                                   
Alexander        9000                                                                                                                                                                                   
Bruce            6000                                                                                                                                                                                   
Diana            4200                                                                                                                                                                                   
Kevin            5800                                                                                                                                                                                   
Trenna           3500                                                                                                                                                                                   
Curtis           3100                                                                                                                                                                                   
Randall          2600                                                                                                                                                                                   
Peter            2500                                                                                                                                                                                   
Eleni           10500                                                                                                                                                                                   
Ellen           11000                                                                                                                                                                                   
Jonathon         8600                                                                                                                                                                                   
Kimerely         7000                                                                                                                                                                                   
Jennifer         4400                                                                                                                                                                                   
Michael         13000                                                                                                                                                                                   
Pat              6000                                                                                                                                                                                   
Shelley         12000                                                                                                                                                                                   
William          8300                                                                                                                                                                                   

20 rows selected.

SQL> SELECT SALARY , FIRST_NAME FROM EMPLOYEES;

    SALARY FIRST_NAME                                                                                                                                                                                   
---------- ----------                                                                                                                                                                                   
     24000 Steven                                                                                                                                                                                       
     17000 Neena                                                                                                                                                                                        
     17000 Lex                                                                                                                                                                                          
      9000 Alexander                                                                                                                                                                                    
      6000 Bruce                                                                                                                                                                                        
      4200 Diana                                                                                                                                                                                        
      5800 Kevin                                                                                                                                                                                        
      3500 Trenna                                                                                                                                                                                       
      3100 Curtis                                                                                                                                                                                       
      2600 Randall                                                                                                                                                                                      
      2500 Peter                                                                                                                                                                                        
     10500 Eleni                                                                                                                                                                                        
     11000 Ellen                                                                                                                                                                                        
      8600 Jonathon                                                                                                                                                                                     
      7000 Kimerely                                                                                                                                                                                     
      4400 Jennifer                                                                                                                                                                                     
     13000 Michael                                                                                                                                                                                      
      6000 Pat                                                                                                                                                                                          
     12000 Shelley                                                                                                                                                                                      
      8300 William                                                                                                                                                                                      

20 rows selected.

SQL> REM PROJECTION : TO DISPLAY SELECTED COLUMNS OF OUR CHOICE
SQL> 
SQL> REM ARITHMETIC OPERATORS : / * + -
> 
SQL> SELECT FIRST_NAME , SALARY FROM EMPLOYEES;

FIRST_NAME     SALARY                                                                                                                                                                                   
---------- ----------                                                                                                                                                                                   
Steven          24000                                                                                                                                                                                   
Neena           17000                                                                                                                                                                                   
Lex             17000                                                                                                                                                                                   
Alexander        9000                                                                                                                                                                                   
Bruce            6000                                                                                                                                                                                   
Diana            4200                                                                                                                                                                                   
Kevin            5800                                                                                                                                                                                   
Trenna           3500                                                                                                                                                                                   
Curtis           3100                                                                                                                                                                                   
Randall          2600                                                                                                                                                                                   
Peter            2500                                                                                                                                                                                   
Eleni           10500                                                                                                                                                                                   
Ellen           11000                                                                                                                                                                                   
Jonathon         8600                                                                                                                                                                                   
Kimerely         7000                                                                                                                                                                                   
Jennifer         4400                                                                                                                                                                                   
Michael         13000                                                                                                                                                                                   
Pat              6000                                                                                                                                                                                   
Shelley         12000                                                                                                                                                                                   
William          8300                                                                                                                                                                                   

20 rows selected.

SQL> REM 1 MONTH = ?? DAYS 28/29/30/31
SQL> 
SQL> REM 1 MONTH = 30 DAYS
SQL> 
SQL> REM DAILY SALARY = SALARY / 30
SQL> 
SQL> SELECT FIRST_NAME , SALARY , SALARY / 30 FROM EMPLOYEES;

FIRST_NAME     SALARY  SALARY/30                                                                                                                                                                        
---------- ---------- ----------                                                                                                                                                                        
Steven          24000        800                                                                                                                                                                        
Neena           17000 566.666667                                                                                                                                                                        
Lex             17000 566.666667                                                                                                                                                                        
Alexander        9000        300                                                                                                                                                                        
Bruce            6000        200                                                                                                                                                                        
Diana            4200        140                                                                                                                                                                        
Kevin            5800 193.333333                                                                                                                                                                        
Trenna           3500 116.666667                                                                                                                                                                        
Curtis           3100 103.333333                                                                                                                                                                        
Randall          2600 86.6666667                                                                                                                                                                        
Peter            2500 83.3333333                                                                                                                                                                        
Eleni           10500        350                                                                                                                                                                        
Ellen           11000 366.666667                                                                                                                                                                        
Jonathon         8600 286.666667                                                                                                                                                                        
Kimerely         7000 233.333333                                                                                                                                                                        
Jennifer         4400 146.666667                                                                                                                                                                        
Michael         13000 433.333333                                                                                                                                                                        
Pat              6000        200                                                                                                                                                                        
Shelley         12000        400                                                                                                                                                                        
William          8300 276.666667                                                                                                                                                                        

20 rows selected.

SQL> REM EXPRESSION = FORMULA
SQL> 
SQL> REM YEARLY SALARY = SALARY * 12
SQL> 
SQL> SELECT FIRST_NAME , SALARY , SALARY * 12 FROM EMPLOYEES;

FIRST_NAME     SALARY  SALARY*12                                                                                                                                                                        
---------- ---------- ----------                                                                                                                                                                        
Steven          24000     288000                                                                                                                                                                        
Neena           17000     204000                                                                                                                                                                        
Lex             17000     204000                                                                                                                                                                        
Alexander        9000     108000                                                                                                                                                                        
Bruce            6000      72000                                                                                                                                                                        
Diana            4200      50400                                                                                                                                                                        
Kevin            5800      69600                                                                                                                                                                        
Trenna           3500      42000                                                                                                                                                                        
Curtis           3100      37200                                                                                                                                                                        
Randall          2600      31200                                                                                                                                                                        
Peter            2500      30000                                                                                                                                                                        
Eleni           10500     126000                                                                                                                                                                        
Ellen           11000     132000                                                                                                                                                                        
Jonathon         8600     103200                                                                                                                                                                        
Kimerely         7000      84000                                                                                                                                                                        
Jennifer         4400      52800                                                                                                                                                                        
Michael         13000     156000                                                                                                                                                                        
Pat              6000      72000                                                                                                                                                                        
Shelley         12000     144000                                                                                                                                                                        
William          8300      99600                                                                                                                                                                        

20 rows selected.

SQL> REM INCREMENT : 1500
SQL> 
SQL> SELECT FIRST_NAME , SALARY , SALARY + 1500 FROM EMPLOYEES;

FIRST_NAME     SALARY SALARY+1500                                                                                                                                                                       
---------- ---------- -----------                                                                                                                                                                       
Steven          24000       25500                                                                                                                                                                       
Neena           17000       18500                                                                                                                                                                       
Lex             17000       18500                                                                                                                                                                       
Alexander        9000       10500                                                                                                                                                                       
Bruce            6000        7500                                                                                                                                                                       
Diana            4200        5700                                                                                                                                                                       
Kevin            5800        7300                                                                                                                                                                       
Trenna           3500        5000                                                                                                                                                                       
Curtis           3100        4600                                                                                                                                                                       
Randall          2600        4100                                                                                                                                                                       
Peter            2500        4000                                                                                                                                                                       
Eleni           10500       12000                                                                                                                                                                       
Ellen           11000       12500                                                                                                                                                                       
Jonathon         8600       10100                                                                                                                                                                       
Kimerely         7000        8500                                                                                                                                                                       
Jennifer         4400        5900                                                                                                                                                                       
Michael         13000       14500                                                                                                                                                                       
Pat              6000        7500                                                                                                                                                                       
Shelley         12000       13500                                                                                                                                                                       
William          8300        9800                                                                                                                                                                       

20 rows selected.

SQL> REM DECREMENT : 600
SQL> 
SQL> SELECT FIRST_NAME , SALARY , SALARY - 600 FROM EMPLOYEES;

FIRST_NAME     SALARY SALARY-600                                                                                                                                                                        
---------- ---------- ----------                                                                                                                                                                        
Steven          24000      23400                                                                                                                                                                        
Neena           17000      16400                                                                                                                                                                        
Lex             17000      16400                                                                                                                                                                        
Alexander        9000       8400                                                                                                                                                                        
Bruce            6000       5400                                                                                                                                                                        
Diana            4200       3600                                                                                                                                                                        
Kevin            5800       5200                                                                                                                                                                        
Trenna           3500       2900                                                                                                                                                                        
Curtis           3100       2500                                                                                                                                                                        
Randall          2600       2000                                                                                                                                                                        
Peter            2500       1900                                                                                                                                                                        
Eleni           10500       9900                                                                                                                                                                        
Ellen           11000      10400                                                                                                                                                                        
Jonathon         8600       8000                                                                                                                                                                        
Kimerely         7000       6400                                                                                                                                                                        
Jennifer         4400       3800                                                                                                                                                                        
Michael         13000      12400                                                                                                                                                                        
Pat              6000       5400                                                                                                                                                                        
Shelley         12000      11400                                                                                                                                                                        
William          8300       7700                                                                                                                                                                        

20 rows selected.

SQL> SELECT FIRST_NAME , SALARY , salary - 600 FROM EMPLOYEES;

FIRST_NAME     SALARY SALARY-600                                                                                                                                                                        
---------- ---------- ----------                                                                                                                                                                        
Steven          24000      23400                                                                                                                                                                        
Neena           17000      16400                                                                                                                                                                        
Lex             17000      16400                                                                                                                                                                        
Alexander        9000       8400                                                                                                                                                                        
Bruce            6000       5400                                                                                                                                                                        
Diana            4200       3600                                                                                                                                                                        
Kevin            5800       5200                                                                                                                                                                        
Trenna           3500       2900                                                                                                                                                                        
Curtis           3100       2500                                                                                                                                                                        
Randall          2600       2000                                                                                                                                                                        
Peter            2500       1900                                                                                                                                                                        
Eleni           10500       9900                                                                                                                                                                        
Ellen           11000      10400                                                                                                                                                                        
Jonathon         8600       8000                                                                                                                                                                        
Kimerely         7000       6400                                                                                                                                                                        
Jennifer         4400       3800                                                                                                                                                                        
Michael         13000      12400                                                                                                                                                                        
Pat              6000       5400                                                                                                                                                                        
Shelley         12000      11400                                                                                                                                                                        
William          8300       7700                                                                                                                                                                        

20 rows selected.

SQL> SELECT FIRST_NAME , SALARY , SALARY / 30 dailysalary FROM EMPLOYEES;

FIRST_NAME     SALARY DAILYSALARY                                                                                                                                                                       
---------- ---------- -----------                                                                                                                                                                       
Steven          24000         800                                                                                                                                                                       
Neena           17000  566.666667                                                                                                                                                                       
Lex             17000  566.666667                                                                                                                                                                       
Alexander        9000         300                                                                                                                                                                       
Bruce            6000         200                                                                                                                                                                       
Diana            4200         140                                                                                                                                                                       
Kevin            5800  193.333333                                                                                                                                                                       
Trenna           3500  116.666667                                                                                                                                                                       
Curtis           3100  103.333333                                                                                                                                                                       
Randall          2600  86.6666667                                                                                                                                                                       
Peter            2500  83.3333333                                                                                                                                                                       
Eleni           10500         350                                                                                                                                                                       
Ellen           11000  366.666667                                                                                                                                                                       
Jonathon         8600  286.666667                                                                                                                                                                       
Kimerely         7000  233.333333                                                                                                                                                                       
Jennifer         4400  146.666667                                                                                                                                                                       
Michael         13000  433.333333                                                                                                                                                                       
Pat              6000         200                                                                                                                                                                       
Shelley         12000         400                                                                                                                                                                       
William          8300  276.666667                                                                                                                                                                       

20 rows selected.

SQL> SELECT FIRST_NAME , SALARY , SALARY / 30 "dailysalary" FROM EMPLOYEES;

FIRST_NAME     SALARY dailysalary                                                                                                                                                                       
---------- ---------- -----------                                                                                                                                                                       
Steven          24000         800                                                                                                                                                                       
Neena           17000  566.666667                                                                                                                                                                       
Lex             17000  566.666667                                                                                                                                                                       
Alexander        9000         300                                                                                                                                                                       
Bruce            6000         200                                                                                                                                                                       
Diana            4200         140                                                                                                                                                                       
Kevin            5800  193.333333                                                                                                                                                                       
Trenna           3500  116.666667                                                                                                                                                                       
Curtis           3100  103.333333                                                                                                                                                                       
Randall          2600  86.6666667                                                                                                                                                                       
Peter            2500  83.3333333                                                                                                                                                                       
Eleni           10500         350                                                                                                                                                                       
Ellen           11000  366.666667                                                                                                                                                                       
Jonathon         8600  286.666667                                                                                                                                                                       
Kimerely         7000  233.333333                                                                                                                                                                       
Jennifer         4400  146.666667                                                                                                                                                                       
Michael         13000  433.333333                                                                                                                                                                       
Pat              6000         200                                                                                                                                                                       
Shelley         12000         400                                                                                                                                                                       
William          8300  276.666667                                                                                                                                                                       

20 rows selected.

SQL> SELECT FIRST_NAME , SALARY , SALARY / 30 daily salary FROM EMPLOYEES;
SELECT FIRST_NAME , SALARY , SALARY / 30 daily salary FROM EMPLOYEES
                                               *
ERROR at line 1:
ORA-00923: FROM keyword not found where expected 


SQL> SELECT FIRST_NAME , SALARY , SALARY / 30 "daily salary" FROM EMPLOYEES;

FIRST_NAME     SALARY daily salary                                                                                                                                                                      
---------- ---------- ------------                                                                                                                                                                      
Steven          24000          800                                                                                                                                                                      
Neena           17000   566.666667                                                                                                                                                                      
Lex             17000   566.666667                                                                                                                                                                      
Alexander        9000          300                                                                                                                                                                      
Bruce            6000          200                                                                                                                                                                      
Diana            4200          140                                                                                                                                                                      
Kevin            5800   193.333333                                                                                                                                                                      
Trenna           3500   116.666667                                                                                                                                                                      
Curtis           3100   103.333333                                                                                                                                                                      
Randall          2600   86.6666667                                                                                                                                                                      
Peter            2500   83.3333333                                                                                                                                                                      
Eleni           10500          350                                                                                                                                                                      
Ellen           11000   366.666667                                                                                                                                                                      
Jonathon         8600   286.666667                                                                                                                                                                      
Kimerely         7000   233.333333                                                                                                                                                                      
Jennifer         4400   146.666667                                                                                                                                                                      
Michael         13000   433.333333                                                                                                                                                                      
Pat              6000          200                                                                                                                                                                      
Shelley         12000          400                                                                                                                                                                      
William          8300   276.666667                                                                                                                                                                      

20 rows selected.

SQL> SELECT FIRST_NAME , SALARY , SALARY / 30 daily_#$salary FROM EMPLOYEES;

FIRST_NAME     SALARY DAILY_#$SALARY                                                                                                                                                                    
---------- ---------- --------------                                                                                                                                                                    
Steven          24000            800                                                                                                                                                                    
Neena           17000     566.666667                                                                                                                                                                    
Lex             17000     566.666667                                                                                                                                                                    
Alexander        9000            300                                                                                                                                                                    
Bruce            6000            200                                                                                                                                                                    
Diana            4200            140                                                                                                                                                                    
Kevin            5800     193.333333                                                                                                                                                                    
Trenna           3500     116.666667                                                                                                                                                                    
Curtis           3100     103.333333                                                                                                                                                                    
Randall          2600     86.6666667                                                                                                                                                                    
Peter            2500     83.3333333                                                                                                                                                                    
Eleni           10500            350                                                                                                                                                                    
Ellen           11000     366.666667                                                                                                                                                                    
Jonathon         8600     286.666667                                                                                                                                                                    
Kimerely         7000     233.333333                                                                                                                                                                    
Jennifer         4400     146.666667                                                                                                                                                                    
Michael         13000     433.333333                                                                                                                                                                    
Pat              6000            200                                                                                                                                                                    
Shelley         12000            400                                                                                                                                                                    
William          8300     276.666667                                                                                                                                                                    

20 rows selected.

SQL> SELECT FIRST_NAME , SALARY , SALARY / 30 daily_#$^salary FROM EMPLOYEES;
SELECT FIRST_NAME , SALARY , SALARY / 30 daily_#$^salary FROM EMPLOYEES
                                                 *
ERROR at line 1:
ORA-00923: FROM keyword not found where expected 


SQL> SELECT FIRST_NAME , SALARY , SALARY / 30 "daily_#$^salary" FROM EMPLOYEES;

FIRST_NAME     SALARY daily_#$^salary                                                                                                                                                                   
---------- ---------- ---------------                                                                                                                                                                   
Steven          24000             800                                                                                                                                                                   
Neena           17000      566.666667                                                                                                                                                                   
Lex             17000      566.666667                                                                                                                                                                   
Alexander        9000             300                                                                                                                                                                   
Bruce            6000             200                                                                                                                                                                   
Diana            4200             140                                                                                                                                                                   
Kevin            5800      193.333333                                                                                                                                                                   
Trenna           3500      116.666667                                                                                                                                                                   
Curtis           3100      103.333333                                                                                                                                                                   
Randall          2600      86.6666667                                                                                                                                                                   
Peter            2500      83.3333333                                                                                                                                                                   
Eleni           10500             350                                                                                                                                                                   
Ellen           11000      366.666667                                                                                                                                                                   
Jonathon         8600      286.666667                                                                                                                                                                   
Kimerely         7000      233.333333                                                                                                                                                                   
Jennifer         4400      146.666667                                                                                                                                                                   
Michael         13000      433.333333                                                                                                                                                                   
Pat              6000             200                                                                                                                                                                   
Shelley         12000             400                                                                                                                                                                   
William          8300      276.666667                                                                                                                                                                   

20 rows selected.

SQL> SELECT FIRST_NAME , SALARY , SALARY / 30 select FROM EMPLOYEES;
SELECT FIRST_NAME , SALARY , SALARY / 30 select FROM EMPLOYEES
                                         *
ERROR at line 1:
ORA-00923: FROM keyword not found where expected 


SQL> SELECT FIRST_NAME , SALARY , SALARY / 30 "select" FROM EMPLOYEES;

FIRST_NAME     SALARY     select                                                                                                                                                                        
---------- ---------- ----------                                                                                                                                                                        
Steven          24000        800                                                                                                                                                                        
Neena           17000 566.666667                                                                                                                                                                        
Lex             17000 566.666667                                                                                                                                                                        
Alexander        9000        300                                                                                                                                                                        
Bruce            6000        200                                                                                                                                                                        
Diana            4200        140                                                                                                                                                                        
Kevin            5800 193.333333                                                                                                                                                                        
Trenna           3500 116.666667                                                                                                                                                                        
Curtis           3100 103.333333                                                                                                                                                                        
Randall          2600 86.6666667                                                                                                                                                                        
Peter            2500 83.3333333                                                                                                                                                                        
Eleni           10500        350                                                                                                                                                                        
Ellen           11000 366.666667                                                                                                                                                                        
Jonathon         8600 286.666667                                                                                                                                                                        
Kimerely         7000 233.333333                                                                                                                                                                        
Jennifer         4400 146.666667                                                                                                                                                                        
Michael         13000 433.333333                                                                                                                                                                        
Pat              6000        200                                                                                                                                                                        
Shelley         12000        400                                                                                                                                                                        
William          8300 276.666667                                                                                                                                                                        

20 rows selected.

SQL> REM DOUBLE QUOTES ARE REQUIRED IN BELOW 4 CASES WHILE WRITING COLUMN ALIAS
SQL> 
SQL> REM 1 WHEN WE WANT TO DISPLAY CASE SENSITIVE COLUMN ALIAS
SQL> 
SQL> REM 2 WHEN WE WANT TO DISPLAY MULTIPLE WORDS AS COLUMN ALIAS
SQL> 
SQL> REM 3 WHEN WE WANT TO USE SOME SPECIAL CHARACTERS OTHER THAN _ # $
SQL> 
SQL> REM 4 WHEN WE WANT TO USE ORACLE/SQL KEY/RESERVE WORD AS COLUMN ALIAS
SQL> 
SQL> 
SQL> REM CONCATENATION OPERATOR : ||
SQL> 
SQL> REM CONCATENATION OPERATOR : || : TO MERGE/JOIN/CLUB TWO ITEMS
SQL> 
SQL> SELECT FIRST_NAME , LAST_NAME FROM EMPLOYEES;

FIRST_NAME LAST_NAME                                                                                                                                                                                    
---------- ----------                                                                                                                                                                                   
Steven     King                                                                                                                                                                                         
Neena      Kochhar                                                                                                                                                                                      
Lex        De Haan                                                                                                                                                                                      
Alexander  Hunold                                                                                                                                                                                       
Bruce      Ernst                                                                                                                                                                                        
Diana      Lorentz                                                                                                                                                                                      
Kevin      Mourgos                                                                                                                                                                                      
Trenna     Rajs                                                                                                                                                                                         
Curtis     Davies                                                                                                                                                                                       
Randall    Matos                                                                                                                                                                                        
Peter      Vargas                                                                                                                                                                                       
Eleni      Zlotkey                                                                                                                                                                                      
Ellen      Abel                                                                                                                                                                                         
Jonathon   Taylor                                                                                                                                                                                       
Kimerely   Grant                                                                                                                                                                                        
Jennifer   Whalen                                                                                                                                                                                       
Michael    Hartstein                                                                                                                                                                                    
Pat        Fay                                                                                                                                                                                          
Shelley    Higgins                                                                                                                                                                                      
William    Gietz                                                                                                                                                                                        

20 rows selected.

SQL> SELECT FIRST_NAME || LAST_NAME FROM EMPLOYEES;

FIRST_NAME||LAST_NAM                                                                                                                                                                                    
--------------------                                                                                                                                                                                    
StevenKing                                                                                                                                                                                              
NeenaKochhar                                                                                                                                                                                            
LexDe Haan                                                                                                                                                                                              
AlexanderHunold                                                                                                                                                                                         
BruceErnst                                                                                                                                                                                              
DianaLorentz                                                                                                                                                                                            
KevinMourgos                                                                                                                                                                                            
TrennaRajs                                                                                                                                                                                              
CurtisDavies                                                                                                                                                                                            
RandallMatos                                                                                                                                                                                            
PeterVargas                                                                                                                                                                                             
EleniZlotkey                                                                                                                                                                                            
EllenAbel                                                                                                                                                                                               
JonathonTaylor                                                                                                                                                                                          
KimerelyGrant                                                                                                                                                                                           
JenniferWhalen                                                                                                                                                                                          
MichaelHartstein                                                                                                                                                                                        
PatFay                                                                                                                                                                                                  
ShelleyHiggins                                                                                                                                                                                          
WilliamGietz                                                                                                                                                                                            

20 rows selected.

SQL> SELECT FIRST_NAME || SALARY || HIRE_DATE FROM EMPLOYEES;

FIRST_NAME||SALARY||HIRE_DATE                                                                                                                                                                           
--------------------------------------------------------------------                                                                                                                                    
Steven2400017-JUL-87                                                                                                                                                                                    
Neena1700021-SEP-89                                                                                                                                                                                     
Lex1700013-JAN-93                                                                                                                                                                                       
Alexander900003-JAN-90                                                                                                                                                                                  
Bruce600021-MAY-91                                                                                                                                                                                      
Diana420007-FEB-99                                                                                                                                                                                      
Kevin580016-NOV-99                                                                                                                                                                                      
Trenna350017-OCT-95                                                                                                                                                                                     
Curtis310029-JAN-97                                                                                                                                                                                     
Randall260015-MAR-98                                                                                                                                                                                    
Peter250009-JUL-98                                                                                                                                                                                      
Eleni1050029-JAN-00                                                                                                                                                                                     
Ellen1100011-MAY-96                                                                                                                                                                                     
Jonathon860024-MAR-98                                                                                                                                                                                   
Kimerely700024-MAY-99                                                                                                                                                                                   
Jennifer440017-SEP-87                                                                                                                                                                                   
Michael1300017-FEB-96                                                                                                                                                                                   
Pat600017-AUG-97                                                                                                                                                                                        
Shelley1200007-JUN-94                                                                                                                                                                                   
William830007-JUN-94                                                                                                                                                                                    

20 rows selected.

SQL> SELECT FIRST_NAME || ' ' || LAST_NAME FROM EMPLOYEES;

FIRST_NAME||''||LAST_                                                                                                                                                                                   
---------------------                                                                                                                                                                                   
Steven King                                                                                                                                                                                             
Neena Kochhar                                                                                                                                                                                           
Lex De Haan                                                                                                                                                                                             
Alexander Hunold                                                                                                                                                                                        
Bruce Ernst                                                                                                                                                                                             
Diana Lorentz                                                                                                                                                                                           
Kevin Mourgos                                                                                                                                                                                           
Trenna Rajs                                                                                                                                                                                             
Curtis Davies                                                                                                                                                                                           
Randall Matos                                                                                                                                                                                           
Peter Vargas                                                                                                                                                                                            
Eleni Zlotkey                                                                                                                                                                                           
Ellen Abel                                                                                                                                                                                              
Jonathon Taylor                                                                                                                                                                                         
Kimerely Grant                                                                                                                                                                                          
Jennifer Whalen                                                                                                                                                                                         
Michael Hartstein                                                                                                                                                                                       
Pat Fay                                                                                                                                                                                                 
Shelley Higgins                                                                                                                                                                                         
William Gietz                                                                                                                                                                                           

20 rows selected.

SQL> SELECT FIRST_NAME || ' ' || LAST_NAME FULLNAME FROM EMPLOYEES;

FULLNAME                                                                                                                                                                                                
---------------------                                                                                                                                                                                   
Steven King                                                                                                                                                                                             
Neena Kochhar                                                                                                                                                                                           
Lex De Haan                                                                                                                                                                                             
Alexander Hunold                                                                                                                                                                                        
Bruce Ernst                                                                                                                                                                                             
Diana Lorentz                                                                                                                                                                                           
Kevin Mourgos                                                                                                                                                                                           
Trenna Rajs                                                                                                                                                                                             
Curtis Davies                                                                                                                                                                                           
Randall Matos                                                                                                                                                                                           
Peter Vargas                                                                                                                                                                                            
Eleni Zlotkey                                                                                                                                                                                           
Ellen Abel                                                                                                                                                                                              
Jonathon Taylor                                                                                                                                                                                         
Kimerely Grant                                                                                                                                                                                          
Jennifer Whalen                                                                                                                                                                                         
Michael Hartstein                                                                                                                                                                                       
Pat Fay                                                                                                                                                                                                 
Shelley Higgins                                                                                                                                                                                         
William Gietz                                                                                                                                                                                           

20 rows selected.

SQL> SELECT FIRST_NAME || ' ' || LAST_NAME "FULL NAME" FROM EMPLOYEES;

FULL NAME                                                                                                                                                                                               
---------------------                                                                                                                                                                                   
Steven King                                                                                                                                                                                             
Neena Kochhar                                                                                                                                                                                           
Lex De Haan                                                                                                                                                                                             
Alexander Hunold                                                                                                                                                                                        
Bruce Ernst                                                                                                                                                                                             
Diana Lorentz                                                                                                                                                                                           
Kevin Mourgos                                                                                                                                                                                           
Trenna Rajs                                                                                                                                                                                             
Curtis Davies                                                                                                                                                                                           
Randall Matos                                                                                                                                                                                           
Peter Vargas                                                                                                                                                                                            
Eleni Zlotkey                                                                                                                                                                                           
Ellen Abel                                                                                                                                                                                              
Jonathon Taylor                                                                                                                                                                                         
Kimerely Grant                                                                                                                                                                                          
Jennifer Whalen                                                                                                                                                                                         
Michael Hartstein                                                                                                                                                                                       
Pat Fay                                                                                                                                                                                                 
Shelley Higgins                                                                                                                                                                                         
William Gietz                                                                                                                                                                                           

20 rows selected.

SQL> SELECT FIRST_NAME || " " || LAST_NAME "FULL NAME" FROM EMPLOYEES;
SELECT FIRST_NAME || " " || LAST_NAME "FULL NAME" FROM EMPLOYEES
                     *
ERROR at line 1:
ORA-00904: " ": invalid identifier 


SQL> SELECT FIRST_NAME || ' ' || LAST_NAME 'FULL NAME' FROM EMPLOYEES;
SELECT FIRST_NAME || ' ' || LAST_NAME 'FULL NAME' FROM EMPLOYEES
                                      *
ERROR at line 1:
ORA-00923: FROM keyword not found where expected 


SQL> SELECT FIRST_NAME || '-' || LAST_NAME "FULL NAME" FROM EMPLOYEES;

FULL NAME                                                                                                                                                                                               
---------------------                                                                                                                                                                                   
Steven-King                                                                                                                                                                                             
Neena-Kochhar                                                                                                                                                                                           
Lex-De Haan                                                                                                                                                                                             
Alexander-Hunold                                                                                                                                                                                        
Bruce-Ernst                                                                                                                                                                                             
Diana-Lorentz                                                                                                                                                                                           
Kevin-Mourgos                                                                                                                                                                                           
Trenna-Rajs                                                                                                                                                                                             
Curtis-Davies                                                                                                                                                                                           
Randall-Matos                                                                                                                                                                                           
Peter-Vargas                                                                                                                                                                                            
Eleni-Zlotkey                                                                                                                                                                                           
Ellen-Abel                                                                                                                                                                                              
Jonathon-Taylor                                                                                                                                                                                         
Kimerely-Grant                                                                                                                                                                                          
Jennifer-Whalen                                                                                                                                                                                         
Michael-Hartstein                                                                                                                                                                                       
Pat-Fay                                                                                                                                                                                                 
Shelley-Higgins                                                                                                                                                                                         
William-Gietz                                                                                                                                                                                           

20 rows selected.

SQL> SELECT FIRST_NAME || ',' || LAST_NAME "FULL NAME" FROM EMPLOYEES;

FULL NAME                                                                                                                                                                                               
---------------------                                                                                                                                                                                   
Steven,King                                                                                                                                                                                             
Neena,Kochhar                                                                                                                                                                                           
Lex,De Haan                                                                                                                                                                                             
Alexander,Hunold                                                                                                                                                                                        
Bruce,Ernst                                                                                                                                                                                             
Diana,Lorentz                                                                                                                                                                                           
Kevin,Mourgos                                                                                                                                                                                           
Trenna,Rajs                                                                                                                                                                                             
Curtis,Davies                                                                                                                                                                                           
Randall,Matos                                                                                                                                                                                           
Peter,Vargas                                                                                                                                                                                            
Eleni,Zlotkey                                                                                                                                                                                           
Ellen,Abel                                                                                                                                                                                              
Jonathon,Taylor                                                                                                                                                                                         
Kimerely,Grant                                                                                                                                                                                          
Jennifer,Whalen                                                                                                                                                                                         
Michael,Hartstein                                                                                                                                                                                       
Pat,Fay                                                                                                                                                                                                 
Shelley,Higgins                                                                                                                                                                                         
William,Gietz                                                                                                                                                                                           

20 rows selected.

SQL> SELECT FIRST_NAME , JOB_ID FROM EMPLOYEES;

FIRST_NAME JOB_ID                                                                                                                                                                                       
---------- ----------                                                                                                                                                                                   
Steven     AD_PRES                                                                                                                                                                                      
Neena      AD_VP                                                                                                                                                                                        
Lex        AD_VP                                                                                                                                                                                        
Alexander  IT_PROG                                                                                                                                                                                      
Bruce      IT_PROG                                                                                                                                                                                      
Diana      IT_PROG                                                                                                                                                                                      
Kevin      ST_MAN                                                                                                                                                                                       
Trenna     ST_CLERK                                                                                                                                                                                     
Curtis     ST_CLERK                                                                                                                                                                                     
Randall    ST_CLERK                                                                                                                                                                                     
Peter      ST_CLERK                                                                                                                                                                                     
Eleni      SA_MAN                                                                                                                                                                                       
Ellen      SA_REP                                                                                                                                                                                       
Jonathon   SA_REP                                                                                                                                                                                       
Kimerely   SA_REP                                                                                                                                                                                       
Jennifer   AD_ASST                                                                                                                                                                                      
Michael    MK_MAN                                                                                                                                                                                       
Pat        MK_REP                                                                                                                                                                                       
Shelley    AC_MGR                                                                                                                                                                                       
William    AC_ACCOUNT                                                                                                                                                                                   

20 rows selected.

SQL> REM Steven works as AD_PRES.
SQL> REM Neena works as AD_VP.
SQL> 
SQL> REM William works as AC_ACCOUNT.
SQL> 
SQL> SELECT FIRST_NAME || ' works as ' || JOB_ID || '.' FROM EMPLOYEES;

FIRST_NAME||'WORKSAS'||JOB_ID||                                                                                                                                                                         
-------------------------------                                                                                                                                                                         
Steven works as AD_PRES.                                                                                                                                                                                
Neena works as AD_VP.                                                                                                                                                                                   
Lex works as AD_VP.                                                                                                                                                                                     
Alexander works as IT_PROG.                                                                                                                                                                             
Bruce works as IT_PROG.                                                                                                                                                                                 
Diana works as IT_PROG.                                                                                                                                                                                 
Kevin works as ST_MAN.                                                                                                                                                                                  
Trenna works as ST_CLERK.                                                                                                                                                                               
Curtis works as ST_CLERK.                                                                                                                                                                               
Randall works as ST_CLERK.                                                                                                                                                                              
Peter works as ST_CLERK.                                                                                                                                                                                
Eleni works as SA_MAN.                                                                                                                                                                                  
Ellen works as SA_REP.                                                                                                                                                                                  
Jonathon works as SA_REP.                                                                                                                                                                               
Kimerely works as SA_REP.                                                                                                                                                                               
Jennifer works as AD_ASST.                                                                                                                                                                              
Michael works as MK_MAN.                                                                                                                                                                                
Pat works as MK_REP.                                                                                                                                                                                    
Shelley works as AC_MGR.                                                                                                                                                                                
William works as AC_ACCOUNT.                                                                                                                                                                            

20 rows selected.

SQL> SELECT FIRST_NAME || ' works as ' || JOB_ID || '.' "EMPLOYEE INFO." FROM EMPLOYEES;

EMPLOYEE INFO.                                                                                                                                                                                          
-------------------------------                                                                                                                                                                         
Steven works as AD_PRES.                                                                                                                                                                                
Neena works as AD_VP.                                                                                                                                                                                   
Lex works as AD_VP.                                                                                                                                                                                     
Alexander works as IT_PROG.                                                                                                                                                                             
Bruce works as IT_PROG.                                                                                                                                                                                 
Diana works as IT_PROG.                                                                                                                                                                                 
Kevin works as ST_MAN.                                                                                                                                                                                  
Trenna works as ST_CLERK.                                                                                                                                                                               
Curtis works as ST_CLERK.                                                                                                                                                                               
Randall works as ST_CLERK.                                                                                                                                                                              
Peter works as ST_CLERK.                                                                                                                                                                                
Eleni works as SA_MAN.                                                                                                                                                                                  
Ellen works as SA_REP.                                                                                                                                                                                  
Jonathon works as SA_REP.                                                                                                                                                                               
Kimerely works as SA_REP.                                                                                                                                                                               
Jennifer works as AD_ASST.                                                                                                                                                                              
Michael works as MK_MAN.                                                                                                                                                                                
Pat works as MK_REP.                                                                                                                                                                                    
Shelley works as AC_MGR.                                                                                                                                                                                
William works as AC_ACCOUNT.                                                                                                                                                                            

20 rows selected.

SQL> SELECT FIRST_NAME || 'works as' || JOB_ID || '.' "EMPLOYEE INFO." FROM EMPLOYEES;

EMPLOYEE INFO.                                                                                                                                                                                          
-----------------------------                                                                                                                                                                           
Stevenworks asAD_PRES.                                                                                                                                                                                  
Neenaworks asAD_VP.                                                                                                                                                                                     
Lexworks asAD_VP.                                                                                                                                                                                       
Alexanderworks asIT_PROG.                                                                                                                                                                               
Bruceworks asIT_PROG.                                                                                                                                                                                   
Dianaworks asIT_PROG.                                                                                                                                                                                   
Kevinworks asST_MAN.                                                                                                                                                                                    
Trennaworks asST_CLERK.                                                                                                                                                                                 
Curtisworks asST_CLERK.                                                                                                                                                                                 
Randallworks asST_CLERK.                                                                                                                                                                                
Peterworks asST_CLERK.                                                                                                                                                                                  
Eleniworks asSA_MAN.                                                                                                                                                                                    
Ellenworks asSA_REP.                                                                                                                                                                                    
Jonathonworks asSA_REP.                                                                                                                                                                                 
Kimerelyworks asSA_REP.                                                                                                                                                                                 
Jenniferworks asAD_ASST.                                                                                                                                                                                
Michaelworks asMK_MAN.                                                                                                                                                                                  
Patworks asMK_REP.                                                                                                                                                                                      
Shelleyworks asAC_MGR.                                                                                                                                                                                  
Williamworks asAC_ACCOUNT.                                                                                                                                                                              

20 rows selected.

SQL> SELECT * FROM EMPLOYEES;

EMPLOYEE_ID FIRST_NAME LAST_NAME  EMAIL      PHONE_NUMBER         HIRE_DATE JOB_ID         SALARY COMMISSION_PCT MANAGER_ID DEPARTMENT_ID                                                               
----------- ---------- ---------- ---------- -------------------- --------- ---------- ---------- -------------- ---------- -------------                                                               
        100 Steven     King       SKING      515.123.4567         17-JUL-87 AD_PRES         24000                                      90                                                               
        101 Neena      Kochhar    NKOCHHAR   515.123.4568         21-SEP-89 AD_VP           17000                       100            90                                                               
        102 Lex        De Haan    LDEHAAN    515.123.4569         13-JAN-93 AD_VP           17000                       100            90                                                               
        103 Alexander  Hunold     AHUNOLD    590.423.4567         03-JAN-90 IT_PROG          9000                       102            60                                                               
        104 Bruce      Ernst      BERNST     590.423.4568         21-MAY-91 IT_PROG          6000                       103            60                                                               
        107 Diana      Lorentz    DLORENTZ   590.423.5567         07-FEB-99 IT_PROG          4200                       103            60                                                               
        124 Kevin      Mourgos    KMOURGOS   650.123.5234         16-NOV-99 ST_MAN           5800                       100            50                                                               
        141 Trenna     Rajs       TRAJS      650.121.8009         17-OCT-95 ST_CLERK         3500                       124            50                                                               
        142 Curtis     Davies     CDAVIES    650.121.2994         29-JAN-97 ST_CLERK         3100                       124            50                                                               
        143 Randall    Matos      RMATOS     650.121.2874         15-MAR-98 ST_CLERK         2600                       124            50                                                               
        144 Peter      Vargas     PVARGAS    650.121.2004         09-JUL-98 ST_CLERK         2500                       124            50                                                               
        149 Eleni      Zlotkey    EZLOTKEY   011.44.1344.429018   29-JAN-00 SA_MAN          10500             .2        100            80                                                               
        174 Ellen      Abel       EABEL      011.44.1644.429267   11-MAY-96 SA_REP          11000             .3        149            80                                                               
        176 Jonathon   Taylor     JTAYLOR    011.44.1644.429265   24-MAR-98 SA_REP           8600             .3        149            80                                                               
        178 Kimerely   Grant      KGRANT     011.44.1644.429263   24-MAY-99 SA_REP           7000            .15        149                                                                             
        200 Jennifer   Whalen     JWAHLEN    515.123.4444         17-SEP-87 AD_ASST          4400                       101            10                                                               
        201 Michael    Hartstein  MHARTSTE   515.123.5555         17-FEB-96 MK_MAN          13000                       100            20                                                               
        202 Pat        Fay        PFAY       603.123.6666         17-AUG-97 MK_REP           6000                       201            20                                                               
        205 Shelley    Higgins    SHIGGINS   515.123.8080         07-JUN-94 AC_MGR          12000                       101           110                                                               
        206 William    Gietz      WGIETZ     515.123.8181         07-JUN-94 AC_ACCOUNT       8300                       205           110                                                               

20 rows selected.

SQL> REM Steven works in 90.
SQL> 
SQL> 
SQL> SELECT FIRST_NAME || ' works in ' || DEPARTMENT_ID || '.' "EMPLOYEE INFO." FROM EMPLOYEES;

EMPLOYEE INFO.                                                                                                                                                                                          
-------------------------------------------------------------                                                                                                                                           
Steven works in 90.                                                                                                                                                                                     
Neena works in 90.                                                                                                                                                                                      
Lex works in 90.                                                                                                                                                                                        
Alexander works in 60.                                                                                                                                                                                  
Bruce works in 60.                                                                                                                                                                                      
Diana works in 60.                                                                                                                                                                                      
Kevin works in 50.                                                                                                                                                                                      
Trenna works in 50.                                                                                                                                                                                     
Curtis works in 50.                                                                                                                                                                                     
Randall works in 50.                                                                                                                                                                                    
Peter works in 50.                                                                                                                                                                                      
Eleni works in 80.                                                                                                                                                                                      
Ellen works in 80.                                                                                                                                                                                      
Jonathon works in 80.                                                                                                                                                                                   
Kimerely works in .                                                                                                                                                                                     
Jennifer works in 10.                                                                                                                                                                                   
Michael works in 20.                                                                                                                                                                                    
Pat works in 20.                                                                                                                                                                                        
Shelley works in 110.                                                                                                                                                                                   
William works in 110.                                                                                                                                                                                   

20 rows selected.

SQL> SELECT * FROM EMPLOYEES;

EMPLOYEE_ID FIRST_NAME LAST_NAME  EMAIL      PHONE_NUMBER         HIRE_DATE JOB_ID         SALARY COMMISSION_PCT MANAGER_ID DEPARTMENT_ID                                                               
----------- ---------- ---------- ---------- -------------------- --------- ---------- ---------- -------------- ---------- -------------                                                               
        100 Steven     King       SKING      515.123.4567         17-JUL-87 AD_PRES         24000                                      90                                                               
        101 Neena      Kochhar    NKOCHHAR   515.123.4568         21-SEP-89 AD_VP           17000                       100            90                                                               
        102 Lex        De Haan    LDEHAAN    515.123.4569         13-JAN-93 AD_VP           17000                       100            90                                                               
        103 Alexander  Hunold     AHUNOLD    590.423.4567         03-JAN-90 IT_PROG          9000                       102            60                                                               
        104 Bruce      Ernst      BERNST     590.423.4568         21-MAY-91 IT_PROG          6000                       103            60                                                               
        107 Diana      Lorentz    DLORENTZ   590.423.5567         07-FEB-99 IT_PROG          4200                       103            60                                                               
        124 Kevin      Mourgos    KMOURGOS   650.123.5234         16-NOV-99 ST_MAN           5800                       100            50                                                               
        141 Trenna     Rajs       TRAJS      650.121.8009         17-OCT-95 ST_CLERK         3500                       124            50                                                               
        142 Curtis     Davies     CDAVIES    650.121.2994         29-JAN-97 ST_CLERK         3100                       124            50                                                               
        143 Randall    Matos      RMATOS     650.121.2874         15-MAR-98 ST_CLERK         2600                       124            50                                                               
        144 Peter      Vargas     PVARGAS    650.121.2004         09-JUL-98 ST_CLERK         2500                       124            50                                                               
        149 Eleni      Zlotkey    EZLOTKEY   011.44.1344.429018   29-JAN-00 SA_MAN          10500             .2        100            80                                                               
        174 Ellen      Abel       EABEL      011.44.1644.429267   11-MAY-96 SA_REP          11000             .3        149            80                                                               
        176 Jonathon   Taylor     JTAYLOR    011.44.1644.429265   24-MAR-98 SA_REP           8600             .3        149            80                                                               
        178 Kimerely   Grant      KGRANT     011.44.1644.429263   24-MAY-99 SA_REP           7000            .15        149                                                                             
        200 Jennifer   Whalen     JWAHLEN    515.123.4444         17-SEP-87 AD_ASST          4400                       101            10                                                               
        201 Michael    Hartstein  MHARTSTE   515.123.5555         17-FEB-96 MK_MAN          13000                       100            20                                                               
        202 Pat        Fay        PFAY       603.123.6666         17-AUG-97 MK_REP           6000                       201            20                                                               
        205 Shelley    Higgins    SHIGGINS   515.123.8080         07-JUN-94 AC_MGR          12000                       101           110                                                               
        206 William    Gietz      WGIETZ     515.123.8181         07-JUN-94 AC_ACCOUNT       8300                       205           110                                                               

20 rows selected.

SQL> REM King gets Rs.24000 as monthly salary.
SQL> 
SQL> SELECT LAST_NAME || ' gets Rs.' || SALARY || ' as monthly salary.' "EMPLOYEE INFO." FROM EMPLOYEES;

EMPLOYEE INFO.                                                                                                                                                                                          
------------------------------------------------------------------------------                                                                                                                          
King gets Rs.24000 as monthly salary.                                                                                                                                                                   
Kochhar gets Rs.17000 as monthly salary.                                                                                                                                                                
De Haan gets Rs.17000 as monthly salary.                                                                                                                                                                
Hunold gets Rs.9000 as monthly salary.                                                                                                                                                                  
Ernst gets Rs.6000 as monthly salary.                                                                                                                                                                   
Lorentz gets Rs.4200 as monthly salary.                                                                                                                                                                 
Mourgos gets Rs.5800 as monthly salary.                                                                                                                                                                 
Rajs gets Rs.3500 as monthly salary.                                                                                                                                                                    
Davies gets Rs.3100 as monthly salary.                                                                                                                                                                  
Matos gets Rs.2600 as monthly salary.                                                                                                                                                                   
Vargas gets Rs.2500 as monthly salary.                                                                                                                                                                  
Zlotkey gets Rs.10500 as monthly salary.                                                                                                                                                                
Abel gets Rs.11000 as monthly salary.                                                                                                                                                                   
Taylor gets Rs.8600 as monthly salary.                                                                                                                                                                  
Grant gets Rs.7000 as monthly salary.                                                                                                                                                                   
Whalen gets Rs.4400 as monthly salary.                                                                                                                                                                  
Hartstein gets Rs.13000 as monthly salary.                                                                                                                                                              
Fay gets Rs.6000 as monthly salary.                                                                                                                                                                     
Higgins gets Rs.12000 as monthly salary.                                                                                                                                                                
Gietz gets Rs.8300 as monthly salary.                                                                                                                                                                   

20 rows selected.

SQL> REM PRECEDNCE : ORDER OF EXECUTION
SQL> 
SQL> SELECT POWER(5,2) FROM DUAL;

POWER(5,2)                                                                                                                                                                                              
----------                                                                                                                                                                                              
        25                                                                                                                                                                                              

SQL> SELECT POWER(5,3) FROM DUAL;

POWER(5,3)                                                                                                                                                                                              
----------                                                                                                                                                                                              
       125                                                                                                                                                                                              

SQL> SELECT POWER(25,1/2) FROM DUAL;

POWER(25,1/2)                                                                                                                                                                                           
-------------                                                                                                                                                                                           
            5                                                                                                                                                                                           

SQL> SELECT POWER(125,1/3) FROM DUAL;

POWER(125,1/3)                                                                                                                                                                                          
--------------                                                                                                                                                                                          
             5                                                                                                                                                                                          

SQL> REM DUAL : IS A DUMMY TABLE
SQL> 
SQL> REM DUAL : IS SYSTEM GENERATED TABLE
SQL> 
SQL> REM DUAL IS USED TO DISPLAY INFO. WHICH ARE NOT STORED IN ANY TABLE.
SQL> 
SQL> 
SQL> 
SQL> SELECT 456 * 34 FROM DUAL;

    456*34                                                                                                                                                                                              
----------                                                                                                                                                                                              
     15504                                                                                                                                                                                              

SQL> SELECT 456 * 34 FROM EMPLOYEES;

    456*34                                                                                                                                                                                              
----------                                                                                                                                                                                              
     15504                                                                                                                                                                                              
     15504                                                                                                                                                                                              
     15504                                                                                                                                                                                              
     15504                                                                                                                                                                                              
     15504                                                                                                                                                                                              
     15504                                                                                                                                                                                              
     15504                                                                                                                                                                                              
     15504                                                                                                                                                                                              
     15504                                                                                                                                                                                              
     15504                                                                                                                                                                                              
     15504                                                                                                                                                                                              
     15504                                                                                                                                                                                              
     15504                                                                                                                                                                                              
     15504                                                                                                                                                                                              
     15504                                                                                                                                                                                              
     15504                                                                                                                                                                                              
     15504                                                                                                                                                                                              
     15504                                                                                                                                                                                              
     15504                                                                                                                                                                                              
     15504                                                                                                                                                                                              

20 rows selected.

SQL> SELECT * FROM DUAL;

D                                                                                                                                                                                                       
-                                                                                                                                                                                                       
X                                                                                                                                                                                                       

SQL> REM DUAL TABLE HAS SINGLE COLUMN AND SINGLE ROW.
SQL> 
SQL> SELECT 45 * 5 , 124 / 3 FROM DUAL;

      45*5      124/3                                                                                                                                                                                   
---------- ----------                                                                                                                                                                                   
       225 41.3333333                                                                                                                                                                                   

SQL> REM PRECEDENCE
SQL> 
SQL> REM 1 () BRACKET : (   )   (   ) : LEFT TO RIGHT , (   (   )   ) : NESTED BRACKETS : INNER TO OUTER
SQL> 
SQL> REM 2 POWER FUNCTION
SQL> 
SQL> REM 3 / * (LEFT TO RIGHT IN FORMULA/EXPRESSION)
SQL> 
SQL> REM 4 + - || (LEFT TO RIGHT IN FORMULA/EXPRESSION)
SQL> 
SQL> 
SQL> 
SQL> SELECT 10 + 6 / 2 FROM DUAL;

    10+6/2                                                                                                                                                                                              
----------                                                                                                                                                                                              
        13                                                                                                                                                                                              

SQL> SELECT (10 + 6) / 2 FROM DUAL;

  (10+6)/2                                                                                                                                                                                              
----------                                                                                                                                                                                              
         8                                                                                                                                                                                              

SQL> SELECT (10 + 6) / (5 + 3) FROM DUAL;

(10+6)/(5+3)                                                                                                                                                                                            
------------                                                                                                                                                                                            
           2                                                                                                                                                                                            

SQL> SELECT 'SHUBH MUHURT' || 4.13 * 3 FROM DUAL;

'SHUBHMUHURT'||4.                                                                                                                                                                                       
-----------------                                                                                                                                                                                       
SHUBH MUHURT12.39                                                                                                                                                                                       

SQL> SELECT 'SHUBH MUHURT' || 12 + .39 FROM DUAL;
SELECT 'SHUBH MUHURT' || 12 + .39 FROM DUAL
                       *
ERROR at line 1:
ORA-01722: invalid number 


SQL> SELECT 'SHUBH MUHURT' || (12 + .39) FROM DUAL;

'SHUBHMUHURT'||(1                                                                                                                                                                                       
-----------------                                                                                                                                                                                       
SHUBH MUHURT12.39                                                                                                                                                                                       

SQL> SELECT 'SHUBH MUHURT' || 10  + 2.39 FROM DUAL;
SELECT 'SHUBH MUHURT' || 10  + 2.39 FROM DUAL
                       *
ERROR at line 1:
ORA-01722: invalid number 


SQL> 
SQL> SELECT DISTINCT 456 * 34 FROM EMPLOYEES;

    456*34                                                                                                                                                                                              
----------                                                                                                                                                                                              
     15504                                                                                                                                                                                              

SQL> SELECT UNIQUE 456 * 34 FROM EMPLOYEES;

    456*34                                                                                                                                                                                              
----------                                                                                                                                                                                              
     15504                                                                                                                                                                                              

SQL> SPOOL OFF
