SQL> 
SQL> REM * , PROJECTION , || , / * + - , POWER , PRECEDENCE , DISTINCT/UNIQUE
SQL> 
SQL> REM ROWNUM ROWID TABLEALIAS Q OPERATOR DOUBLE QUOTES IN COLUMN ALIAS
SQL> 
SQL> SET LINES 200 PAGES 24
SQL> 
SQL> SELECT * FROM EMPLOYEES;

EMPLOYEE_ID FIRST_NAME      LAST_NAME       EMAIL      PHONE_NUMBER         HIRE_DATE JOB_ID         SALARY COMMISSION_PCT MANAGER_ID DEPARTMENT_ID                                                     
----------- --------------- --------------- ---------- -------------------- --------- ---------- ---------- -------------- ---------- -------------                                                     
        100 Steven          King            SKING      515.123.4567         17-JUL-87 AD_PRES         24000                                      90                                                     
        101 Neena           Kochhar         NKOCHHAR   515.123.4568         21-SEP-89 AD_VP           17000                       100            90                                                     
        102 Lex             De Haan         LDEHAAN    515.123.4569         13-JAN-93 AD_VP           17000                       100            90                                                     
        103 Alexander       Hunold          AHUNOLD    590.423.4567         03-JAN-90 IT_PROG          9000                       102            60                                                     
        104 Bruce           Ernst           BERNST     590.423.4568         21-MAY-91 IT_PROG          6000                       103            60                                                     
        107 Diana           Lorentz         DLORENTZ   590.423.5567         07-FEB-99 IT_PROG          4200                       103            60                                                     
        124 Kevin           Mourgos         KMOURGOS   650.123.5234         16-NOV-99 ST_MAN           5800                       100            50                                                     
        141 Trenna          Rajs            TRAJS      650.121.8009         17-OCT-95 ST_CLERK         3500                       124            50                                                     
        142 Curtis          Davies          CDAVIES    650.121.2994         29-JAN-97 ST_CLERK         3100                       124            50                                                     
        143 Randall         Matos           RMATOS     650.121.2874         15-MAR-98 ST_CLERK         2600                       124            50                                                     
        144 Peter           Vargas          PVARGAS    650.121.2004         09-JUL-98 ST_CLERK         2500                       124            50                                                     
        149 Eleni           Zlotkey         EZLOTKEY   011.44.1344.429018   29-JAN-00 SA_MAN          10500             .2        100            80                                                     
        174 Ellen           Abel            EABEL      011.44.1644.429267   11-MAY-96 SA_REP          11000             .3        149            80                                                     
        176 Jonathon        Taylor          JTAYLOR    011.44.1644.429265   24-MAR-98 SA_REP           8600             .3        149            80                                                     
        178 Kimerely        Grant           KGRANT     011.44.1644.429263   24-MAY-99 SA_REP           7000            .15        149                                                                   
        200 Jennifer        Whalen          JWHALEN    515.123.4444         17-SEP-87 AD_ASST          4400                       101            10                                                     
        201 Michael         Hartstein       MHARTSTE   515.123.5555         17-FEB-96 MK_MAN          13000                       100            20                                                     
        202 Pat             Fay             PFAY       603.123.6666         17-AUG-97 MK_REP           6000                       201            20                                                     
        205 Shelley         Higgins         SHIGGINS   515.123.8080         07-JUN-94 AC_MGR          12000                       101           110                                                     
        206 William         Gietz           WGIETZ     515.123.8181         07-JUN-94 AC_ACCOUNT       8300                       205           110                                                     

20 rows selected.

SQL> SELECT FIRST_NAME FROM EMPLOYEES;

FIRST_NAME                                                                                                                                                                                              
---------------                                                                                                                                                                                         
Steven                                                                                                                                                                                                  
Neena                                                                                                                                                                                                   
Lex                                                                                                                                                                                                     
Alexander                                                                                                                                                                                               
Bruce                                                                                                                                                                                                   
Diana                                                                                                                                                                                                   
Kevin                                                                                                                                                                                                   
Trenna                                                                                                                                                                                                  
Curtis                                                                                                                                                                                                  
Randall                                                                                                                                                                                                 
Peter                                                                                                                                                                                                   
Eleni                                                                                                                                                                                                   
Ellen                                                                                                                                                                                                   
Jonathon                                                                                                                                                                                                
Kimerely                                                                                                                                                                                                
Jennifer                                                                                                                                                                                                
Michael                                                                                                                                                                                                 
Pat                                                                                                                                                                                                     
Shelley                                                                                                                                                                                                 
William                                                                                                                                                                                                 

20 rows selected.

SQL> SELECT FIRST_NAME , SALARY FROM EMPLOYEES;

FIRST_NAME          SALARY                                                                                                                                                                              
--------------- ----------                                                                                                                                                                              
Steven               24000                                                                                                                                                                              
Neena                17000                                                                                                                                                                              
Lex                  17000                                                                                                                                                                              
Alexander             9000                                                                                                                                                                              
Bruce                 6000                                                                                                                                                                              
Diana                 4200                                                                                                                                                                              
Kevin                 5800                                                                                                                                                                              
Trenna                3500                                                                                                                                                                              
Curtis                3100                                                                                                                                                                              
Randall               2600                                                                                                                                                                              
Peter                 2500                                                                                                                                                                              
Eleni                10500                                                                                                                                                                              
Ellen                11000                                                                                                                                                                              
Jonathon              8600                                                                                                                                                                              
Kimerely              7000                                                                                                                                                                              
Jennifer              4400                                                                                                                                                                              
Michael              13000                                                                                                                                                                              
Pat                   6000                                                                                                                                                                              
Shelley              12000                                                                                                                                                                              
William               8300                                                                                                                                                                              

20 rows selected.

SQL> SELECT ROWNUM , *  FROM EMPLOYEES;
SELECT ROWNUM , *  FROM EMPLOYEES
                *
ERROR at line 1:
ORA-00936: missing expression 


SQL> REM * HAS TWO MEANINGS : 1 WHEN WE USE ONLY * IN SELECT, IT IS USED AS META CHARACTER
SQL> 
SQL> REM 2 WHEN WE USE * WITH OTHER CHARACTERS, IT IS USED AS ARITHMETIC OPERATOR FOR MULTIPLICATION
SQL> 
SQL> SELECT * FROM REGIONS;

 REGION_ID REGION_NAME                                                                                                                                                                                  
---------- -------------------------                                                                                                                                                                    
         1 Europe                                                                                                                                                                                       
         2 Americas                                                                                                                                                                                     
         3 Asia                                                                                                                                                                                         
         4 Middle East and Africa                                                                                                                                                                       

SQL> SELECT FIRST_NAME , SALARY , SALARY * 12 FROM EMPLOYEES;

FIRST_NAME          SALARY  SALARY*12                                                                                                                                                                   
--------------- ---------- ----------                                                                                                                                                                   
Steven               24000     288000                                                                                                                                                                   
Neena                17000     204000                                                                                                                                                                   
Lex                  17000     204000                                                                                                                                                                   
Alexander             9000     108000                                                                                                                                                                   
Bruce                 6000      72000                                                                                                                                                                   
Diana                 4200      50400                                                                                                                                                                   
Kevin                 5800      69600                                                                                                                                                                   
Trenna                3500      42000                                                                                                                                                                   
Curtis                3100      37200                                                                                                                                                                   
Randall               2600      31200                                                                                                                                                                   
Peter                 2500      30000                                                                                                                                                                   
Eleni                10500     126000                                                                                                                                                                   
Ellen                11000     132000                                                                                                                                                                   
Jonathon              8600     103200                                                                                                                                                                   
Kimerely              7000      84000                                                                                                                                                                   
Jennifer              4400      52800                                                                                                                                                                   
Michael              13000     156000                                                                                                                                                                   
Pat                   6000      72000                                                                                                                                                                   
Shelley              12000     144000                                                                                                                                                                   
William               8300      99600                                                                                                                                                                   

20 rows selected.

SQL> SELECT ROWNUM , * FROM EMPLOYEES;
SELECT ROWNUM , * FROM EMPLOYEES
                *
ERROR at line 1:
ORA-00936: missing expression 


SQL> REM WE CAN GUIDE ORACLE TO USE * AS META CHARACTER BY QUALIFYING IT.
SQL> 
SQL> REM WE CAN QUALIFY * IN TWO WAYS : 1 TABLENAME.* 2 TABLEALIAS.*
SQL> 
SQL> SELECT ROWNUM , EMPLOYEES.* FROM EMPLOYEES;

    ROWNUM EMPLOYEE_ID FIRST_NAME      LAST_NAME       EMAIL      PHONE_NUMBER         HIRE_DATE JOB_ID         SALARY COMMISSION_PCT MANAGER_ID DEPARTMENT_ID                                          
---------- ----------- --------------- --------------- ---------- -------------------- --------- ---------- ---------- -------------- ---------- -------------                                          
         1         100 Steven          King            SKING      515.123.4567         17-JUL-87 AD_PRES         24000                                      90                                          
         2         101 Neena           Kochhar         NKOCHHAR   515.123.4568         21-SEP-89 AD_VP           17000                       100            90                                          
         3         102 Lex             De Haan         LDEHAAN    515.123.4569         13-JAN-93 AD_VP           17000                       100            90                                          
         4         103 Alexander       Hunold          AHUNOLD    590.423.4567         03-JAN-90 IT_PROG          9000                       102            60                                          
         5         104 Bruce           Ernst           BERNST     590.423.4568         21-MAY-91 IT_PROG          6000                       103            60                                          
         6         107 Diana           Lorentz         DLORENTZ   590.423.5567         07-FEB-99 IT_PROG          4200                       103            60                                          
         7         124 Kevin           Mourgos         KMOURGOS   650.123.5234         16-NOV-99 ST_MAN           5800                       100            50                                          
         8         141 Trenna          Rajs            TRAJS      650.121.8009         17-OCT-95 ST_CLERK         3500                       124            50                                          
         9         142 Curtis          Davies          CDAVIES    650.121.2994         29-JAN-97 ST_CLERK         3100                       124            50                                          
        10         143 Randall         Matos           RMATOS     650.121.2874         15-MAR-98 ST_CLERK         2600                       124            50                                          
        11         144 Peter           Vargas          PVARGAS    650.121.2004         09-JUL-98 ST_CLERK         2500                       124            50                                          
        12         149 Eleni           Zlotkey         EZLOTKEY   011.44.1344.429018   29-JAN-00 SA_MAN          10500             .2        100            80                                          
        13         174 Ellen           Abel            EABEL      011.44.1644.429267   11-MAY-96 SA_REP          11000             .3        149            80                                          
        14         176 Jonathon        Taylor          JTAYLOR    011.44.1644.429265   24-MAR-98 SA_REP           8600             .3        149            80                                          
        15         178 Kimerely        Grant           KGRANT     011.44.1644.429263   24-MAY-99 SA_REP           7000            .15        149                                                        
        16         200 Jennifer        Whalen          JWHALEN    515.123.4444         17-SEP-87 AD_ASST          4400                       101            10                                          
        17         201 Michael         Hartstein       MHARTSTE   515.123.5555         17-FEB-96 MK_MAN          13000                       100            20                                          
        18         202 Pat             Fay             PFAY       603.123.6666         17-AUG-97 MK_REP           6000                       201            20                                          
        19         205 Shelley         Higgins         SHIGGINS   515.123.8080         07-JUN-94 AC_MGR          12000                       101           110                                          
        20         206 William         Gietz           WGIETZ     515.123.8181         07-JUN-94 AC_ACCOUNT       8300                       205           110                                          

20 rows selected.

SQL> SELECT FIRST_NAME , HIRE_DATE JOINDATE FROM EMPLOYEES;

FIRST_NAME      JOINDATE                                                                                                                                                                                
--------------- ---------                                                                                                                                                                               
Steven          17-JUL-87                                                                                                                                                                               
Neena           21-SEP-89                                                                                                                                                                               
Lex             13-JAN-93                                                                                                                                                                               
Alexander       03-JAN-90                                                                                                                                                                               
Bruce           21-MAY-91                                                                                                                                                                               
Diana           07-FEB-99                                                                                                                                                                               
Kevin           16-NOV-99                                                                                                                                                                               
Trenna          17-OCT-95                                                                                                                                                                               
Curtis          29-JAN-97                                                                                                                                                                               
Randall         15-MAR-98                                                                                                                                                                               
Peter           09-JUL-98                                                                                                                                                                               
Eleni           29-JAN-00                                                                                                                                                                               
Ellen           11-MAY-96                                                                                                                                                                               
Jonathon        24-MAR-98                                                                                                                                                                               
Kimerely        24-MAY-99                                                                                                                                                                               
Jennifer        17-SEP-87                                                                                                                                                                               
Michael         17-FEB-96                                                                                                                                                                               
Pat             17-AUG-97                                                                                                                                                                               
Shelley         07-JUN-94                                                                                                                                                                               
William         07-JUN-94                                                                                                                                                                               

20 rows selected.

SQL> SELECT ROWNUM , E.* FROM EMPLOYEES E;

    ROWNUM EMPLOYEE_ID FIRST_NAME      LAST_NAME       EMAIL      PHONE_NUMBER         HIRE_DATE JOB_ID         SALARY COMMISSION_PCT MANAGER_ID DEPARTMENT_ID                                          
---------- ----------- --------------- --------------- ---------- -------------------- --------- ---------- ---------- -------------- ---------- -------------                                          
         1         100 Steven          King            SKING      515.123.4567         17-JUL-87 AD_PRES         24000                                      90                                          
         2         101 Neena           Kochhar         NKOCHHAR   515.123.4568         21-SEP-89 AD_VP           17000                       100            90                                          
         3         102 Lex             De Haan         LDEHAAN    515.123.4569         13-JAN-93 AD_VP           17000                       100            90                                          
         4         103 Alexander       Hunold          AHUNOLD    590.423.4567         03-JAN-90 IT_PROG          9000                       102            60                                          
         5         104 Bruce           Ernst           BERNST     590.423.4568         21-MAY-91 IT_PROG          6000                       103            60                                          
         6         107 Diana           Lorentz         DLORENTZ   590.423.5567         07-FEB-99 IT_PROG          4200                       103            60                                          
         7         124 Kevin           Mourgos         KMOURGOS   650.123.5234         16-NOV-99 ST_MAN           5800                       100            50                                          
         8         141 Trenna          Rajs            TRAJS      650.121.8009         17-OCT-95 ST_CLERK         3500                       124            50                                          
         9         142 Curtis          Davies          CDAVIES    650.121.2994         29-JAN-97 ST_CLERK         3100                       124            50                                          
        10         143 Randall         Matos           RMATOS     650.121.2874         15-MAR-98 ST_CLERK         2600                       124            50                                          
        11         144 Peter           Vargas          PVARGAS    650.121.2004         09-JUL-98 ST_CLERK         2500                       124            50                                          
        12         149 Eleni           Zlotkey         EZLOTKEY   011.44.1344.429018   29-JAN-00 SA_MAN          10500             .2        100            80                                          
        13         174 Ellen           Abel            EABEL      011.44.1644.429267   11-MAY-96 SA_REP          11000             .3        149            80                                          
        14         176 Jonathon        Taylor          JTAYLOR    011.44.1644.429265   24-MAR-98 SA_REP           8600             .3        149            80                                          
        15         178 Kimerely        Grant           KGRANT     011.44.1644.429263   24-MAY-99 SA_REP           7000            .15        149                                                        
        16         200 Jennifer        Whalen          JWHALEN    515.123.4444         17-SEP-87 AD_ASST          4400                       101            10                                          
        17         201 Michael         Hartstein       MHARTSTE   515.123.5555         17-FEB-96 MK_MAN          13000                       100            20                                          
        18         202 Pat             Fay             PFAY       603.123.6666         17-AUG-97 MK_REP           6000                       201            20                                          
        19         205 Shelley         Higgins         SHIGGINS   515.123.8080         07-JUN-94 AC_MGR          12000                       101           110                                          
        20         206 William         Gietz           WGIETZ     515.123.8181         07-JUN-94 AC_ACCOUNT       8300                       205           110                                          

20 rows selected.

SQL> SELECT ROWNUM , EMPLOYEES.* FROM EMPLOYEES E;
SELECT ROWNUM , EMPLOYEES.* FROM EMPLOYEES E
                          *
ERROR at line 1:
ORA-00904: "EMPLOYEES": invalid identifier 


SQL> REM WHEN WE USE TABLE ALIAS, IT IS COMPULSORY TO QUALIFY * WITH TABLE ALIAS.
SQL> 
SQL> SELECT ROWNUM , P.* FROM EMPLOYEES P;

    ROWNUM EMPLOYEE_ID FIRST_NAME      LAST_NAME       EMAIL      PHONE_NUMBER         HIRE_DATE JOB_ID         SALARY COMMISSION_PCT MANAGER_ID DEPARTMENT_ID                                          
---------- ----------- --------------- --------------- ---------- -------------------- --------- ---------- ---------- -------------- ---------- -------------                                          
         1         100 Steven          King            SKING      515.123.4567         17-JUL-87 AD_PRES         24000                                      90                                          
         2         101 Neena           Kochhar         NKOCHHAR   515.123.4568         21-SEP-89 AD_VP           17000                       100            90                                          
         3         102 Lex             De Haan         LDEHAAN    515.123.4569         13-JAN-93 AD_VP           17000                       100            90                                          
         4         103 Alexander       Hunold          AHUNOLD    590.423.4567         03-JAN-90 IT_PROG          9000                       102            60                                          
         5         104 Bruce           Ernst           BERNST     590.423.4568         21-MAY-91 IT_PROG          6000                       103            60                                          
         6         107 Diana           Lorentz         DLORENTZ   590.423.5567         07-FEB-99 IT_PROG          4200                       103            60                                          
         7         124 Kevin           Mourgos         KMOURGOS   650.123.5234         16-NOV-99 ST_MAN           5800                       100            50                                          
         8         141 Trenna          Rajs            TRAJS      650.121.8009         17-OCT-95 ST_CLERK         3500                       124            50                                          
         9         142 Curtis          Davies          CDAVIES    650.121.2994         29-JAN-97 ST_CLERK         3100                       124            50                                          
        10         143 Randall         Matos           RMATOS     650.121.2874         15-MAR-98 ST_CLERK         2600                       124            50                                          
        11         144 Peter           Vargas          PVARGAS    650.121.2004         09-JUL-98 ST_CLERK         2500                       124            50                                          
        12         149 Eleni           Zlotkey         EZLOTKEY   011.44.1344.429018   29-JAN-00 SA_MAN          10500             .2        100            80                                          
        13         174 Ellen           Abel            EABEL      011.44.1644.429267   11-MAY-96 SA_REP          11000             .3        149            80                                          
        14         176 Jonathon        Taylor          JTAYLOR    011.44.1644.429265   24-MAR-98 SA_REP           8600             .3        149            80                                          
        15         178 Kimerely        Grant           KGRANT     011.44.1644.429263   24-MAY-99 SA_REP           7000            .15        149                                                        
        16         200 Jennifer        Whalen          JWHALEN    515.123.4444         17-SEP-87 AD_ASST          4400                       101            10                                          
        17         201 Michael         Hartstein       MHARTSTE   515.123.5555         17-FEB-96 MK_MAN          13000                       100            20                                          
        18         202 Pat             Fay             PFAY       603.123.6666         17-AUG-97 MK_REP           6000                       201            20                                          
        19         205 Shelley         Higgins         SHIGGINS   515.123.8080         07-JUN-94 AC_MGR          12000                       101           110                                          
        20         206 William         Gietz           WGIETZ     515.123.8181         07-JUN-94 AC_ACCOUNT       8300                       205           110                                          

20 rows selected.

SQL> SELECT ROWNUM , SYZ.* FROM EMPLOYEES XYZ;
SELECT ROWNUM , SYZ.* FROM EMPLOYEES XYZ
                    *
ERROR at line 1:
ORA-00904: "SYZ": invalid identifier 


SQL> SELECT ROWNUM , XYZ.* FROM EMPLOYEES XYZ;

    ROWNUM EMPLOYEE_ID FIRST_NAME      LAST_NAME       EMAIL      PHONE_NUMBER         HIRE_DATE JOB_ID         SALARY COMMISSION_PCT MANAGER_ID DEPARTMENT_ID                                          
---------- ----------- --------------- --------------- ---------- -------------------- --------- ---------- ---------- -------------- ---------- -------------                                          
         1         100 Steven          King            SKING      515.123.4567         17-JUL-87 AD_PRES         24000                                      90                                          
         2         101 Neena           Kochhar         NKOCHHAR   515.123.4568         21-SEP-89 AD_VP           17000                       100            90                                          
         3         102 Lex             De Haan         LDEHAAN    515.123.4569         13-JAN-93 AD_VP           17000                       100            90                                          
         4         103 Alexander       Hunold          AHUNOLD    590.423.4567         03-JAN-90 IT_PROG          9000                       102            60                                          
         5         104 Bruce           Ernst           BERNST     590.423.4568         21-MAY-91 IT_PROG          6000                       103            60                                          
         6         107 Diana           Lorentz         DLORENTZ   590.423.5567         07-FEB-99 IT_PROG          4200                       103            60                                          
         7         124 Kevin           Mourgos         KMOURGOS   650.123.5234         16-NOV-99 ST_MAN           5800                       100            50                                          
         8         141 Trenna          Rajs            TRAJS      650.121.8009         17-OCT-95 ST_CLERK         3500                       124            50                                          
         9         142 Curtis          Davies          CDAVIES    650.121.2994         29-JAN-97 ST_CLERK         3100                       124            50                                          
        10         143 Randall         Matos           RMATOS     650.121.2874         15-MAR-98 ST_CLERK         2600                       124            50                                          
        11         144 Peter           Vargas          PVARGAS    650.121.2004         09-JUL-98 ST_CLERK         2500                       124            50                                          
        12         149 Eleni           Zlotkey         EZLOTKEY   011.44.1344.429018   29-JAN-00 SA_MAN          10500             .2        100            80                                          
        13         174 Ellen           Abel            EABEL      011.44.1644.429267   11-MAY-96 SA_REP          11000             .3        149            80                                          
        14         176 Jonathon        Taylor          JTAYLOR    011.44.1644.429265   24-MAR-98 SA_REP           8600             .3        149            80                                          
        15         178 Kimerely        Grant           KGRANT     011.44.1644.429263   24-MAY-99 SA_REP           7000            .15        149                                                        
        16         200 Jennifer        Whalen          JWHALEN    515.123.4444         17-SEP-87 AD_ASST          4400                       101            10                                          
        17         201 Michael         Hartstein       MHARTSTE   515.123.5555         17-FEB-96 MK_MAN          13000                       100            20                                          
        18         202 Pat             Fay             PFAY       603.123.6666         17-AUG-97 MK_REP           6000                       201            20                                          
        19         205 Shelley         Higgins         SHIGGINS   515.123.8080         07-JUN-94 AC_MGR          12000                       101           110                                          
        20         206 William         Gietz           WGIETZ     515.123.8181         07-JUN-94 AC_ACCOUNT       8300                       205           110                                          

20 rows selected.

SQL> REM ROWNUM : IS USED TO GENERATE SERIAL NUMBER
SQL> 
SQL> REM ROWID : IS UNIQUE ROW ADDRESS OF EACH ROW
SQL> 
SQL> SELECT ROWID , XYZ.* FROM EMPLOYEES XYZ;

ROWID              EMPLOYEE_ID FIRST_NAME      LAST_NAME       EMAIL      PHONE_NUMBER         HIRE_DATE JOB_ID         SALARY COMMISSION_PCT MANAGER_ID DEPARTMENT_ID                                  
------------------ ----------- --------------- --------------- ---------- -------------------- --------- ---------- ---------- -------------- ---------- -------------                                  
AAAeCSAAHAAAA2XAAA         100 Steven          King            SKING      515.123.4567         17-JUL-87 AD_PRES         24000                                      90                                  
AAAeCSAAHAAAA2XAAB         101 Neena           Kochhar         NKOCHHAR   515.123.4568         21-SEP-89 AD_VP           17000                       100            90                                  
AAAeCSAAHAAAA2XAAC         102 Lex             De Haan         LDEHAAN    515.123.4569         13-JAN-93 AD_VP           17000                       100            90                                  
AAAeCSAAHAAAA2XAAD         103 Alexander       Hunold          AHUNOLD    590.423.4567         03-JAN-90 IT_PROG          9000                       102            60                                  
AAAeCSAAHAAAA2XAAE         104 Bruce           Ernst           BERNST     590.423.4568         21-MAY-91 IT_PROG          6000                       103            60                                  
AAAeCSAAHAAAA2XAAF         107 Diana           Lorentz         DLORENTZ   590.423.5567         07-FEB-99 IT_PROG          4200                       103            60                                  
AAAeCSAAHAAAA2XAAG         124 Kevin           Mourgos         KMOURGOS   650.123.5234         16-NOV-99 ST_MAN           5800                       100            50                                  
AAAeCSAAHAAAA2XAAH         141 Trenna          Rajs            TRAJS      650.121.8009         17-OCT-95 ST_CLERK         3500                       124            50                                  
AAAeCSAAHAAAA2XAAI         142 Curtis          Davies          CDAVIES    650.121.2994         29-JAN-97 ST_CLERK         3100                       124            50                                  
AAAeCSAAHAAAA2XAAJ         143 Randall         Matos           RMATOS     650.121.2874         15-MAR-98 ST_CLERK         2600                       124            50                                  
AAAeCSAAHAAAA2XAAK         144 Peter           Vargas          PVARGAS    650.121.2004         09-JUL-98 ST_CLERK         2500                       124            50                                  
AAAeCSAAHAAAA2XAAL         149 Eleni           Zlotkey         EZLOTKEY   011.44.1344.429018   29-JAN-00 SA_MAN          10500             .2        100            80                                  
AAAeCSAAHAAAA2XAAM         174 Ellen           Abel            EABEL      011.44.1644.429267   11-MAY-96 SA_REP          11000             .3        149            80                                  
AAAeCSAAHAAAA2XAAN         176 Jonathon        Taylor          JTAYLOR    011.44.1644.429265   24-MAR-98 SA_REP           8600             .3        149            80                                  
AAAeCSAAHAAAA2XAAO         178 Kimerely        Grant           KGRANT     011.44.1644.429263   24-MAY-99 SA_REP           7000            .15        149                                                
AAAeCSAAHAAAA2XAAP         200 Jennifer        Whalen          JWHALEN    515.123.4444         17-SEP-87 AD_ASST          4400                       101            10                                  
AAAeCSAAHAAAA2XAAQ         201 Michael         Hartstein       MHARTSTE   515.123.5555         17-FEB-96 MK_MAN          13000                       100            20                                  
AAAeCSAAHAAAA2XAAR         202 Pat             Fay             PFAY       603.123.6666         17-AUG-97 MK_REP           6000                       201            20                                  
AAAeCSAAHAAAA2XAAS         205 Shelley         Higgins         SHIGGINS   515.123.8080         07-JUN-94 AC_MGR          12000                       101           110                                  
AAAeCSAAHAAAA2XAAT         206 William         Gietz           WGIETZ     515.123.8181         07-JUN-94 AC_ACCOUNT       8300                       205           110                                  

20 rows selected.

SQL> REM DISPLAY ALL DATA AND YEARLY SALARY FOR EMPLOYEES
SQL> 
SQL> SELECT * , SALARY * 12 YEARLY_SALARY FROM EMPLOYEES;
SELECT * , SALARY * 12 YEARLY_SALARY FROM EMPLOYEES
         *
ERROR at line 1:
ORA-00923: FROM keyword not found where expected 


SQL> SELECT EMPLOYEES.* , SALARY * 12 YEARLY_SALARY FROM EMPLOYEES;

EMPLOYEE_ID FIRST_NAME      LAST_NAME       EMAIL      PHONE_NUMBER         HIRE_DATE JOB_ID         SALARY COMMISSION_PCT MANAGER_ID DEPARTMENT_ID YEARLY_SALARY                                       
----------- --------------- --------------- ---------- -------------------- --------- ---------- ---------- -------------- ---------- ------------- -------------                                       
        100 Steven          King            SKING      515.123.4567         17-JUL-87 AD_PRES         24000                                      90        288000                                       
        101 Neena           Kochhar         NKOCHHAR   515.123.4568         21-SEP-89 AD_VP           17000                       100            90        204000                                       
        102 Lex             De Haan         LDEHAAN    515.123.4569         13-JAN-93 AD_VP           17000                       100            90        204000                                       
        103 Alexander       Hunold          AHUNOLD    590.423.4567         03-JAN-90 IT_PROG          9000                       102            60        108000                                       
        104 Bruce           Ernst           BERNST     590.423.4568         21-MAY-91 IT_PROG          6000                       103            60         72000                                       
        107 Diana           Lorentz         DLORENTZ   590.423.5567         07-FEB-99 IT_PROG          4200                       103            60         50400                                       
        124 Kevin           Mourgos         KMOURGOS   650.123.5234         16-NOV-99 ST_MAN           5800                       100            50         69600                                       
        141 Trenna          Rajs            TRAJS      650.121.8009         17-OCT-95 ST_CLERK         3500                       124            50         42000                                       
        142 Curtis          Davies          CDAVIES    650.121.2994         29-JAN-97 ST_CLERK         3100                       124            50         37200                                       
        143 Randall         Matos           RMATOS     650.121.2874         15-MAR-98 ST_CLERK         2600                       124            50         31200                                       
        144 Peter           Vargas          PVARGAS    650.121.2004         09-JUL-98 ST_CLERK         2500                       124            50         30000                                       
        149 Eleni           Zlotkey         EZLOTKEY   011.44.1344.429018   29-JAN-00 SA_MAN          10500             .2        100            80        126000                                       
        174 Ellen           Abel            EABEL      011.44.1644.429267   11-MAY-96 SA_REP          11000             .3        149            80        132000                                       
        176 Jonathon        Taylor          JTAYLOR    011.44.1644.429265   24-MAR-98 SA_REP           8600             .3        149            80        103200                                       
        178 Kimerely        Grant           KGRANT     011.44.1644.429263   24-MAY-99 SA_REP           7000            .15        149                       84000                                       
        200 Jennifer        Whalen          JWHALEN    515.123.4444         17-SEP-87 AD_ASST          4400                       101            10         52800                                       
        201 Michael         Hartstein       MHARTSTE   515.123.5555         17-FEB-96 MK_MAN          13000                       100            20        156000                                       
        202 Pat             Fay             PFAY       603.123.6666         17-AUG-97 MK_REP           6000                       201            20         72000                                       
        205 Shelley         Higgins         SHIGGINS   515.123.8080         07-JUN-94 AC_MGR          12000                       101           110        144000                                       
        206 William         Gietz           WGIETZ     515.123.8181         07-JUN-94 AC_ACCOUNT       8300                       205           110         99600                                       

20 rows selected.

SQL> SELECT E.* , SALARY * 12 YEARLY_SALARY FROM EMPLOYEES E;

EMPLOYEE_ID FIRST_NAME      LAST_NAME       EMAIL      PHONE_NUMBER         HIRE_DATE JOB_ID         SALARY COMMISSION_PCT MANAGER_ID DEPARTMENT_ID YEARLY_SALARY                                       
----------- --------------- --------------- ---------- -------------------- --------- ---------- ---------- -------------- ---------- ------------- -------------                                       
        100 Steven          King            SKING      515.123.4567         17-JUL-87 AD_PRES         24000                                      90        288000                                       
        101 Neena           Kochhar         NKOCHHAR   515.123.4568         21-SEP-89 AD_VP           17000                       100            90        204000                                       
        102 Lex             De Haan         LDEHAAN    515.123.4569         13-JAN-93 AD_VP           17000                       100            90        204000                                       
        103 Alexander       Hunold          AHUNOLD    590.423.4567         03-JAN-90 IT_PROG          9000                       102            60        108000                                       
        104 Bruce           Ernst           BERNST     590.423.4568         21-MAY-91 IT_PROG          6000                       103            60         72000                                       
        107 Diana           Lorentz         DLORENTZ   590.423.5567         07-FEB-99 IT_PROG          4200                       103            60         50400                                       
        124 Kevin           Mourgos         KMOURGOS   650.123.5234         16-NOV-99 ST_MAN           5800                       100            50         69600                                       
        141 Trenna          Rajs            TRAJS      650.121.8009         17-OCT-95 ST_CLERK         3500                       124            50         42000                                       
        142 Curtis          Davies          CDAVIES    650.121.2994         29-JAN-97 ST_CLERK         3100                       124            50         37200                                       
        143 Randall         Matos           RMATOS     650.121.2874         15-MAR-98 ST_CLERK         2600                       124            50         31200                                       
        144 Peter           Vargas          PVARGAS    650.121.2004         09-JUL-98 ST_CLERK         2500                       124            50         30000                                       
        149 Eleni           Zlotkey         EZLOTKEY   011.44.1344.429018   29-JAN-00 SA_MAN          10500             .2        100            80        126000                                       
        174 Ellen           Abel            EABEL      011.44.1644.429267   11-MAY-96 SA_REP          11000             .3        149            80        132000                                       
        176 Jonathon        Taylor          JTAYLOR    011.44.1644.429265   24-MAR-98 SA_REP           8600             .3        149            80        103200                                       
        178 Kimerely        Grant           KGRANT     011.44.1644.429263   24-MAY-99 SA_REP           7000            .15        149                       84000                                       
        200 Jennifer        Whalen          JWHALEN    515.123.4444         17-SEP-87 AD_ASST          4400                       101            10         52800                                       
        201 Michael         Hartstein       MHARTSTE   515.123.5555         17-FEB-96 MK_MAN          13000                       100            20        156000                                       
        202 Pat             Fay             PFAY       603.123.6666         17-AUG-97 MK_REP           6000                       201            20         72000                                       
        205 Shelley         Higgins         SHIGGINS   515.123.8080         07-JUN-94 AC_MGR          12000                       101           110        144000                                       
        206 William         Gietz           WGIETZ     515.123.8181         07-JUN-94 AC_ACCOUNT       8300                       205           110         99600                                       

20 rows selected.

SQL> SELECT SALARY * 12 YEARLY_SALARY , E.* FROM EMPLOYEES E;

YEARLY_SALARY EMPLOYEE_ID FIRST_NAME      LAST_NAME       EMAIL      PHONE_NUMBER         HIRE_DATE JOB_ID         SALARY COMMISSION_PCT MANAGER_ID DEPARTMENT_ID                                       
------------- ----------- --------------- --------------- ---------- -------------------- --------- ---------- ---------- -------------- ---------- -------------                                       
       288000         100 Steven          King            SKING      515.123.4567         17-JUL-87 AD_PRES         24000                                      90                                       
       204000         101 Neena           Kochhar         NKOCHHAR   515.123.4568         21-SEP-89 AD_VP           17000                       100            90                                       
       204000         102 Lex             De Haan         LDEHAAN    515.123.4569         13-JAN-93 AD_VP           17000                       100            90                                       
       108000         103 Alexander       Hunold          AHUNOLD    590.423.4567         03-JAN-90 IT_PROG          9000                       102            60                                       
        72000         104 Bruce           Ernst           BERNST     590.423.4568         21-MAY-91 IT_PROG          6000                       103            60                                       
        50400         107 Diana           Lorentz         DLORENTZ   590.423.5567         07-FEB-99 IT_PROG          4200                       103            60                                       
        69600         124 Kevin           Mourgos         KMOURGOS   650.123.5234         16-NOV-99 ST_MAN           5800                       100            50                                       
        42000         141 Trenna          Rajs            TRAJS      650.121.8009         17-OCT-95 ST_CLERK         3500                       124            50                                       
        37200         142 Curtis          Davies          CDAVIES    650.121.2994         29-JAN-97 ST_CLERK         3100                       124            50                                       
        31200         143 Randall         Matos           RMATOS     650.121.2874         15-MAR-98 ST_CLERK         2600                       124            50                                       
        30000         144 Peter           Vargas          PVARGAS    650.121.2004         09-JUL-98 ST_CLERK         2500                       124            50                                       
       126000         149 Eleni           Zlotkey         EZLOTKEY   011.44.1344.429018   29-JAN-00 SA_MAN          10500             .2        100            80                                       
       132000         174 Ellen           Abel            EABEL      011.44.1644.429267   11-MAY-96 SA_REP          11000             .3        149            80                                       
       103200         176 Jonathon        Taylor          JTAYLOR    011.44.1644.429265   24-MAR-98 SA_REP           8600             .3        149            80                                       
        84000         178 Kimerely        Grant           KGRANT     011.44.1644.429263   24-MAY-99 SA_REP           7000            .15        149                                                     
        52800         200 Jennifer        Whalen          JWHALEN    515.123.4444         17-SEP-87 AD_ASST          4400                       101            10                                       
       156000         201 Michael         Hartstein       MHARTSTE   515.123.5555         17-FEB-96 MK_MAN          13000                       100            20                                       
        72000         202 Pat             Fay             PFAY       603.123.6666         17-AUG-97 MK_REP           6000                       201            20                                       
       144000         205 Shelley         Higgins         SHIGGINS   515.123.8080         07-JUN-94 AC_MGR          12000                       101           110                                       
        99600         206 William         Gietz           WGIETZ     515.123.8181         07-JUN-94 AC_ACCOUNT       8300                       205           110                                       

20 rows selected.

SQL> SELECT FIRST_NAME , LAST_NAME FROM EMPLOYEES;

FIRST_NAME      LAST_NAME                                                                                                                                                                               
--------------- ---------------                                                                                                                                                                         
Steven          King                                                                                                                                                                                    
Neena           Kochhar                                                                                                                                                                                 
Lex             De Haan                                                                                                                                                                                 
Alexander       Hunold                                                                                                                                                                                  
Bruce           Ernst                                                                                                                                                                                   
Diana           Lorentz                                                                                                                                                                                 
Kevin           Mourgos                                                                                                                                                                                 
Trenna          Rajs                                                                                                                                                                                    
Curtis          Davies                                                                                                                                                                                  
Randall         Matos                                                                                                                                                                                   
Peter           Vargas                                                                                                                                                                                  
Eleni           Zlotkey                                                                                                                                                                                 
Ellen           Abel                                                                                                                                                                                    
Jonathon        Taylor                                                                                                                                                                                  
Kimerely        Grant                                                                                                                                                                                   
Jennifer        Whalen                                                                                                                                                                                  
Michael         Hartstein                                                                                                                                                                               
Pat             Fay                                                                                                                                                                                     
Shelley         Higgins                                                                                                                                                                                 
William         Gietz                                                                                                                                                                                   

20 rows selected.

SQL> SELECT LAST_NAME , FIRST_NAME FROM EMPLOYEES;

LAST_NAME       FIRST_NAME                                                                                                                                                                              
--------------- ---------------                                                                                                                                                                         
King            Steven                                                                                                                                                                                  
Kochhar         Neena                                                                                                                                                                                   
De Haan         Lex                                                                                                                                                                                     
Hunold          Alexander                                                                                                                                                                               
Ernst           Bruce                                                                                                                                                                                   
Lorentz         Diana                                                                                                                                                                                   
Mourgos         Kevin                                                                                                                                                                                   
Rajs            Trenna                                                                                                                                                                                  
Davies          Curtis                                                                                                                                                                                  
Matos           Randall                                                                                                                                                                                 
Vargas          Peter                                                                                                                                                                                   
Zlotkey         Eleni                                                                                                                                                                                   
Abel            Ellen                                                                                                                                                                                   
Taylor          Jonathon                                                                                                                                                                                
Grant           Kimerely                                                                                                                                                                                
Whalen          Jennifer                                                                                                                                                                                
Hartstein       Michael                                                                                                                                                                                 
Fay             Pat                                                                                                                                                                                     
Higgins         Shelley                                                                                                                                                                                 
Gietz           William                                                                                                                                                                                 

20 rows selected.

SQL> SELECT * FROM EMPLOYEES;

EMPLOYEE_ID FIRST_NAME      LAST_NAME       EMAIL      PHONE_NUMBER         HIRE_DATE JOB_ID         SALARY COMMISSION_PCT MANAGER_ID DEPARTMENT_ID                                                     
----------- --------------- --------------- ---------- -------------------- --------- ---------- ---------- -------------- ---------- -------------                                                     
        100 Steven          King            SKING      515.123.4567         17-JUL-87 AD_PRES         24000                                      90                                                     
        101 Neena           Kochhar         NKOCHHAR   515.123.4568         21-SEP-89 AD_VP           17000                       100            90                                                     
        102 Lex             De Haan         LDEHAAN    515.123.4569         13-JAN-93 AD_VP           17000                       100            90                                                     
        103 Alexander       Hunold          AHUNOLD    590.423.4567         03-JAN-90 IT_PROG          9000                       102            60                                                     
        104 Bruce           Ernst           BERNST     590.423.4568         21-MAY-91 IT_PROG          6000                       103            60                                                     
        107 Diana           Lorentz         DLORENTZ   590.423.5567         07-FEB-99 IT_PROG          4200                       103            60                                                     
        124 Kevin           Mourgos         KMOURGOS   650.123.5234         16-NOV-99 ST_MAN           5800                       100            50                                                     
        141 Trenna          Rajs            TRAJS      650.121.8009         17-OCT-95 ST_CLERK         3500                       124            50                                                     
        142 Curtis          Davies          CDAVIES    650.121.2994         29-JAN-97 ST_CLERK         3100                       124            50                                                     
        143 Randall         Matos           RMATOS     650.121.2874         15-MAR-98 ST_CLERK         2600                       124            50                                                     
        144 Peter           Vargas          PVARGAS    650.121.2004         09-JUL-98 ST_CLERK         2500                       124            50                                                     
        149 Eleni           Zlotkey         EZLOTKEY   011.44.1344.429018   29-JAN-00 SA_MAN          10500             .2        100            80                                                     
        174 Ellen           Abel            EABEL      011.44.1644.429267   11-MAY-96 SA_REP          11000             .3        149            80                                                     
        176 Jonathon        Taylor          JTAYLOR    011.44.1644.429265   24-MAR-98 SA_REP           8600             .3        149            80                                                     
        178 Kimerely        Grant           KGRANT     011.44.1644.429263   24-MAY-99 SA_REP           7000            .15        149                                                                   
        200 Jennifer        Whalen          JWHALEN    515.123.4444         17-SEP-87 AD_ASST          4400                       101            10                                                     
        201 Michael         Hartstein       MHARTSTE   515.123.5555         17-FEB-96 MK_MAN          13000                       100            20                                                     
        202 Pat             Fay             PFAY       603.123.6666         17-AUG-97 MK_REP           6000                       201            20                                                     
        205 Shelley         Higgins         SHIGGINS   515.123.8080         07-JUN-94 AC_MGR          12000                       101           110                                                     
        206 William         Gietz           WGIETZ     515.123.8181         07-JUN-94 AC_ACCOUNT       8300                       205           110                                                     

20 rows selected.

SQL> REM Steven gets Rs.24000 as monthly salary.
SQL> 
SQL> SELECT FIRST_NAME || ' gets Rs.' || SALARY || ' as monthly salary.' FROM EMPOYEES;
SELECT FIRST_NAME || ' gets Rs.' || SALARY || ' as monthly salary.' FROM EMPOYEES
                                                                         *
ERROR at line 1:
ORA-00942: table or view does not exist 


SQL> SELECT FIRST_NAME || ' gets Rs.' || SALARY || ' as monthly salary.' FROM EMPLOYEES;

FIRST_NAME||'GETSRS.'||SALARY||'ASMONTHLYSALARY.'                                                                                                                                                       
-----------------------------------------------------------------------------------                                                                                                                     
Steven gets Rs.24000 as monthly salary.                                                                                                                                                                 
Neena gets Rs.17000 as monthly salary.                                                                                                                                                                  
Lex gets Rs.17000 as monthly salary.                                                                                                                                                                    
Alexander gets Rs.9000 as monthly salary.                                                                                                                                                               
Bruce gets Rs.6000 as monthly salary.                                                                                                                                                                   
Diana gets Rs.4200 as monthly salary.                                                                                                                                                                   
Kevin gets Rs.5800 as monthly salary.                                                                                                                                                                   
Trenna gets Rs.3500 as monthly salary.                                                                                                                                                                  
Curtis gets Rs.3100 as monthly salary.                                                                                                                                                                  
Randall gets Rs.2600 as monthly salary.                                                                                                                                                                 
Peter gets Rs.2500 as monthly salary.                                                                                                                                                                   
Eleni gets Rs.10500 as monthly salary.                                                                                                                                                                  
Ellen gets Rs.11000 as monthly salary.                                                                                                                                                                  
Jonathon gets Rs.8600 as monthly salary.                                                                                                                                                                
Kimerely gets Rs.7000 as monthly salary.                                                                                                                                                                
Jennifer gets Rs.4400 as monthly salary.                                                                                                                                                                
Michael gets Rs.13000 as monthly salary.                                                                                                                                                                
Pat gets Rs.6000 as monthly salary.                                                                                                                                                                     
Shelley gets Rs.12000 as monthly salary.                                                                                                                                                                
William gets Rs.8300 as monthly salary.                                                                                                                                                                 

20 rows selected.

SQL> REM Steven's monthly salary is Rs.24000/-.
SQL> 
SQL> SELECT FIRST_NAME || 's monthly salary is Rs.' || SALARY || '/-.' FROP EMPLOYEES;
SELECT FIRST_NAME || 's monthly salary is Rs.' || SALARY || '/-.' FROP EMPLOYEES
                                                                       *
ERROR at line 1:
ORA-00923: FROM keyword not found where expected 


SQL> SELECT FIRST_NAME || 's monthly salary is Rs.' || SALARY || '/-.' FROM EMPLOYEES;

FIRST_NAME||'SMONTHLYSALARYISRS.'||SALARY||'/-.'                                                                                                                                                        
---------------------------------------------------------------------------------                                                                                                                       
Stevens monthly salary is Rs.24000/-.                                                                                                                                                                   
Neenas monthly salary is Rs.17000/-.                                                                                                                                                                    
Lexs monthly salary is Rs.17000/-.                                                                                                                                                                      
Alexanders monthly salary is Rs.9000/-.                                                                                                                                                                 
Bruces monthly salary is Rs.6000/-.                                                                                                                                                                     
Dianas monthly salary is Rs.4200/-.                                                                                                                                                                     
Kevins monthly salary is Rs.5800/-.                                                                                                                                                                     
Trennas monthly salary is Rs.3500/-.                                                                                                                                                                    
Curtiss monthly salary is Rs.3100/-.                                                                                                                                                                    
Randalls monthly salary is Rs.2600/-.                                                                                                                                                                   
Peters monthly salary is Rs.2500/-.                                                                                                                                                                     
Elenis monthly salary is Rs.10500/-.                                                                                                                                                                    
Ellens monthly salary is Rs.11000/-.                                                                                                                                                                    
Jonathons monthly salary is Rs.8600/-.                                                                                                                                                                  
Kimerelys monthly salary is Rs.7000/-.                                                                                                                                                                  
Jennifers monthly salary is Rs.4400/-.                                                                                                                                                                  
Michaels monthly salary is Rs.13000/-.                                                                                                                                                                  
Pats monthly salary is Rs.6000/-.                                                                                                                                                                       
Shelleys monthly salary is Rs.12000/-.                                                                                                                                                                  
Williams monthly salary is Rs.8300/-.                                                                                                                                                                   

20 rows selected.

SQL> SELECT FIRST_NAME || ''s monthly salary is Rs.' || SALARY || '/-.' FROM EMPLOYEES;
ERROR:
ORA-01756: quoted string not properly terminated 


SQL> SELECT FIRST_NAME || '''s monthly salary is Rs.' || SALARY || '/-.' FROM EMPLOYEES;

FIRST_NAME||'''SMONTHLYSALARYISRS.'||SALARY||'/-.'                                                                                                                                                      
----------------------------------------------------------------------------------                                                                                                                      
Steven's monthly salary is Rs.24000/-.                                                                                                                                                                  
Neena's monthly salary is Rs.17000/-.                                                                                                                                                                   
Lex's monthly salary is Rs.17000/-.                                                                                                                                                                     
Alexander's monthly salary is Rs.9000/-.                                                                                                                                                                
Bruce's monthly salary is Rs.6000/-.                                                                                                                                                                    
Diana's monthly salary is Rs.4200/-.                                                                                                                                                                    
Kevin's monthly salary is Rs.5800/-.                                                                                                                                                                    
Trenna's monthly salary is Rs.3500/-.                                                                                                                                                                   
Curtis's monthly salary is Rs.3100/-.                                                                                                                                                                   
Randall's monthly salary is Rs.2600/-.                                                                                                                                                                  
Peter's monthly salary is Rs.2500/-.                                                                                                                                                                    
Eleni's monthly salary is Rs.10500/-.                                                                                                                                                                   
Ellen's monthly salary is Rs.11000/-.                                                                                                                                                                   
Jonathon's monthly salary is Rs.8600/-.                                                                                                                                                                 
Kimerely's monthly salary is Rs.7000/-.                                                                                                                                                                 
Jennifer's monthly salary is Rs.4400/-.                                                                                                                                                                 
Michael's monthly salary is Rs.13000/-.                                                                                                                                                                 
Pat's monthly salary is Rs.6000/-.                                                                                                                                                                      
Shelley's monthly salary is Rs.12000/-.                                                                                                                                                                 
William's monthly salary is Rs.8300/-.                                                                                                                                                                  

20 rows selected.

SQL> SELECT * FROM EMPLOYEES;

EMPLOYEE_ID FIRST_NAME      LAST_NAME       EMAIL      PHONE_NUMBER         HIRE_DATE JOB_ID         SALARY COMMISSION_PCT MANAGER_ID DEPARTMENT_ID                                                     
----------- --------------- --------------- ---------- -------------------- --------- ---------- ---------- -------------- ---------- -------------                                                     
        100 Steven          King            SKING      515.123.4567         17-JUL-87 AD_PRES         24000                                      90                                                     
        101 Neena           Kochhar         NKOCHHAR   515.123.4568         21-SEP-89 AD_VP           17000                       100            90                                                     
        102 Lex             De Haan         LDEHAAN    515.123.4569         13-JAN-93 AD_VP           17000                       100            90                                                     
        103 Alexander       Hunold          AHUNOLD    590.423.4567         03-JAN-90 IT_PROG          9000                       102            60                                                     
        104 Bruce           Ernst           BERNST     590.423.4568         21-MAY-91 IT_PROG          6000                       103            60                                                     
        107 Diana           Lorentz         DLORENTZ   590.423.5567         07-FEB-99 IT_PROG          4200                       103            60                                                     
        124 Kevin           Mourgos         KMOURGOS   650.123.5234         16-NOV-99 ST_MAN           5800                       100            50                                                     
        141 Trenna          Rajs            TRAJS      650.121.8009         17-OCT-95 ST_CLERK         3500                       124            50                                                     
        142 Curtis          Davies          CDAVIES    650.121.2994         29-JAN-97 ST_CLERK         3100                       124            50                                                     
        143 Randall         Matos           RMATOS     650.121.2874         15-MAR-98 ST_CLERK         2600                       124            50                                                     
        144 Peter           Vargas          PVARGAS    650.121.2004         09-JUL-98 ST_CLERK         2500                       124            50                                                     
        149 Eleni           Zlotkey         EZLOTKEY   011.44.1344.429018   29-JAN-00 SA_MAN          10500             .2        100            80                                                     
        174 Ellen           Abel            EABEL      011.44.1644.429267   11-MAY-96 SA_REP          11000             .3        149            80                                                     
        176 Jonathon        Taylor          JTAYLOR    011.44.1644.429265   24-MAR-98 SA_REP           8600             .3        149            80                                                     
        178 Kimerely        Grant           KGRANT     011.44.1644.429263   24-MAY-99 SA_REP           7000            .15        149                                                                   
        200 Jennifer        Whalen          JWHALEN    515.123.4444         17-SEP-87 AD_ASST          4400                       101            10                                                     
        201 Michael         Hartstein       MHARTSTE   515.123.5555         17-FEB-96 MK_MAN          13000                       100            20                                                     
        202 Pat             Fay             PFAY       603.123.6666         17-AUG-97 MK_REP           6000                       201            20                                                     
        205 Shelley         Higgins         SHIGGINS   515.123.8080         07-JUN-94 AC_MGR          12000                       101           110                                                     
        206 William         Gietz           WGIETZ     515.123.8181         07-JUN-94 AC_ACCOUNT       8300                       205           110                                                     

20 rows selected.

SQL> REM King's joindate is 17-JUL-87.
SQL> 
SQL> SELECT LAST_NAME || '''s joindate is ' || HIRE_DATE || '.' FROM EMPLOYEES;

LAST_NAME||'''SJOINDATEIS'||HIRE_DATE||'.'                                                                                                                                                              
-------------------------------------------------                                                                                                                                                       
King's joindate is 17-JUL-87.                                                                                                                                                                           
Kochhar's joindate is 21-SEP-89.                                                                                                                                                                        
De Haan's joindate is 13-JAN-93.                                                                                                                                                                        
Hunold's joindate is 03-JAN-90.                                                                                                                                                                         
Ernst's joindate is 21-MAY-91.                                                                                                                                                                          
Lorentz's joindate is 07-FEB-99.                                                                                                                                                                        
Mourgos's joindate is 16-NOV-99.                                                                                                                                                                        
Rajs's joindate is 17-OCT-95.                                                                                                                                                                           
Davies's joindate is 29-JAN-97.                                                                                                                                                                         
Matos's joindate is 15-MAR-98.                                                                                                                                                                          
Vargas's joindate is 09-JUL-98.                                                                                                                                                                         
Zlotkey's joindate is 29-JAN-00.                                                                                                                                                                        
Abel's joindate is 11-MAY-96.                                                                                                                                                                           
Taylor's joindate is 24-MAR-98.                                                                                                                                                                         
Grant's joindate is 24-MAY-99.                                                                                                                                                                          
Whalen's joindate is 17-SEP-87.                                                                                                                                                                         
Hartstein's joindate is 17-FEB-96.                                                                                                                                                                      
Fay's joindate is 17-AUG-97.                                                                                                                                                                            
Higgins's joindate is 07-JUN-94.                                                                                                                                                                        
Gietz's joindate is 07-JUN-94.                                                                                                                                                                          

20 rows selected.

SQL> SELECT ROWNUM || ' ' || LAST_NAME || '''s joindate is ' || HIRE_DATE || '.' FROM EMPLOYEES;

ROWNUM||''||LAST_NAME||'''SJOINDATEIS'||HIRE_DATE||'.'                                                                                                                                                  
------------------------------------------------------------------------------------------                                                                                                              
1 King's joindate is 17-JUL-87.                                                                                                                                                                         
2 Kochhar's joindate is 21-SEP-89.                                                                                                                                                                      
3 De Haan's joindate is 13-JAN-93.                                                                                                                                                                      
4 Hunold's joindate is 03-JAN-90.                                                                                                                                                                       
5 Ernst's joindate is 21-MAY-91.                                                                                                                                                                        
6 Lorentz's joindate is 07-FEB-99.                                                                                                                                                                      
7 Mourgos's joindate is 16-NOV-99.                                                                                                                                                                      
8 Rajs's joindate is 17-OCT-95.                                                                                                                                                                         
9 Davies's joindate is 29-JAN-97.                                                                                                                                                                       
10 Matos's joindate is 15-MAR-98.                                                                                                                                                                       
11 Vargas's joindate is 09-JUL-98.                                                                                                                                                                      
12 Zlotkey's joindate is 29-JAN-00.                                                                                                                                                                     
13 Abel's joindate is 11-MAY-96.                                                                                                                                                                        
14 Taylor's joindate is 24-MAR-98.                                                                                                                                                                      
15 Grant's joindate is 24-MAY-99.                                                                                                                                                                       
16 Whalen's joindate is 17-SEP-87.                                                                                                                                                                      
17 Hartstein's joindate is 17-FEB-96.                                                                                                                                                                   
18 Fay's joindate is 17-AUG-97.                                                                                                                                                                         
19 Higgins's joindate is 07-JUN-94.                                                                                                                                                                     
20 Gietz's joindate is 07-JUN-94.                                                                                                                                                                       

20 rows selected.

SQL> REM Q/QUOTE : Q OPERATOR IS USED TO CHANGE QUOTATION CHARACTER/DELIMITER.
SQL> 
SQL> SELECT LAST_NAME || '''s joindate is ' || HIRE_DATE || '.' FROM EMPLOYEES;

LAST_NAME||'''SJOINDATEIS'||HIRE_DATE||'.'                                                                                                                                                              
-------------------------------------------------                                                                                                                                                       
King's joindate is 17-JUL-87.                                                                                                                                                                           
Kochhar's joindate is 21-SEP-89.                                                                                                                                                                        
De Haan's joindate is 13-JAN-93.                                                                                                                                                                        
Hunold's joindate is 03-JAN-90.                                                                                                                                                                         
Ernst's joindate is 21-MAY-91.                                                                                                                                                                          
Lorentz's joindate is 07-FEB-99.                                                                                                                                                                        
Mourgos's joindate is 16-NOV-99.                                                                                                                                                                        
Rajs's joindate is 17-OCT-95.                                                                                                                                                                           
Davies's joindate is 29-JAN-97.                                                                                                                                                                         
Matos's joindate is 15-MAR-98.                                                                                                                                                                          
Vargas's joindate is 09-JUL-98.                                                                                                                                                                         
Zlotkey's joindate is 29-JAN-00.                                                                                                                                                                        
Abel's joindate is 11-MAY-96.                                                                                                                                                                           
Taylor's joindate is 24-MAR-98.                                                                                                                                                                         
Grant's joindate is 24-MAY-99.                                                                                                                                                                          
Whalen's joindate is 17-SEP-87.                                                                                                                                                                         
Hartstein's joindate is 17-FEB-96.                                                                                                                                                                      
Fay's joindate is 17-AUG-97.                                                                                                                                                                            
Higgins's joindate is 07-JUN-94.                                                                                                                                                                        
Gietz's joindate is 07-JUN-94.                                                                                                                                                                          

20 rows selected.

SQL> SELECT LAST_NAME || Q'"'s joindate is "' || HIRE_DATE || '.' FROM EMPLOYEES;

LAST_NAME||Q'"'SJOINDATEIS"'||HIRE_DATE||'.'                                                                                                                                                            
-------------------------------------------------                                                                                                                                                       
King's joindate is 17-JUL-87.                                                                                                                                                                           
Kochhar's joindate is 21-SEP-89.                                                                                                                                                                        
De Haan's joindate is 13-JAN-93.                                                                                                                                                                        
Hunold's joindate is 03-JAN-90.                                                                                                                                                                         
Ernst's joindate is 21-MAY-91.                                                                                                                                                                          
Lorentz's joindate is 07-FEB-99.                                                                                                                                                                        
Mourgos's joindate is 16-NOV-99.                                                                                                                                                                        
Rajs's joindate is 17-OCT-95.                                                                                                                                                                           
Davies's joindate is 29-JAN-97.                                                                                                                                                                         
Matos's joindate is 15-MAR-98.                                                                                                                                                                          
Vargas's joindate is 09-JUL-98.                                                                                                                                                                         
Zlotkey's joindate is 29-JAN-00.                                                                                                                                                                        
Abel's joindate is 11-MAY-96.                                                                                                                                                                           
Taylor's joindate is 24-MAR-98.                                                                                                                                                                         
Grant's joindate is 24-MAY-99.                                                                                                                                                                          
Whalen's joindate is 17-SEP-87.                                                                                                                                                                         
Hartstein's joindate is 17-FEB-96.                                                                                                                                                                      
Fay's joindate is 17-AUG-97.                                                                                                                                                                            
Higgins's joindate is 07-JUN-94.                                                                                                                                                                        
Gietz's joindate is 07-JUN-94.                                                                                                                                                                          

20 rows selected.

SQL> SELECT LAST_NAME || Q'*'s joindate is *' || HIRE_DATE || '.' FROM EMPLOYEES;

LAST_NAME||Q'*'SJOINDATEIS*'||HIRE_DATE||'.'                                                                                                                                                            
-------------------------------------------------                                                                                                                                                       
King's joindate is 17-JUL-87.                                                                                                                                                                           
Kochhar's joindate is 21-SEP-89.                                                                                                                                                                        
De Haan's joindate is 13-JAN-93.                                                                                                                                                                        
Hunold's joindate is 03-JAN-90.                                                                                                                                                                         
Ernst's joindate is 21-MAY-91.                                                                                                                                                                          
Lorentz's joindate is 07-FEB-99.                                                                                                                                                                        
Mourgos's joindate is 16-NOV-99.                                                                                                                                                                        
Rajs's joindate is 17-OCT-95.                                                                                                                                                                           
Davies's joindate is 29-JAN-97.                                                                                                                                                                         
Matos's joindate is 15-MAR-98.                                                                                                                                                                          
Vargas's joindate is 09-JUL-98.                                                                                                                                                                         
Zlotkey's joindate is 29-JAN-00.                                                                                                                                                                        
Abel's joindate is 11-MAY-96.                                                                                                                                                                           
Taylor's joindate is 24-MAR-98.                                                                                                                                                                         
Grant's joindate is 24-MAY-99.                                                                                                                                                                          
Whalen's joindate is 17-SEP-87.                                                                                                                                                                         
Hartstein's joindate is 17-FEB-96.                                                                                                                                                                      
Fay's joindate is 17-AUG-97.                                                                                                                                                                            
Higgins's joindate is 07-JUN-94.                                                                                                                                                                        
Gietz's joindate is 07-JUN-94.                                                                                                                                                                          

20 rows selected.

SQL> SELECT LAST_NAME || Q'6's joindate is 6' || HIRE_DATE || '.' FROM EMPLOYEES;

LAST_NAME||Q'6'SJOINDATEIS6'||HIRE_DATE||'.'                                                                                                                                                            
-------------------------------------------------                                                                                                                                                       
King's joindate is 17-JUL-87.                                                                                                                                                                           
Kochhar's joindate is 21-SEP-89.                                                                                                                                                                        
De Haan's joindate is 13-JAN-93.                                                                                                                                                                        
Hunold's joindate is 03-JAN-90.                                                                                                                                                                         
Ernst's joindate is 21-MAY-91.                                                                                                                                                                          
Lorentz's joindate is 07-FEB-99.                                                                                                                                                                        
Mourgos's joindate is 16-NOV-99.                                                                                                                                                                        
Rajs's joindate is 17-OCT-95.                                                                                                                                                                           
Davies's joindate is 29-JAN-97.                                                                                                                                                                         
Matos's joindate is 15-MAR-98.                                                                                                                                                                          
Vargas's joindate is 09-JUL-98.                                                                                                                                                                         
Zlotkey's joindate is 29-JAN-00.                                                                                                                                                                        
Abel's joindate is 11-MAY-96.                                                                                                                                                                           
Taylor's joindate is 24-MAR-98.                                                                                                                                                                         
Grant's joindate is 24-MAY-99.                                                                                                                                                                          
Whalen's joindate is 17-SEP-87.                                                                                                                                                                         
Hartstein's joindate is 17-FEB-96.                                                                                                                                                                      
Fay's joindate is 17-AUG-97.                                                                                                                                                                            
Higgins's joindate is 07-JUN-94.                                                                                                                                                                        
Gietz's joindate is 07-JUN-94.                                                                                                                                                                          

20 rows selected.

SQL> SELECT LAST_NAME || Q'A's joindate is A' || HIRE_DATE || '.' FROM EMPLOYEES;

LAST_NAME||Q'A'SJOINDATEISA'||HIRE_DATE||'.'                                                                                                                                                            
-------------------------------------------------                                                                                                                                                       
King's joindate is 17-JUL-87.                                                                                                                                                                           
Kochhar's joindate is 21-SEP-89.                                                                                                                                                                        
De Haan's joindate is 13-JAN-93.                                                                                                                                                                        
Hunold's joindate is 03-JAN-90.                                                                                                                                                                         
Ernst's joindate is 21-MAY-91.                                                                                                                                                                          
Lorentz's joindate is 07-FEB-99.                                                                                                                                                                        
Mourgos's joindate is 16-NOV-99.                                                                                                                                                                        
Rajs's joindate is 17-OCT-95.                                                                                                                                                                           
Davies's joindate is 29-JAN-97.                                                                                                                                                                         
Matos's joindate is 15-MAR-98.                                                                                                                                                                          
Vargas's joindate is 09-JUL-98.                                                                                                                                                                         
Zlotkey's joindate is 29-JAN-00.                                                                                                                                                                        
Abel's joindate is 11-MAY-96.                                                                                                                                                                           
Taylor's joindate is 24-MAR-98.                                                                                                                                                                         
Grant's joindate is 24-MAY-99.                                                                                                                                                                          
Whalen's joindate is 17-SEP-87.                                                                                                                                                                         
Hartstein's joindate is 17-FEB-96.                                                                                                                                                                      
Fay's joindate is 17-AUG-97.                                                                                                                                                                            
Higgins's joindate is 07-JUN-94.                                                                                                                                                                        
Gietz's joindate is 07-JUN-94.                                                                                                                                                                          

20 rows selected.

SQL> SELECT LAST_NAME || Q'A's joindate is a' || HIRE_DATE || '.' FROM EMPLOYEES;
ERROR:
ORA-01756: quoted string not properly terminated 


SQL> SELECT LAST_NAME || Q'A's joindate is B' || HIRE_DATE || '.' FROM EMPLOYEES;
ERROR:
ORA-01756: quoted string not properly terminated 


SQL> SELECT LAST_NAME || Q'('s joindate is )' || HIRE_DATE || '.' FROM EMPLOYEES;

LAST_NAME||Q'('SJOINDATEIS)'||HIRE_DATE||'.'                                                                                                                                                            
-------------------------------------------------                                                                                                                                                       
King's joindate is 17-JUL-87.                                                                                                                                                                           
Kochhar's joindate is 21-SEP-89.                                                                                                                                                                        
De Haan's joindate is 13-JAN-93.                                                                                                                                                                        
Hunold's joindate is 03-JAN-90.                                                                                                                                                                         
Ernst's joindate is 21-MAY-91.                                                                                                                                                                          
Lorentz's joindate is 07-FEB-99.                                                                                                                                                                        
Mourgos's joindate is 16-NOV-99.                                                                                                                                                                        
Rajs's joindate is 17-OCT-95.                                                                                                                                                                           
Davies's joindate is 29-JAN-97.                                                                                                                                                                         
Matos's joindate is 15-MAR-98.                                                                                                                                                                          
Vargas's joindate is 09-JUL-98.                                                                                                                                                                         
Zlotkey's joindate is 29-JAN-00.                                                                                                                                                                        
Abel's joindate is 11-MAY-96.                                                                                                                                                                           
Taylor's joindate is 24-MAR-98.                                                                                                                                                                         
Grant's joindate is 24-MAY-99.                                                                                                                                                                          
Whalen's joindate is 17-SEP-87.                                                                                                                                                                         
Hartstein's joindate is 17-FEB-96.                                                                                                                                                                      
Fay's joindate is 17-AUG-97.                                                                                                                                                                            
Higgins's joindate is 07-JUN-94.                                                                                                                                                                        
Gietz's joindate is 07-JUN-94.                                                                                                                                                                          

20 rows selected.

SQL> SELECT LAST_NAME || Q')'s joindate is )' || HIRE_DATE || '.' FROM EMPLOYEES;

LAST_NAME||Q')'SJOINDATEIS)'||HIRE_DATE||'.'                                                                                                                                                            
-------------------------------------------------                                                                                                                                                       
King's joindate is 17-JUL-87.                                                                                                                                                                           
Kochhar's joindate is 21-SEP-89.                                                                                                                                                                        
De Haan's joindate is 13-JAN-93.                                                                                                                                                                        
Hunold's joindate is 03-JAN-90.                                                                                                                                                                         
Ernst's joindate is 21-MAY-91.                                                                                                                                                                          
Lorentz's joindate is 07-FEB-99.                                                                                                                                                                        
Mourgos's joindate is 16-NOV-99.                                                                                                                                                                        
Rajs's joindate is 17-OCT-95.                                                                                                                                                                           
Davies's joindate is 29-JAN-97.                                                                                                                                                                         
Matos's joindate is 15-MAR-98.                                                                                                                                                                          
Vargas's joindate is 09-JUL-98.                                                                                                                                                                         
Zlotkey's joindate is 29-JAN-00.                                                                                                                                                                        
Abel's joindate is 11-MAY-96.                                                                                                                                                                           
Taylor's joindate is 24-MAR-98.                                                                                                                                                                         
Grant's joindate is 24-MAY-99.                                                                                                                                                                          
Whalen's joindate is 17-SEP-87.                                                                                                                                                                         
Hartstein's joindate is 17-FEB-96.                                                                                                                                                                      
Fay's joindate is 17-AUG-97.                                                                                                                                                                            
Higgins's joindate is 07-JUN-94.                                                                                                                                                                        
Gietz's joindate is 07-JUN-94.                                                                                                                                                                          

20 rows selected.

SQL> SELECT LAST_NAME || Q')'s joindate is (' || HIRE_DATE || '.' FROM EMPLOYEES;
ERROR:
ORA-01756: quoted string not properly terminated 


SQL> SELECT LAST_NAME || Q'('s joindate is (' || HIRE_DATE || '.' FROM EMPLOYEES;
ERROR:
ORA-01756: quoted string not properly terminated 


SQL> SELECT LAST_NAME || Q'('s joindate is ]' || HIRE_DATE || '.' FROM EMPLOYEES;
ERROR:
ORA-01756: quoted string not properly terminated 


SQL> SELECT LAST_NAME || Q' 's joindate is  ' || HIRE_DATE || '.' FROM EMPLOYEES;
SELECT LAST_NAME || Q' 's joindate is  ' || HIRE_DATE || '.' FROM EMPLOYEES
                    *
ERROR at line 1:
ORA-00911: invalid character 


SQL> SELECT LAST_NAME || Q'''s joindate is '' || HIRE_DATE || '.' FROM EMPLOYEES;

LAST_NAME||Q'''SJOINDATEIS''||HIRE_DATE||'.'                                                                                                                                                            
-------------------------------------------------                                                                                                                                                       
King's joindate is 17-JUL-87.                                                                                                                                                                           
Kochhar's joindate is 21-SEP-89.                                                                                                                                                                        
De Haan's joindate is 13-JAN-93.                                                                                                                                                                        
Hunold's joindate is 03-JAN-90.                                                                                                                                                                         
Ernst's joindate is 21-MAY-91.                                                                                                                                                                          
Lorentz's joindate is 07-FEB-99.                                                                                                                                                                        
Mourgos's joindate is 16-NOV-99.                                                                                                                                                                        
Rajs's joindate is 17-OCT-95.                                                                                                                                                                           
Davies's joindate is 29-JAN-97.                                                                                                                                                                         
Matos's joindate is 15-MAR-98.                                                                                                                                                                          
Vargas's joindate is 09-JUL-98.                                                                                                                                                                         
Zlotkey's joindate is 29-JAN-00.                                                                                                                                                                        
Abel's joindate is 11-MAY-96.                                                                                                                                                                           
Taylor's joindate is 24-MAR-98.                                                                                                                                                                         
Grant's joindate is 24-MAY-99.                                                                                                                                                                          
Whalen's joindate is 17-SEP-87.                                                                                                                                                                         
Hartstein's joindate is 17-FEB-96.                                                                                                                                                                      
Fay's joindate is 17-AUG-97.                                                                                                                                                                            
Higgins's joindate is 07-JUN-94.                                                                                                                                                                        
Gietz's joindate is 07-JUN-94.                                                                                                                                                                          

20 rows selected.

SQL> SELECT LAST_NAME || '''s joindate is ' || HIRE_DATE || '.' FROM EMPLOYEES;

LAST_NAME||'''SJOINDATEIS'||HIRE_DATE||'.'                                                                                                                                                              
-------------------------------------------------                                                                                                                                                       
King's joindate is 17-JUL-87.                                                                                                                                                                           
Kochhar's joindate is 21-SEP-89.                                                                                                                                                                        
De Haan's joindate is 13-JAN-93.                                                                                                                                                                        
Hunold's joindate is 03-JAN-90.                                                                                                                                                                         
Ernst's joindate is 21-MAY-91.                                                                                                                                                                          
Lorentz's joindate is 07-FEB-99.                                                                                                                                                                        
Mourgos's joindate is 16-NOV-99.                                                                                                                                                                        
Rajs's joindate is 17-OCT-95.                                                                                                                                                                           
Davies's joindate is 29-JAN-97.                                                                                                                                                                         
Matos's joindate is 15-MAR-98.                                                                                                                                                                          
Vargas's joindate is 09-JUL-98.                                                                                                                                                                         
Zlotkey's joindate is 29-JAN-00.                                                                                                                                                                        
Abel's joindate is 11-MAY-96.                                                                                                                                                                           
Taylor's joindate is 24-MAR-98.                                                                                                                                                                         
Grant's joindate is 24-MAY-99.                                                                                                                                                                          
Whalen's joindate is 17-SEP-87.                                                                                                                                                                         
Hartstein's joindate is 17-FEB-96.                                                                                                                                                                      
Fay's joindate is 17-AUG-97.                                                                                                                                                                            
Higgins's joindate is 07-JUN-94.                                                                                                                                                                        
Gietz's joindate is 07-JUN-94.                                                                                                                                                                          

20 rows selected.

SQL> SELECT LAST_NAME || '''s joindate''s is ' || HIRE_DATE || '.' FROM EMPLOYEES;

LAST_NAME||'''SJOINDATE''SIS'||HIRE_DATE||'.'                                                                                                                                                           
---------------------------------------------------                                                                                                                                                     
King's joindate's is 17-JUL-87.                                                                                                                                                                         
Kochhar's joindate's is 21-SEP-89.                                                                                                                                                                      
De Haan's joindate's is 13-JAN-93.                                                                                                                                                                      
Hunold's joindate's is 03-JAN-90.                                                                                                                                                                       
Ernst's joindate's is 21-MAY-91.                                                                                                                                                                        
Lorentz's joindate's is 07-FEB-99.                                                                                                                                                                      
Mourgos's joindate's is 16-NOV-99.                                                                                                                                                                      
Rajs's joindate's is 17-OCT-95.                                                                                                                                                                         
Davies's joindate's is 29-JAN-97.                                                                                                                                                                       
Matos's joindate's is 15-MAR-98.                                                                                                                                                                        
Vargas's joindate's is 09-JUL-98.                                                                                                                                                                       
Zlotkey's joindate's is 29-JAN-00.                                                                                                                                                                      
Abel's joindate's is 11-MAY-96.                                                                                                                                                                         
Taylor's joindate's is 24-MAR-98.                                                                                                                                                                       
Grant's joindate's is 24-MAY-99.                                                                                                                                                                        
Whalen's joindate's is 17-SEP-87.                                                                                                                                                                       
Hartstein's joindate's is 17-FEB-96.                                                                                                                                                                    
Fay's joindate's is 17-AUG-97.                                                                                                                                                                          
Higgins's joindate's is 07-JUN-94.                                                                                                                                                                      
Gietz's joindate's is 07-JUN-94.                                                                                                                                                                        

20 rows selected.

SQL> SELECT LAST_NAME || q'#'s joindate's is #' || HIRE_DATE || '.' FROM EMPLOYEES;

LAST_NAME||Q'#'SJOINDATE'SIS#'||HIRE_DATE||'.'                                                                                                                                                          
---------------------------------------------------                                                                                                                                                     
King's joindate's is 17-JUL-87.                                                                                                                                                                         
Kochhar's joindate's is 21-SEP-89.                                                                                                                                                                      
De Haan's joindate's is 13-JAN-93.                                                                                                                                                                      
Hunold's joindate's is 03-JAN-90.                                                                                                                                                                       
Ernst's joindate's is 21-MAY-91.                                                                                                                                                                        
Lorentz's joindate's is 07-FEB-99.                                                                                                                                                                      
Mourgos's joindate's is 16-NOV-99.                                                                                                                                                                      
Rajs's joindate's is 17-OCT-95.                                                                                                                                                                         
Davies's joindate's is 29-JAN-97.                                                                                                                                                                       
Matos's joindate's is 15-MAR-98.                                                                                                                                                                        
Vargas's joindate's is 09-JUL-98.                                                                                                                                                                       
Zlotkey's joindate's is 29-JAN-00.                                                                                                                                                                      
Abel's joindate's is 11-MAY-96.                                                                                                                                                                         
Taylor's joindate's is 24-MAR-98.                                                                                                                                                                       
Grant's joindate's is 24-MAY-99.                                                                                                                                                                        
Whalen's joindate's is 17-SEP-87.                                                                                                                                                                       
Hartstein's joindate's is 17-FEB-96.                                                                                                                                                                    
Fay's joindate's is 17-AUG-97.                                                                                                                                                                          
Higgins's joindate's is 07-JUN-94.                                                                                                                                                                      
Gietz's joindate's is 07-JUN-94.                                                                                                                                                                        

20 rows selected.

SQL> SELECT LAST_NAME || q'''s joindate''s is '' || HIRE_DATE || '.' FROM EMPLOYEES;
SELECT LAST_NAME || q'''s joindate''s is '' || HIRE_DATE || '.' FROM EMPLOYEES
                                      *
ERROR at line 1:
ORA-00923: FROM keyword not found where expected 


SQL> SELECT LAST_NAME || q'''s joindate's is '' || HIRE_DATE || '.' FROM EMPLOYEES;

LAST_NAME||Q'''SJOINDATE'SIS''||HIRE_DATE||'.'                                                                                                                                                          
---------------------------------------------------                                                                                                                                                     
King's joindate's is 17-JUL-87.                                                                                                                                                                         
Kochhar's joindate's is 21-SEP-89.                                                                                                                                                                      
De Haan's joindate's is 13-JAN-93.                                                                                                                                                                      
Hunold's joindate's is 03-JAN-90.                                                                                                                                                                       
Ernst's joindate's is 21-MAY-91.                                                                                                                                                                        
Lorentz's joindate's is 07-FEB-99.                                                                                                                                                                      
Mourgos's joindate's is 16-NOV-99.                                                                                                                                                                      
Rajs's joindate's is 17-OCT-95.                                                                                                                                                                         
Davies's joindate's is 29-JAN-97.                                                                                                                                                                       
Matos's joindate's is 15-MAR-98.                                                                                                                                                                        
Vargas's joindate's is 09-JUL-98.                                                                                                                                                                       
Zlotkey's joindate's is 29-JAN-00.                                                                                                                                                                      
Abel's joindate's is 11-MAY-96.                                                                                                                                                                         
Taylor's joindate's is 24-MAR-98.                                                                                                                                                                       
Grant's joindate's is 24-MAY-99.                                                                                                                                                                        
Whalen's joindate's is 17-SEP-87.                                                                                                                                                                       
Hartstein's joindate's is 17-FEB-96.                                                                                                                                                                    
Fay's joindate's is 17-AUG-97.                                                                                                                                                                          
Higgins's joindate's is 07-JUN-94.                                                                                                                                                                      
Gietz's joindate's is 07-JUN-94.                                                                                                                                                                        

20 rows selected.

SQL> SELECT LAST_NAME || q'''s joindate's is '' || HIRE_DATE || '.' "EMPLOYEE INFO." FROM EMPLOYEES;

EMPLOYEE INFO.                                                                                                                                                                                          
---------------------------------------------------                                                                                                                                                     
King's joindate's is 17-JUL-87.                                                                                                                                                                         
Kochhar's joindate's is 21-SEP-89.                                                                                                                                                                      
De Haan's joindate's is 13-JAN-93.                                                                                                                                                                      
Hunold's joindate's is 03-JAN-90.                                                                                                                                                                       
Ernst's joindate's is 21-MAY-91.                                                                                                                                                                        
Lorentz's joindate's is 07-FEB-99.                                                                                                                                                                      
Mourgos's joindate's is 16-NOV-99.                                                                                                                                                                      
Rajs's joindate's is 17-OCT-95.                                                                                                                                                                         
Davies's joindate's is 29-JAN-97.                                                                                                                                                                       
Matos's joindate's is 15-MAR-98.                                                                                                                                                                        
Vargas's joindate's is 09-JUL-98.                                                                                                                                                                       
Zlotkey's joindate's is 29-JAN-00.                                                                                                                                                                      
Abel's joindate's is 11-MAY-96.                                                                                                                                                                         
Taylor's joindate's is 24-MAR-98.                                                                                                                                                                       
Grant's joindate's is 24-MAY-99.                                                                                                                                                                        
Whalen's joindate's is 17-SEP-87.                                                                                                                                                                       
Hartstein's joindate's is 17-FEB-96.                                                                                                                                                                    
Fay's joindate's is 17-AUG-97.                                                                                                                                                                          
Higgins's joindate's is 07-JUN-94.                                                                                                                                                                      
Gietz's joindate's is 07-JUN-94.                                                                                                                                                                        

20 rows selected.

SQL> REM COLUMN ALIAS : NEW COLUMN HEADING
SQL> 
SQL> SELECT FIRST_NAME , SALARY PAYMENT FROM EMPLOYEES;

FIRST_NAME         PAYMENT                                                                                                                                                                              
--------------- ----------                                                                                                                                                                              
Steven               24000                                                                                                                                                                              
Neena                17000                                                                                                                                                                              
Lex                  17000                                                                                                                                                                              
Alexander             9000                                                                                                                                                                              
Bruce                 6000                                                                                                                                                                              
Diana                 4200                                                                                                                                                                              
Kevin                 5800                                                                                                                                                                              
Trenna                3500                                                                                                                                                                              
Curtis                3100                                                                                                                                                                              
Randall               2600                                                                                                                                                                              
Peter                 2500                                                                                                                                                                              
Eleni                10500                                                                                                                                                                              
Ellen                11000                                                                                                                                                                              
Jonathon              8600                                                                                                                                                                              
Kimerely              7000                                                                                                                                                                              
Jennifer              4400                                                                                                                                                                              
Michael              13000                                                                                                                                                                              
Pat                   6000                                                                                                                                                                              
Shelley              12000                                                                                                                                                                              
William               8300                                                                                                                                                                              

20 rows selected.

SQL> SELECT FIRST_NAME , SALARY payment FROM EMPLOYEES;

FIRST_NAME         PAYMENT                                                                                                                                                                              
--------------- ----------                                                                                                                                                                              
Steven               24000                                                                                                                                                                              
Neena                17000                                                                                                                                                                              
Lex                  17000                                                                                                                                                                              
Alexander             9000                                                                                                                                                                              
Bruce                 6000                                                                                                                                                                              
Diana                 4200                                                                                                                                                                              
Kevin                 5800                                                                                                                                                                              
Trenna                3500                                                                                                                                                                              
Curtis                3100                                                                                                                                                                              
Randall               2600                                                                                                                                                                              
Peter                 2500                                                                                                                                                                              
Eleni                10500                                                                                                                                                                              
Ellen                11000                                                                                                                                                                              
Jonathon              8600                                                                                                                                                                              
Kimerely              7000                                                                                                                                                                              
Jennifer              4400                                                                                                                                                                              
Michael              13000                                                                                                                                                                              
Pat                   6000                                                                                                                                                                              
Shelley              12000                                                                                                                                                                              
William               8300                                                                                                                                                                              

20 rows selected.

SQL> SELECT FIRST_NAME , SALARY "payment" FROM EMPLOYEES;

FIRST_NAME         payment                                                                                                                                                                              
--------------- ----------                                                                                                                                                                              
Steven               24000                                                                                                                                                                              
Neena                17000                                                                                                                                                                              
Lex                  17000                                                                                                                                                                              
Alexander             9000                                                                                                                                                                              
Bruce                 6000                                                                                                                                                                              
Diana                 4200                                                                                                                                                                              
Kevin                 5800                                                                                                                                                                              
Trenna                3500                                                                                                                                                                              
Curtis                3100                                                                                                                                                                              
Randall               2600                                                                                                                                                                              
Peter                 2500                                                                                                                                                                              
Eleni                10500                                                                                                                                                                              
Ellen                11000                                                                                                                                                                              
Jonathon              8600                                                                                                                                                                              
Kimerely              7000                                                                                                                                                                              
Jennifer              4400                                                                                                                                                                              
Michael              13000                                                                                                                                                                              
Pat                   6000                                                                                                                                                                              
Shelley              12000                                                                                                                                                                              
William               8300                                                                                                                                                                              

20 rows selected.

SQL> SELECT FIRST_NAME name , SALARY "payment" FROM EMPLOYEES;

NAME               payment                                                                                                                                                                              
--------------- ----------                                                                                                                                                                              
Steven               24000                                                                                                                                                                              
Neena                17000                                                                                                                                                                              
Lex                  17000                                                                                                                                                                              
Alexander             9000                                                                                                                                                                              
Bruce                 6000                                                                                                                                                                              
Diana                 4200                                                                                                                                                                              
Kevin                 5800                                                                                                                                                                              
Trenna                3500                                                                                                                                                                              
Curtis                3100                                                                                                                                                                              
Randall               2600                                                                                                                                                                              
Peter                 2500                                                                                                                                                                              
Eleni                10500                                                                                                                                                                              
Ellen                11000                                                                                                                                                                              
Jonathon              8600                                                                                                                                                                              
Kimerely              7000                                                                                                                                                                              
Jennifer              4400                                                                                                                                                                              
Michael              13000                                                                                                                                                                              
Pat                   6000                                                                                                                                                                              
Shelley              12000                                                                                                                                                                              
William               8300                                                                                                                                                                              

20 rows selected.

SQL> SELECT FIRST_NAME name , SALARY "payment" , salary * 12 yearlysalary FROM EMPLOYEES;

NAME               payment YEARLYSALARY                                                                                                                                                                 
--------------- ---------- ------------                                                                                                                                                                 
Steven               24000       288000                                                                                                                                                                 
Neena                17000       204000                                                                                                                                                                 
Lex                  17000       204000                                                                                                                                                                 
Alexander             9000       108000                                                                                                                                                                 
Bruce                 6000        72000                                                                                                                                                                 
Diana                 4200        50400                                                                                                                                                                 
Kevin                 5800        69600                                                                                                                                                                 
Trenna                3500        42000                                                                                                                                                                 
Curtis                3100        37200                                                                                                                                                                 
Randall               2600        31200                                                                                                                                                                 
Peter                 2500        30000                                                                                                                                                                 
Eleni                10500       126000                                                                                                                                                                 
Ellen                11000       132000                                                                                                                                                                 
Jonathon              8600       103200                                                                                                                                                                 
Kimerely              7000        84000                                                                                                                                                                 
Jennifer              4400        52800                                                                                                                                                                 
Michael              13000       156000                                                                                                                                                                 
Pat                   6000        72000                                                                                                                                                                 
Shelley              12000       144000                                                                                                                                                                 
William               8300        99600                                                                                                                                                                 

20 rows selected.

SQL> SELECT FIRST_NAME name , SALARY "payment" , salary * 12 yearly salary FROM EMPLOYEES;
SELECT FIRST_NAME name , SALARY "payment" , salary * 12 yearly salary FROM EMPLOYEES
                                                               *
ERROR at line 1:
ORA-00923: FROM keyword not found where expected 


SQL> SELECT FIRST_NAME name , SALARY "payment" , salary * 12 "yearly salary" FROM EMPLOYEES;

NAME               payment yearly salary                                                                                                                                                                
--------------- ---------- -------------                                                                                                                                                                
Steven               24000        288000                                                                                                                                                                
Neena                17000        204000                                                                                                                                                                
Lex                  17000        204000                                                                                                                                                                
Alexander             9000        108000                                                                                                                                                                
Bruce                 6000         72000                                                                                                                                                                
Diana                 4200         50400                                                                                                                                                                
Kevin                 5800         69600                                                                                                                                                                
Trenna                3500         42000                                                                                                                                                                
Curtis                3100         37200                                                                                                                                                                
Randall               2600         31200                                                                                                                                                                
Peter                 2500         30000                                                                                                                                                                
Eleni                10500        126000                                                                                                                                                                
Ellen                11000        132000                                                                                                                                                                
Jonathon              8600        103200                                                                                                                                                                
Kimerely              7000         84000                                                                                                                                                                
Jennifer              4400         52800                                                                                                                                                                
Michael              13000        156000                                                                                                                                                                
Pat                   6000         72000                                                                                                                                                                
Shelley              12000        144000                                                                                                                                                                
William               8300         99600                                                                                                                                                                

20 rows selected.

SQL> SELECT FIRST_NAME name , SALARY "payment" , salary * 12 yearly_#$salary FROM EMPLOYEES;

NAME               payment YEARLY_#$SALARY                                                                                                                                                              
--------------- ---------- ---------------                                                                                                                                                              
Steven               24000          288000                                                                                                                                                              
Neena                17000          204000                                                                                                                                                              
Lex                  17000          204000                                                                                                                                                              
Alexander             9000          108000                                                                                                                                                              
Bruce                 6000           72000                                                                                                                                                              
Diana                 4200           50400                                                                                                                                                              
Kevin                 5800           69600                                                                                                                                                              
Trenna                3500           42000                                                                                                                                                              
Curtis                3100           37200                                                                                                                                                              
Randall               2600           31200                                                                                                                                                              
Peter                 2500           30000                                                                                                                                                              
Eleni                10500          126000                                                                                                                                                              
Ellen                11000          132000                                                                                                                                                              
Jonathon              8600          103200                                                                                                                                                              
Kimerely              7000           84000                                                                                                                                                              
Jennifer              4400           52800                                                                                                                                                              
Michael              13000          156000                                                                                                                                                              
Pat                   6000           72000                                                                                                                                                              
Shelley              12000          144000                                                                                                                                                              
William               8300           99600                                                                                                                                                              

20 rows selected.

SQL> SELECT FIRST_NAME name , SALARY "payment" , salary * 12 yearly_#$^salary FROM EMPLOYEES;
SELECT FIRST_NAME name , SALARY "payment" , salary * 12 yearly_#$^salary FROM EMPLOYEES
                                                                 *
ERROR at line 1:
ORA-00923: FROM keyword not found where expected 


SQL> SELECT FIRST_NAME name , SALARY "payment" , salary * 12 "yearly_#$^salary" FROM EMPLOYEES;

NAME               payment yearly_#$^salary                                                                                                                                                             
--------------- ---------- ----------------                                                                                                                                                             
Steven               24000           288000                                                                                                                                                             
Neena                17000           204000                                                                                                                                                             
Lex                  17000           204000                                                                                                                                                             
Alexander             9000           108000                                                                                                                                                             
Bruce                 6000            72000                                                                                                                                                             
Diana                 4200            50400                                                                                                                                                             
Kevin                 5800            69600                                                                                                                                                             
Trenna                3500            42000                                                                                                                                                             
Curtis                3100            37200                                                                                                                                                             
Randall               2600            31200                                                                                                                                                             
Peter                 2500            30000                                                                                                                                                             
Eleni                10500           126000                                                                                                                                                             
Ellen                11000           132000                                                                                                                                                             
Jonathon              8600           103200                                                                                                                                                             
Kimerely              7000            84000                                                                                                                                                             
Jennifer              4400            52800                                                                                                                                                             
Michael              13000           156000                                                                                                                                                             
Pat                   6000            72000                                                                                                                                                             
Shelley              12000           144000                                                                                                                                                             
William               8300            99600                                                                                                                                                             

20 rows selected.

SQL> SELECT FIRST_NAME name , SALARY "payment" , salary * 12 select FROM EMPLOYEES;
SELECT FIRST_NAME name , SALARY "payment" , salary * 12 select FROM EMPLOYEES
                                                        *
ERROR at line 1:
ORA-00923: FROM keyword not found where expected 


SQL> SELECT FIRST_NAME name , SALARY "payment" , salary * 12 "select" FROM EMPLOYEES;

NAME               payment     select                                                                                                                                                                   
--------------- ---------- ----------                                                                                                                                                                   
Steven               24000     288000                                                                                                                                                                   
Neena                17000     204000                                                                                                                                                                   
Lex                  17000     204000                                                                                                                                                                   
Alexander             9000     108000                                                                                                                                                                   
Bruce                 6000      72000                                                                                                                                                                   
Diana                 4200      50400                                                                                                                                                                   
Kevin                 5800      69600                                                                                                                                                                   
Trenna                3500      42000                                                                                                                                                                   
Curtis                3100      37200                                                                                                                                                                   
Randall               2600      31200                                                                                                                                                                   
Peter                 2500      30000                                                                                                                                                                   
Eleni                10500     126000                                                                                                                                                                   
Ellen                11000     132000                                                                                                                                                                   
Jonathon              8600     103200                                                                                                                                                                   
Kimerely              7000      84000                                                                                                                                                                   
Jennifer              4400      52800                                                                                                                                                                   
Michael              13000     156000                                                                                                                                                                   
Pat                   6000      72000                                                                                                                                                                   
Shelley              12000     144000                                                                                                                                                                   
William               8300      99600                                                                                                                                                                   

20 rows selected.

SQL> REM WE NEED TO DELIMIT COLUMN ALIAS WITH DOUBLE QUOTES IN BELOW 4 CASES :
SQL> 
SQL> REM 1 WHEN WE NEED TO DISPLAY CASE SENSITIVE COLUMN ALIAS.
SQL> 
SQL> REM 2 WHEN WE NEED TO DISPLAY MULTIPLE WORDS AS COLUMN ALIAS.
SQL> 
SQL> REM 3 WHEN WE NEED TO USE SPECIAL CHARACTERS IN COLUMN ALIAS (OTHER THAN _ # $)
SQL> 
SQL> REM 4 WHEN WE NEED TO USE SQL/ORACLE KEY/RESERVE WORD AS COLUMN ALIAS.
SQL> 
SQL> 
SQL> 
SQL> REM Steven's joindate is 17-JUL87.
SQL> 
SQL> REM Steven's joindate is 17-JUL-87.
SQL> 
SQL> 
SQL> SELECT FIRST_NAME || 's joindate is ' || HIRE_DATE || '.' FROM EMPLOYEES;

FIRST_NAME||'SJOINDATEIS'||HIRE_DATE||'.'                                                                                                                                                               
------------------------------------------------                                                                                                                                                        
Stevens joindate is 17-JUL-87.                                                                                                                                                                          
Neenas joindate is 21-SEP-89.                                                                                                                                                                           
Lexs joindate is 13-JAN-93.                                                                                                                                                                             
Alexanders joindate is 03-JAN-90.                                                                                                                                                                       
Bruces joindate is 21-MAY-91.                                                                                                                                                                           
Dianas joindate is 07-FEB-99.                                                                                                                                                                           
Kevins joindate is 16-NOV-99.                                                                                                                                                                           
Trennas joindate is 17-OCT-95.                                                                                                                                                                          
Curtiss joindate is 29-JAN-97.                                                                                                                                                                          
Randalls joindate is 15-MAR-98.                                                                                                                                                                         
Peters joindate is 09-JUL-98.                                                                                                                                                                           
Elenis joindate is 29-JAN-00.                                                                                                                                                                           
Ellens joindate is 11-MAY-96.                                                                                                                                                                           
Jonathons joindate is 24-MAR-98.                                                                                                                                                                        
Kimerelys joindate is 24-MAY-99.                                                                                                                                                                        
Jennifers joindate is 17-SEP-87.                                                                                                                                                                        
Michaels joindate is 17-FEB-96.                                                                                                                                                                         
Pats joindate is 17-AUG-97.                                                                                                                                                                             
Shelleys joindate is 07-JUN-94.                                                                                                                                                                         
Williams joindate is 07-JUN-94.                                                                                                                                                                         

20 rows selected.

SQL> SELECT FIRST_NAME || Q'@'s joindate is @' || HIRE_DATE || '.' FROM EMPLOYEES;

FIRST_NAME||Q'@'SJOINDATEIS@'||HIRE_DATE||'.'                                                                                                                                                           
-------------------------------------------------                                                                                                                                                       
Steven's joindate is 17-JUL-87.                                                                                                                                                                         
Neena's joindate is 21-SEP-89.                                                                                                                                                                          
Lex's joindate is 13-JAN-93.                                                                                                                                                                            
Alexander's joindate is 03-JAN-90.                                                                                                                                                                      
Bruce's joindate is 21-MAY-91.                                                                                                                                                                          
Diana's joindate is 07-FEB-99.                                                                                                                                                                          
Kevin's joindate is 16-NOV-99.                                                                                                                                                                          
Trenna's joindate is 17-OCT-95.                                                                                                                                                                         
Curtis's joindate is 29-JAN-97.                                                                                                                                                                         
Randall's joindate is 15-MAR-98.                                                                                                                                                                        
Peter's joindate is 09-JUL-98.                                                                                                                                                                          
Eleni's joindate is 29-JAN-00.                                                                                                                                                                          
Ellen's joindate is 11-MAY-96.                                                                                                                                                                          
Jonathon's joindate is 24-MAR-98.                                                                                                                                                                       
Kimerely's joindate is 24-MAY-99.                                                                                                                                                                       
Jennifer's joindate is 17-SEP-87.                                                                                                                                                                       
Michael's joindate is 17-FEB-96.                                                                                                                                                                        
Pat's joindate is 17-AUG-97.                                                                                                                                                                            
Shelley's joindate is 07-JUN-94.                                                                                                                                                                        
William's joindate is 07-JUN-94.                                                                                                                                                                        

20 rows selected.

SQL> SPOOL OFF
