SQL> CL SCR

SQL> REM LIKE :
SQL> 
SQL> REM LIKE : FOR PATTERN MATCHING
SQL> 
SQL> REM LIKE SUPPORTS TWO WILD CARD CHARACTERS : _ %
SQL> 
SQL> REM _ IS USED FOR SINGLE CHARACTER
SQL> 
SQL> REM % IS USED FOR ZERO OR MORE CHARACTERS
SQL> 
SQL> REM TWO TYPES OF LIKE EXAMPLES : 1 USING ONLY WILD CARD CHARACTERS 2 USING OTHER CHARACTERS WITH WILD CARD CHARCTERS
SQL> 
SQL> REM EXAMPLES OF USING ONLY WILD CARD CHARACTERS
SQL> 
SQL> REM 1 DISPLAY THOSE WHOSE FIRST_NAME SPELLING HAS 6 CHARACTERS
SQL> 
SQL> SET LINES 200 PAGES 24
SQL> 
SQL> SELECT FIRST_NAME FROM EMPLOYEES WHERE FIRST_NAME LIKE '______';

FIRST_NAME                                                                                                                                                                                              
----------                                                                                                                                                                                              
Steven                                                                                                                                                                                                  
Trenna                                                                                                                                                                                                  
Curtis                                                                                                                                                                                                  

SQL> REM 2 DISPLAY ALL EXCEPT THOSE WHOSE FIRST_NAME SPELLING HAS 6 CHARACTERS
SQL> 
SQL> SELECT FIRST_NAME FROM EMPLOYEES WHERE FIRST_NAME NOT LIKE '______';

FIRST_NAME                                                                                                                                                                                              
----------                                                                                                                                                                                              
Neena                                                                                                                                                                                                   
Lex                                                                                                                                                                                                     
Alexander                                                                                                                                                                                               
Bruce                                                                                                                                                                                                   
Diana                                                                                                                                                                                                   
Kevin                                                                                                                                                                                                   
Randall                                                                                                                                                                                                 
Peter                                                                                                                                                                                                   
Eleni                                                                                                                                                                                                   
Ellen                                                                                                                                                                                                   
Jonathon                                                                                                                                                                                                
Kimerely                                                                                                                                                                                                
Jennifer                                                                                                                                                                                                
Michael                                                                                                                                                                                                 
Pat                                                                                                                                                                                                     
Shelley                                                                                                                                                                                                 
William                                                                                                                                                                                                 

17 rows selected.

SQL> REM 3 DISPLAY THOSE WHOSE FIRST_NAME SPELLING HAS 6 OR MORE CHARACTERS
SQL> 
SQL> SELECT FIRST_NAME FROM EMPLOYEES WHERE FIRST_NAME LIKE '______%';

FIRST_NAME                                                                                                                                                                                              
----------                                                                                                                                                                                              
Steven                                                                                                                                                                                                  
Alexander                                                                                                                                                                                               
Trenna                                                                                                                                                                                                  
Curtis                                                                                                                                                                                                  
Randall                                                                                                                                                                                                 
Jonathon                                                                                                                                                                                                
Kimerely                                                                                                                                                                                                
Jennifer                                                                                                                                                                                                
Michael                                                                                                                                                                                                 
Shelley                                                                                                                                                                                                 
William                                                                                                                                                                                                 

11 rows selected.

SQL> SELECT FIRST_NAME FROM EMPLOYEES WHERE FIRST_NAME LIKE '%______';

FIRST_NAME                                                                                                                                                                                              
----------                                                                                                                                                                                              
Steven                                                                                                                                                                                                  
Alexander                                                                                                                                                                                               
Trenna                                                                                                                                                                                                  
Curtis                                                                                                                                                                                                  
Randall                                                                                                                                                                                                 
Jonathon                                                                                                                                                                                                
Kimerely                                                                                                                                                                                                
Jennifer                                                                                                                                                                                                
Michael                                                                                                                                                                                                 
Shelley                                                                                                                                                                                                 
William                                                                                                                                                                                                 

11 rows selected.

SQL> SELECT FIRST_NAME FROM EMPLOYEES WHERE FIRST_NAME LIKE '___%___';

FIRST_NAME                                                                                                                                                                                              
----------                                                                                                                                                                                              
Steven                                                                                                                                                                                                  
Alexander                                                                                                                                                                                               
Trenna                                                                                                                                                                                                  
Curtis                                                                                                                                                                                                  
Randall                                                                                                                                                                                                 
Jonathon                                                                                                                                                                                                
Kimerely                                                                                                                                                                                                
Jennifer                                                                                                                                                                                                
Michael                                                                                                                                                                                                 
Shelley                                                                                                                                                                                                 
William                                                                                                                                                                                                 

11 rows selected.

SQL> SELECT FIRST_NAME FROM EMPLOYEES WHERE FIRST_NAME LIKE '_%__%___';

FIRST_NAME                                                                                                                                                                                              
----------                                                                                                                                                                                              
Steven                                                                                                                                                                                                  
Alexander                                                                                                                                                                                               
Trenna                                                                                                                                                                                                  
Curtis                                                                                                                                                                                                  
Randall                                                                                                                                                                                                 
Jonathon                                                                                                                                                                                                
Kimerely                                                                                                                                                                                                
Jennifer                                                                                                                                                                                                
Michael                                                                                                                                                                                                 
Shelley                                                                                                                                                                                                 
William                                                                                                                                                                                                 

11 rows selected.

SQL> REM 4 DISPLAY THOSE WHOSE FIRST_NAME SPELLING HAS 6 OR LESS CHARACTERS
SQL> 
SQL> SELECT FIRST_NAME FROM EMPLOYEES WHERE FIRST_NAME NOT LIKE '_______%';

FIRST_NAME                                                                                                                                                                                              
----------                                                                                                                                                                                              
Steven                                                                                                                                                                                                  
Neena                                                                                                                                                                                                   
Lex                                                                                                                                                                                                     
Bruce                                                                                                                                                                                                   
Diana                                                                                                                                                                                                   
Kevin                                                                                                                                                                                                   
Trenna                                                                                                                                                                                                  
Curtis                                                                                                                                                                                                  
Peter                                                                                                                                                                                                   
Eleni                                                                                                                                                                                                   
Ellen                                                                                                                                                                                                   
Pat                                                                                                                                                                                                     

12 rows selected.

SQL> REM EXAMPLES OF USING OTHER CHARACTERS WITH WILD CARD CHARACTERS
SQL> 
SQL> REM DISPLAY THOSE WHOSE FIRST ALPHABET IS 'S'
SQL> 
SQL> SELECT FIRST_NAME FROM EMPLOYEES WHERE FIRST_NAME LIKE 'S%';

FIRST_NAME                                                                                                                                                                                              
----------                                                                                                                                                                                              
Steven                                                                                                                                                                                                  
Shelley                                                                                                                                                                                                 

SQL> REM DISPLAY THOSE WHOSE LAST ALPHABET IS 'n'
SQL> 
SQL> SELECT FIRST_NAME FROM EMPLOYEES WHERE FIRST_NAME LIKE '%n';

FIRST_NAME                                                                                                                                                                                              
----------                                                                                                                                                                                              
Steven                                                                                                                                                                                                  
Kevin                                                                                                                                                                                                   
Ellen                                                                                                                                                                                                   
Jonathon                                                                                                                                                                                                

SQL> SELECT FIRST_NAME FROM EMPLOYEES WHERE FIRST_NAME LIKE 'S%n';

FIRST_NAME                                                                                                                                                                                              
----------                                                                                                                                                                                              
Steven                                                                                                                                                                                                  

SQL> SELECT FIRST_NAME FROM EMPLOYEES WHERE FIRST_NAME LIKE '%e%';

FIRST_NAME                                                                                                                                                                                              
----------                                                                                                                                                                                              
Steven                                                                                                                                                                                                  
Neena                                                                                                                                                                                                   
Lex                                                                                                                                                                                                     
Alexander                                                                                                                                                                                               
Bruce                                                                                                                                                                                                   
Kevin                                                                                                                                                                                                   
Trenna                                                                                                                                                                                                  
Peter                                                                                                                                                                                                   
Eleni                                                                                                                                                                                                   
Ellen                                                                                                                                                                                                   
Kimerely                                                                                                                                                                                                
Jennifer                                                                                                                                                                                                
Michael                                                                                                                                                                                                 
Shelley                                                                                                                                                                                                 

14 rows selected.

SQL> SELECT FIRST_NAME FROM EMPLOYEES WHERE FIRST_NAME LIKE '%ee%';

FIRST_NAME                                                                                                                                                                                              
----------                                                                                                                                                                                              
Neena                                                                                                                                                                                                   

SQL> SELECT FIRST_NAME FROM EMPLOYEES WHERE FIRST_NAME LIKE '%e_e%';

FIRST_NAME                                                                                                                                                                                              
----------                                                                                                                                                                                              
Steven                                                                                                                                                                                                  
Peter                                                                                                                                                                                                   
Kimerely                                                                                                                                                                                                

SQL> SELECT FIRST_NAME FROM EMPLOYEES WHERE FIRST_NAME LIKE '%e__e%';

FIRST_NAME                                                                                                                                                                                              
----------                                                                                                                                                                                              
Shelley                                                                                                                                                                                                 

SQL> SELECT FIRST_NAME FROM EMPLOYEES WHERE FIRST_NAME LIKE '%e%e%';

FIRST_NAME                                                                                                                                                                                              
----------                                                                                                                                                                                              
Steven                                                                                                                                                                                                  
Neena                                                                                                                                                                                                   
Alexander                                                                                                                                                                                               
Peter                                                                                                                                                                                                   
Kimerely                                                                                                                                                                                                
Jennifer                                                                                                                                                                                                
Shelley                                                                                                                                                                                                 

7 rows selected.

SQL> SELECT FIRST_NAME FROM EMPLOYEES WHERE FIRST_NAME LIKE '_e%';

FIRST_NAME                                                                                                                                                                                              
----------                                                                                                                                                                                              
Neena                                                                                                                                                                                                   
Lex                                                                                                                                                                                                     
Kevin                                                                                                                                                                                                   
Peter                                                                                                                                                                                                   
Jennifer                                                                                                                                                                                                

SQL> SELECT FIRST_NAME FROM EMPLOYEES WHERE FIRST_NAME LIKE '%e_';

FIRST_NAME                                                                                                                                                                                              
----------                                                                                                                                                                                              
Steven                                                                                                                                                                                                  
Lex                                                                                                                                                                                                     
Alexander                                                                                                                                                                                               
Peter                                                                                                                                                                                                   
Ellen                                                                                                                                                                                                   
Jennifer                                                                                                                                                                                                
Michael                                                                                                                                                                                                 
Shelley                                                                                                                                                                                                 

8 rows selected.

SQL> SELECT FIRST_NAME FROM EMPLOYEES WHERE FIRST_NAME LIKE '_e%e_';

FIRST_NAME                                                                                                                                                                                              
----------                                                                                                                                                                                              
Peter                                                                                                                                                                                                   
Jennifer                                                                                                                                                                                                

SQL> SELECT HIRE_DATE FROM EMPLOYEES;

HIRE_DATE                                                                                                                                                                                               
---------                                                                                                                                                                                               
17-JUL-87                                                                                                                                                                                               
21-SEP-89                                                                                                                                                                                               
13-JAN-93                                                                                                                                                                                               
03-JAN-90                                                                                                                                                                                               
21-MAY-91                                                                                                                                                                                               
07-FEB-99                                                                                                                                                                                               
16-NOV-99                                                                                                                                                                                               
17-OCT-95                                                                                                                                                                                               
29-JAN-97                                                                                                                                                                                               
15-MAR-98                                                                                                                                                                                               
09-JUL-98                                                                                                                                                                                               
29-JAN-00                                                                                                                                                                                               
11-MAY-96                                                                                                                                                                                               
24-MAR-98                                                                                                                                                                                               
24-MAY-99                                                                                                                                                                                               
17-SEP-87                                                                                                                                                                                               
17-FEB-96                                                                                                                                                                                               
17-AUG-97                                                                                                                                                                                               
07-JUN-94                                                                                                                                                                                               
07-JUN-94                                                                                                                                                                                               

20 rows selected.

SQL> REM DD-MON-RR
SQL> 
SQL> REM DISPLAY THOSE WHO WERE HIRED IN ANY OF THE MONTH JAN , JUN OR JUL (IGNORE DATE AND YEAR)
SQL> 
SQL> SELECT HIRE_DATE FROM EMPLOYEES WHERE HIRE_DATE LIKE '___J_____';

HIRE_DATE                                                                                                                                                                                               
---------                                                                                                                                                                                               
17-JUL-87                                                                                                                                                                                               
13-JAN-93                                                                                                                                                                                               
03-JAN-90                                                                                                                                                                                               
29-JAN-97                                                                                                                                                                                               
09-JUL-98                                                                                                                                                                                               
29-JAN-00                                                                                                                                                                                               
07-JUN-94                                                                                                                                                                                               
07-JUN-94                                                                                                                                                                                               

8 rows selected.

SQL> SELECT HIRE_DATE FROM EMPLOYEES WHERE HIRE_DATE LIKE '___J%';

HIRE_DATE                                                                                                                                                                                               
---------                                                                                                                                                                                               
17-JUL-87                                                                                                                                                                                               
13-JAN-93                                                                                                                                                                                               
03-JAN-90                                                                                                                                                                                               
29-JAN-97                                                                                                                                                                                               
09-JUL-98                                                                                                                                                                                               
29-JAN-00                                                                                                                                                                                               
07-JUN-94                                                                                                                                                                                               
07-JUN-94                                                                                                                                                                                               

8 rows selected.

SQL> SELECT HIRE_DATE FROM EMPLOYEES WHERE HIRE_DATE LIKE '%J%';

HIRE_DATE                                                                                                                                                                                               
---------                                                                                                                                                                                               
17-JUL-87                                                                                                                                                                                               
13-JAN-93                                                                                                                                                                                               
03-JAN-90                                                                                                                                                                                               
29-JAN-97                                                                                                                                                                                               
09-JUL-98                                                                                                                                                                                               
29-JAN-00                                                                                                                                                                                               
07-JUN-94                                                                                                                                                                                               
07-JUN-94                                                                                                                                                                                               

8 rows selected.

SQL> REM JUN , JAN
SQL> 
SQL> SELECT HIRE_DATE FROM EMPLOYEES WHERE HIRE_DATE LIKE '%J_N%'
  2  ;

HIRE_DATE                                                                                                                                                                                               
---------                                                                                                                                                                                               
13-JAN-93                                                                                                                                                                                               
03-JAN-90                                                                                                                                                                                               
29-JAN-97                                                                                                                                                                                               
29-JAN-00                                                                                                                                                                                               
07-JUN-94                                                                                                                                                                                               
07-JUN-94                                                                                                                                                                                               

6 rows selected.

SQL> REM JUN , JUL
SQL> 
SQL> SELECT HIRE_DATE FROM EMPLOYEES WHERE HIRE_DATE LIKE '%JU%'
  2  ;

HIRE_DATE                                                                                                                                                                                               
---------                                                                                                                                                                                               
17-JUL-87                                                                                                                                                                                               
09-JUL-98                                                                                                                                                                                               
07-JUN-94                                                                                                                                                                                               
07-JUN-94                                                                                                                                                                                               

SQL> REM JAN , MAR , MAY BUT NOT (APR , AUG)
SQL> 
SQL> SELECT HIRE_DATE FROM EMPLOYEES WHERE HIRE_DATE LIKE '__-_A%';

HIRE_DATE                                                                                                                                                                                               
---------                                                                                                                                                                                               
13-JAN-93                                                                                                                                                                                               
03-JAN-90                                                                                                                                                                                               
21-MAY-91                                                                                                                                                                                               
29-JAN-97                                                                                                                                                                                               
15-MAR-98                                                                                                                                                                                               
29-JAN-00                                                                                                                                                                                               
11-MAY-96                                                                                                                                                                                               
24-MAR-98                                                                                                                                                                                               
24-MAY-99                                                                                                                                                                                               

9 rows selected.

SQL> SELECT HIRE_DATE FROM EMPLOYEES WHERE HIRE_DATE LIKE '%-_A%';

HIRE_DATE                                                                                                                                                                                               
---------                                                                                                                                                                                               
13-JAN-93                                                                                                                                                                                               
03-JAN-90                                                                                                                                                                                               
21-MAY-91                                                                                                                                                                                               
29-JAN-97                                                                                                                                                                                               
15-MAR-98                                                                                                                                                                                               
29-JAN-00                                                                                                                                                                                               
11-MAY-96                                                                                                                                                                                               
24-MAR-98                                                                                                                                                                                               
24-MAY-99                                                                                                                                                                                               

9 rows selected.

SQL> SELECT HIRE_DATE FROM EMPLOYEES WHERE HIRE_DATE LIKE '____A%';

HIRE_DATE                                                                                                                                                                                               
---------                                                                                                                                                                                               
13-JAN-93                                                                                                                                                                                               
03-JAN-90                                                                                                                                                                                               
21-MAY-91                                                                                                                                                                                               
29-JAN-97                                                                                                                                                                                               
15-MAR-98                                                                                                                                                                                               
29-JAN-00                                                                                                                                                                                               
11-MAY-96                                                                                                                                                                                               
24-MAR-98                                                                                                                                                                                               
24-MAY-99                                                                                                                                                                                               

9 rows selected.

SQL> REM APR , AUG
SQL> 
SQL> SELECT HIRE_DATE FROM EMPLOYEES WHERE HIRE_DATE LIKE '__-A%';

HIRE_DATE                                                                                                                                                                                               
---------                                                                                                                                                                                               
17-AUG-97                                                                                                                                                                                               

SQL> SELECT HIRE_DATE FROM EMPLOYEES WHERE HIRE_DATE LIKE '%-A%';

HIRE_DATE                                                                                                                                                                                               
---------                                                                                                                                                                                               
17-AUG-97                                                                                                                                                                                               

SQL> REM JAN , JUN , NOV
SQL> 
SQL> SELECT HIRE_DATE FROM EMPLOYEES WHERE HIRE_DATE LIKE '%N%';

HIRE_DATE                                                                                                                                                                                               
---------                                                                                                                                                                                               
13-JAN-93                                                                                                                                                                                               
03-JAN-90                                                                                                                                                                                               
16-NOV-99                                                                                                                                                                                               
29-JAN-97                                                                                                                                                                                               
29-JAN-00                                                                                                                                                                                               
07-JUN-94                                                                                                                                                                                               
07-JUN-94                                                                                                                                                                                               

7 rows selected.

SQL> REM 70s : 70 - 79
SQL> 
SQL> REM DISPLAY THOSE WHO WERE HIRED IN 90s
SQL> 
SQL> SELECT HIRE_DATE FROM EMPLOYEES WHERE HIRE_DATE LIKE '%9_';

HIRE_DATE                                                                                                                                                                                               
---------                                                                                                                                                                                               
13-JAN-93                                                                                                                                                                                               
03-JAN-90                                                                                                                                                                                               
21-MAY-91                                                                                                                                                                                               
07-FEB-99                                                                                                                                                                                               
16-NOV-99                                                                                                                                                                                               
17-OCT-95                                                                                                                                                                                               
29-JAN-97                                                                                                                                                                                               
15-MAR-98                                                                                                                                                                                               
09-JUL-98                                                                                                                                                                                               
11-MAY-96                                                                                                                                                                                               
24-MAR-98                                                                                                                                                                                               
24-MAY-99                                                                                                                                                                                               
17-FEB-96                                                                                                                                                                                               
17-AUG-97                                                                                                                                                                                               
07-JUN-94                                                                                                                                                                                               
07-JUN-94                                                                                                                                                                                               

16 rows selected.

SQL> SELECT * FROM MPSLIKETBL;

NAME                                                                                                                                                                                                    
------------------------------                                                                                                                                                                          
AMIT_ PATEL                                                                                                                                                                                             
AMIT_#PATEL                                                                                                                                                                                             
AMIT PATEL                                                                                                                                                                                              
AMIT_PATEL                                                                                                                                                                                              
AMIT%PATEL                                                                                                                                                                                              
AMIT_%PATEL                                                                                                                                                                                             
AMIT  PATEL                                                                                                                                                                                             
TAPAN PATEL                                                                                                                                                                                             
PARMAR TARAK                                                                                                                                                                                            

9 rows selected.

SQL> REM DISPLAY NAMES WHICH CONTAIN T_P
SQL> 
SQL> SELECT * FROM MPSLIKETBL WHERE NAME LIKE '%T_P%';

NAME                                                                                                                                                                                                    
------------------------------                                                                                                                                                                          
AMIT PATEL                                                                                                                                                                                              
AMIT_PATEL                                                                                                                                                                                              
AMIT%PATEL                                                                                                                                                                                              
TAPAN PATEL                                                                                                                                                                                             

SQL> 
SQL> SELECT * FROM MPSLIKETBL WHERE NAME LIKE '%T\_P%' ESCAPE '\';

NAME                                                                                                                                                                                                    
------------------------------                                                                                                                                                                          
AMIT_PATEL                                                                                                                                                                                              

SQL> SELECT * FROM MPSLIKETBL WHERE NAME LIKE '%T/_P%' ESCAPE '/';

NAME                                                                                                                                                                                                    
------------------------------                                                                                                                                                                          
AMIT_PATEL                                                                                                                                                                                              

SQL> SELECT * FROM MPSLIKETBL WHERE NAME LIKE '%TR_P%' ESCAPE 'R';

NAME                                                                                                                                                                                                    
------------------------------                                                                                                                                                                          
AMIT_PATEL                                                                                                                                                                                              

SQL> SELECT * FROM MPSLIKETBL WHERE NAME LIKE '%T4_P%' ESCAPE '4';

NAME                                                                                                                                                                                                    
------------------------------                                                                                                                                                                          
AMIT_PATEL                                                                                                                                                                                              

SQL> SELECT * FROM MPSLIKETBL WHERE NAME LIKE '%T''_P%' ESCAPE '''';

NAME                                                                                                                                                                                                    
------------------------------                                                                                                                                                                          
AMIT_PATEL                                                                                                                                                                                              

SQL> SELECT * FROM MPSLIKETBL WHERE NAME LIKE '%TGH_P%' ESCAPE 'GH';
SELECT * FROM MPSLIKETBL WHERE NAME LIKE '%TGH_P%' ESCAPE 'GH'
                                                          *
ERROR at line 1:
ORA-01425: escape character must be character string of length 1 


SQL> SELECT * FROM MPSLIKETBL WHERE NAME LIKE '%TGH_P%' ESCAPE ' ';

no rows selected

SQL> SELECT * FROM MPSLIKETBL WHERE NAME LIKE '%T _P%' ESCAPE ' ';

NAME                                                                                                                                                                                                    
------------------------------                                                                                                                                                                          
AMIT_PATEL                                                                                                                                                                                              

SQL> SELECT * FROM MPSLIKETBL WHERE NAME LIKE '%T__P%' ESCAPE '_';

NAME                                                                                                                                                                                                    
------------------------------                                                                                                                                                                          
AMIT_PATEL                                                                                                                                                                                              

SQL> SELECT * FROM MPSLIKETBL WHERE NAME LIKE '%T%_P%' ESCAPE '%';
SELECT * FROM MPSLIKETBL WHERE NAME LIKE '%T%_P%' ESCAPE '%'
                                         *
ERROR at line 1:
ORA-01424: missing or illegal character following the escape character 


SQL> SELECT * FROM MPSLIKETBL WHERE NAME LIKE '%TT_P%' ESCAPE 'T';

NAME                                                                                                                                                                                                    
------------------------------                                                                                                                                                                          
AMIT PATEL                                                                                                                                                                                              
AMIT_PATEL                                                                                                                                                                                              
AMIT%PATEL                                                                                                                                                                                              
TAPAN PATEL                                                                                                                                                                                             

SQL> SELECT * FROM MPSLIKETBL WHERE NAME LIKE '%TP_P%' ESCAPE 'P';

no rows selected

SQL> SELECT * FROM MPSLIKETBL WHERE NAME LIKE '%T&_P%' ESCAPE '&';
Enter value for _p: 
old   1: SELECT * FROM MPSLIKETBL WHERE NAME LIKE '%T&_P%' ESCAPE '&'
new   1: SELECT * FROM MPSLIKETBL WHERE NAME LIKE '%T%' ESCAPE '&'

NAME                                                                                                                                                                                                    
------------------------------                                                                                                                                                                          
AMIT_ PATEL                                                                                                                                                                                             
AMIT_#PATEL                                                                                                                                                                                             
AMIT PATEL                                                                                                                                                                                              
AMIT_PATEL                                                                                                                                                                                              
AMIT%PATEL                                                                                                                                                                                              
AMIT_%PATEL                                                                                                                                                                                             
AMIT  PATEL                                                                                                                                                                                             
TAPAN PATEL                                                                                                                                                                                             
PARMAR TARAK                                                                                                                                                                                            

9 rows selected.

SQL> REM DISPLAY NAMES WHICH CONTAIN T_%P
SQL> 
SQL> REM MPSLIKETBL
SQL> 
SQL> SELECT * FROM MPSLIKETBL WHERE NAME LIKE '%T\_\%P%' ESCAPE '\';

NAME                                                                                                                                                                                                    
------------------------------                                                                                                                                                                          
AMIT_%PATEL                                                                                                                                                                                             

SQL> SELECT * FROM MPSLIKETBL WHERE NAME LIKE '%T*_*%P%' ESCAPE '*';

NAME                                                                                                                                                                                                    
------------------------------                                                                                                                                                                          
AMIT_%PATEL                                                                                                                                                                                             

SQL> REM IS NULL IS USED TO COMPARE NULL VALUE.
SQL> 
SQL> SELECT * FROM EMPLOYEES WHERE COMMISSION_PCT IS NULL;

EMPLOYEE_ID FIRST_NAME LAST_NAME  EMAIL      PHONE_NUMBER         HIRE_DATE JOB_ID         SALARY COMMISSION_PCT MANAGER_ID DEPARTMENT_ID                                                               
----------- ---------- ---------- ---------- -------------------- --------- ---------- ---------- -------------- ---------- -------------                                                               
        100 Steven     King       SKING      515.123.4567         17-JUL-87 AD_PRES         24000                                      90                                                               
        101 Neena      Kochhar    NKOCHHAR   515.123.4568         21-SEP-89 AD_VP           17000                       100            90                                                               
        102 Lex        De Haan    LDEHAAN    515.123.4569         13-JAN-93 AD_VP           17000                       100            90                                                               
        103 Alexander  Hunold     AHUNOLD    590.423.4567         03-JAN-90 IT_PROG          9000                       102            60                                                               
        104 Bruce      Ernst      BERNST     590.423.4568         21-MAY-91 IT_PROG          6000                       103            60                                                               
        107 Diana      Lorentz    DLORENTZ   590.423.5567         07-FEB-99 IT_PROG          4200                       103            60                                                               
        124 Kevin      Mourgos    KMOURGOS   650.123.5234         16-NOV-99 ST_MAN           5800                       100            50                                                               
        141 Trenna     Rajs       TRAJS      650.121.8009         17-OCT-95 ST_CLERK         3500                       124            50                                                               
        142 Curtis     Davies     CDAVIES    650.121.2994         29-JAN-97 ST_CLERK         3100                       124            50                                                               
        143 Randall    Matos      RMATOS     650.121.2874         15-MAR-98 ST_CLERK         2600                       124            50                                                               
        144 Peter      Vargas     PVARGAS    650.121.2004         09-JUL-98 ST_CLERK         2500                       124            50                                                               
        200 Jennifer   Whalen     JWHALEN    515.123.4444         17-SEP-87 AD_ASST          4400                       101            10                                                               
        201 Michael    Hartstein  MHARTSTE   515.123.5555         17-FEB-96 MK_MAN          13000                       100            20                                                               
        202 Pat        Fay        PFAY       603.123.6666         17-AUG-97 MK_REP           6000                       201            20                                                               
        205 Shelley    Higgins    SHIGGINS   515.123.8080         07-JUN-94 AC_MGR          12000                       101           110                                                               
        206 William    Gietz      WGIETZ     515.123.8181         07-JUN-94 AC_ACCOUNT       8300                       205           110                                                               

16 rows selected.

SQL> REM DISPLAY INFO. ABOUT EMPLOYEES WHO DOESN'T REPORT ANY BODY.
SQL> 
SQL> SELECT * FROM EMPLOYEES WHERE MANAGER_ID IS NULL;

EMPLOYEE_ID FIRST_NAME LAST_NAME  EMAIL      PHONE_NUMBER         HIRE_DATE JOB_ID         SALARY COMMISSION_PCT MANAGER_ID DEPARTMENT_ID                                                               
----------- ---------- ---------- ---------- -------------------- --------- ---------- ---------- -------------- ---------- -------------                                                               
        100 Steven     King       SKING      515.123.4567         17-JUL-87 AD_PRES         24000                                      90                                                               

SQL> SELECT * FROM EXAM;

       RNO    ENGLISH      MATHS                                                                                                                                                                        
---------- ---------- ----------                                                                                                                                                                        
         1         30         33                                                                                                                                                                        
         2         70         20                                                                                                                                                                        
         3         30         10                                                                                                                                                                        
         4         33         70                                                                                                                                                                        

SQL> REM LOGICAL OPERATORS : () -> NOT -> AND -> OR
SQL> 
SQL> REM CONDITION : OPERAND1 OPERATOR OPERAND2
SQL> 
SQL> REM CONDITION : SALARY > 10000
SQL> 
SQL> 
SQL> 
SQL> REM NOT IS PLACED BEFORE CONDITION(S)
SQL> 
SQL> REM AND & OR ARE PLACED BETWEEN TWO CONDITIONS
SQL> 
SQL> 
SQL> 
SQL> REM NOT IS USED TO REVERSE THE RESULT OF CONDITION(S)
SQL> 
SQL> REM AND IS USED WHEN WE WANT TO PROCESS ROWS WHICH SATISFIES BOTH CONDITIONS.
SQL> 
SQL> REM OR IS USED WHEN WE WANT TO PROCESS ROWS WHICH SATISFIES ATLEAST ONE CONDITION.
SQL> 
SQL> 
SQL> 
SQL> 
SQL> SELECT * FROM EXAM;

       RNO    ENGLISH      MATHS                                                                                                                                                                        
---------- ---------- ----------                                                                                                                                                                        
         1         30         33                                                                                                                                                                        
         2         70         20                                                                                                                                                                        
         3         30         10                                                                                                                                                                        
         4         33         70                                                                                                                                                                        

SQL> REM PASSING LEVEL : 33/100
SQL> 
SQL> REM DISPLAY THOSE WHO ARE PASS IN ENGLISH SUBJECT
SQL> 
SQL> SELECT * FROM EXAM WHERE ENGLISH >= 33;

       RNO    ENGLISH      MATHS                                                                                                                                                                        
---------- ---------- ----------                                                                                                                                                                        
         2         70         20                                                                                                                                                                        
         4         33         70                                                                                                                                                                        

SQL> REM DISPLAY THOSE WHO ARE FAIL IN ENGLISH SUBJECT
SQL> 
SQL> SELECT * FROM EXAM WHERE NOT ENGLISH >= 33;

       RNO    ENGLISH      MATHS                                                                                                                                                                        
---------- ---------- ----------                                                                                                                                                                        
         1         30         33                                                                                                                                                                        
         3         30         10                                                                                                                                                                        

SQL> REM DISPLAY THOSE WHO WERE FAIL IN MATHS
SQL> 
SQL> SELECT * FROM EXAM;

       RNO    ENGLISH      MATHS                                                                                                                                                                        
---------- ---------- ----------                                                                                                                                                                        
         1         30         33                                                                                                                                                                        
         2         70         20                                                                                                                                                                        
         3         30         10                                                                                                                                                                        
         4         33         70                                                                                                                                                                        

SQL> SELECT * FROM EXAM WHERE MATHS < 33;

       RNO    ENGLISH      MATHS                                                                                                                                                                        
---------- ---------- ----------                                                                                                                                                                        
         2         70         20                                                                                                                                                                        
         3         30         10                                                                                                                                                                        

SQL> SELECT * FROM EXAM WHERE NOT MATHS >= 33;

       RNO    ENGLISH      MATHS                                                                                                                                                                        
---------- ---------- ----------                                                                                                                                                                        
         2         70         20                                                                                                                                                                        
         3         30         10                                                                                                                                                                        

SQL> REM DISPLAY THOSE WHOSE RESULT IS 'PASS'
SQL> 
SQL> SELECT * FROM EXAM WHERE ENGLISH >= 33 AND MATHS >= 33;

       RNO    ENGLISH      MATHS                                                                                                                                                                        
---------- ---------- ----------                                                                                                                                                                        
         4         33         70                                                                                                                                                                        

SQL> SELECT * FROM EXAM WHERE (ENGLISH ,MATHS) >= 33;
SELECT * FROM EXAM WHERE (ENGLISH ,MATHS) >= 33
                                          *
ERROR at line 1:
ORA-01796: this operator cannot be used with lists 


SQL> REM DISPLAY THOSE WHOSE RESULT IS 'FAIL'
SQL> 
SQL> SELECT * FROM EXAM WHERE ENGLISH < 33 OR MATHS < 33;

       RNO    ENGLISH      MATHS                                                                                                                                                                        
---------- ---------- ----------                                                                                                                                                                        
         1         30         33                                                                                                                                                                        
         2         70         20                                                                                                                                                                        
         3         30         10                                                                                                                                                                        

SQL> SELECT * FROM EXAM WHERE NOT ENGLISH >= 33 OR NOT MATHS >= 33;

       RNO    ENGLISH      MATHS                                                                                                                                                                        
---------- ---------- ----------                                                                                                                                                                        
         1         30         33                                                                                                                                                                        
         2         70         20                                                                                                                                                                        
         3         30         10                                                                                                                                                                        

SQL> SELECT * FROM EXAM WHERE NOT ENGLISH >= 33 AND NOT MATHS >= 33;

       RNO    ENGLISH      MATHS                                                                                                                                                                        
---------- ---------- ----------                                                                                                                                                                        
         3         30         10                                                                                                                                                                        

SQL> SELECT * FROM EXAM;

       RNO    ENGLISH      MATHS                                                                                                                                                                        
---------- ---------- ----------                                                                                                                                                                        
         1         30         33                                                                                                                                                                        
         2         70         20                                                                                                                                                                        
         3         30         10                                                                                                                                                                        
         4         33         70                                                                                                                                                                        

SQL> SELECT * FROM EXAM WHERE ENGLISH >= 33 AND NOT MATHS < 33;

       RNO    ENGLISH      MATHS                                                                                                                                                                        
---------- ---------- ----------                                                                                                                                                                        
         4         33         70                                                                                                                                                                        

SQL> SELECT * FROM EXAM WHERE ENGLISH < 33 OR NOT MATHS < 33;

       RNO    ENGLISH      MATHS                                                                                                                                                                        
---------- ---------- ----------                                                                                                                                                                        
         1         30         33                                                                                                                                                                        
         3         30         10                                                                                                                                                                        
         4         33         70                                                                                                                                                                        

SQL> SELECT FIRST_NAME , SALARY , JOB_ID , HIRE_DATE FROM EMPLOYEES ORDER BY 2;

FIRST_NAME     SALARY JOB_ID     HIRE_DATE                                                                                                                                                              
---------- ---------- ---------- ---------                                                                                                                                                              
Peter            2500 ST_CLERK   09-JUL-98                                                                                                                                                              
Randall          2600 ST_CLERK   15-MAR-98                                                                                                                                                              
Curtis           3100 ST_CLERK   29-JAN-97                                                                                                                                                              
Trenna           3500 ST_CLERK   17-OCT-95                                                                                                                                                              
Diana            4200 IT_PROG    07-FEB-99                                                                                                                                                              
Jennifer         4400 AD_ASST    17-SEP-87                                                                                                                                                              
Kevin            5800 ST_MAN     16-NOV-99                                                                                                                                                              
Bruce            6000 IT_PROG    21-MAY-91                                                                                                                                                              
Pat              6000 MK_REP     17-AUG-97                                                                                                                                                              
Kimerely         7000 SA_REP     24-MAY-99                                                                                                                                                              
William          8300 AC_ACCOUNT 07-JUN-94                                                                                                                                                              
Jonathon         8600 SA_REP     24-MAR-98                                                                                                                                                              
Alexander        9000 IT_PROG    03-JAN-90                                                                                                                                                              
Eleni           10500 SA_MAN     29-JAN-00                                                                                                                                                              
Ellen           11000 SA_REP     11-MAY-96                                                                                                                                                              
Shelley         12000 AC_MGR     07-JUN-94                                                                                                                                                              
Michael         13000 MK_MAN     17-FEB-96                                                                                                                                                              
Neena           17000 AD_VP      21-SEP-89                                                                                                                                                              
Lex             17000 AD_VP      13-JAN-93                                                                                                                                                              
Steven          24000 AD_PRES    17-JUL-87                                                                                                                                                              

20 rows selected.

SQL> SELECT FIRST_NAME , SALARY , JOB_ID , HIRE_DATE FROM EMPLOYEES WHERE SALARY >= 10500 AND JOB_ID LIKE '%REP' ORDER BY 2;

FIRST_NAME     SALARY JOB_ID     HIRE_DATE                                                                                                                                                              
---------- ---------- ---------- ---------                                                                                                                                                              
Ellen           11000 SA_REP     11-MAY-96                                                                                                                                                              

SQL> SELECT FIRST_NAME , SALARY , JOB_ID , HIRE_DATE FROM EMPLOYEES ORDER BY 2;

FIRST_NAME     SALARY JOB_ID     HIRE_DATE                                                                                                                                                              
---------- ---------- ---------- ---------                                                                                                                                                              
Peter            2500 ST_CLERK   09-JUL-98                                                                                                                                                              
Randall          2600 ST_CLERK   15-MAR-98                                                                                                                                                              
Curtis           3100 ST_CLERK   29-JAN-97                                                                                                                                                              
Trenna           3500 ST_CLERK   17-OCT-95                                                                                                                                                              
Diana            4200 IT_PROG    07-FEB-99                                                                                                                                                              
Jennifer         4400 AD_ASST    17-SEP-87                                                                                                                                                              
Kevin            5800 ST_MAN     16-NOV-99                                                                                                                                                              
Bruce            6000 IT_PROG    21-MAY-91                                                                                                                                                              
Pat              6000 MK_REP     17-AUG-97                                                                                                                                                              
Kimerely         7000 SA_REP     24-MAY-99                                                                                                                                                              
William          8300 AC_ACCOUNT 07-JUN-94                                                                                                                                                              
Jonathon         8600 SA_REP     24-MAR-98                                                                                                                                                              
Alexander        9000 IT_PROG    03-JAN-90                                                                                                                                                              
Eleni           10500 SA_MAN     29-JAN-00                                                                                                                                                              
Ellen           11000 SA_REP     11-MAY-96                                                                                                                                                              
Shelley         12000 AC_MGR     07-JUN-94                                                                                                                                                              
Michael         13000 MK_MAN     17-FEB-96                                                                                                                                                              
Neena           17000 AD_VP      21-SEP-89                                                                                                                                                              
Lex             17000 AD_VP      13-JAN-93                                                                                                                                                              
Steven          24000 AD_PRES    17-JUL-87                                                                                                                                                              

20 rows selected.

SQL> SELECT FIRST_NAME , SALARY , JOB_ID , HIRE_DATE FROM EMPLOYEES WHERE SALARY >= 10500 OR JOB_ID LIKE '%REP' ORDER BY 2;

FIRST_NAME     SALARY JOB_ID     HIRE_DATE                                                                                                                                                              
---------- ---------- ---------- ---------                                                                                                                                                              
Pat              6000 MK_REP     17-AUG-97                                                                                                                                                              
Kimerely         7000 SA_REP     24-MAY-99                                                                                                                                                              
Jonathon         8600 SA_REP     24-MAR-98                                                                                                                                                              
Eleni           10500 SA_MAN     29-JAN-00                                                                                                                                                              
Ellen           11000 SA_REP     11-MAY-96                                                                                                                                                              
Shelley         12000 AC_MGR     07-JUN-94                                                                                                                                                              
Michael         13000 MK_MAN     17-FEB-96                                                                                                                                                              
Lex             17000 AD_VP      13-JAN-93                                                                                                                                                              
Neena           17000 AD_VP      21-SEP-89                                                                                                                                                              
Steven          24000 AD_PRES    17-JUL-87                                                                                                                                                              

10 rows selected.

SQL> SELECT FIRST_NAME , SALARY , JOB_ID , HIRE_DATE FROM EMPLOYEES ORDER BY 2;

FIRST_NAME     SALARY JOB_ID     HIRE_DATE                                                                                                                                                              
---------- ---------- ---------- ---------                                                                                                                                                              
Peter            2500 ST_CLERK   09-JUL-98                                                                                                                                                              
Randall          2600 ST_CLERK   15-MAR-98                                                                                                                                                              
Curtis           3100 ST_CLERK   29-JAN-97                                                                                                                                                              
Trenna           3500 ST_CLERK   17-OCT-95                                                                                                                                                              
Diana            4200 IT_PROG    07-FEB-99                                                                                                                                                              
Jennifer         4400 AD_ASST    17-SEP-87                                                                                                                                                              
Kevin            5800 ST_MAN     16-NOV-99                                                                                                                                                              
Bruce            6000 IT_PROG    21-MAY-91                                                                                                                                                              
Pat              6000 MK_REP     17-AUG-97                                                                                                                                                              
Kimerely         7000 SA_REP     24-MAY-99                                                                                                                                                              
William          8300 AC_ACCOUNT 07-JUN-94                                                                                                                                                              
Jonathon         8600 SA_REP     24-MAR-98                                                                                                                                                              
Alexander        9000 IT_PROG    03-JAN-90                                                                                                                                                              
Eleni           10500 SA_MAN     29-JAN-00                                                                                                                                                              
Ellen           11000 SA_REP     11-MAY-96                                                                                                                                                              
Shelley         12000 AC_MGR     07-JUN-94                                                                                                                                                              
Michael         13000 MK_MAN     17-FEB-96                                                                                                                                                              
Neena           17000 AD_VP      21-SEP-89                                                                                                                                                              
Lex             17000 AD_VP      13-JAN-93                                                                                                                                                              
Steven          24000 AD_PRES    17-JUL-87                                                                                                                                                              

20 rows selected.

SQL> SELECT FIRST_NAME , SALARY , JOB_ID , HIRE_DATE FROM EMPLOYEES WHERE SALARY >= 10500 AND JOB_ID NOT LIKE '%REP' ORDER BY 2;

FIRST_NAME     SALARY JOB_ID     HIRE_DATE                                                                                                                                                              
---------- ---------- ---------- ---------                                                                                                                                                              
Eleni           10500 SA_MAN     29-JAN-00                                                                                                                                                              
Shelley         12000 AC_MGR     07-JUN-94                                                                                                                                                              
Michael         13000 MK_MAN     17-FEB-96                                                                                                                                                              
Neena           17000 AD_VP      21-SEP-89                                                                                                                                                              
Lex             17000 AD_VP      13-JAN-93                                                                                                                                                              
Steven          24000 AD_PRES    17-JUL-87                                                                                                                                                              

6 rows selected.

SQL> SELECT FIRST_NAME , SALARY , JOB_ID , HIRE_DATE FROM EMPLOYEES ORDER BY 2;

FIRST_NAME     SALARY JOB_ID     HIRE_DATE                                                                                                                                                              
---------- ---------- ---------- ---------                                                                                                                                                              
Peter            2500 ST_CLERK   09-JUL-98                                                                                                                                                              
Randall          2600 ST_CLERK   15-MAR-98                                                                                                                                                              
Curtis           3100 ST_CLERK   29-JAN-97                                                                                                                                                              
Trenna           3500 ST_CLERK   17-OCT-95                                                                                                                                                              
Diana            4200 IT_PROG    07-FEB-99                                                                                                                                                              
Jennifer         4400 AD_ASST    17-SEP-87                                                                                                                                                              
Kevin            5800 ST_MAN     16-NOV-99                                                                                                                                                              
Bruce            6000 IT_PROG    21-MAY-91                                                                                                                                                              
Pat              6000 MK_REP     17-AUG-97                                                                                                                                                              
Kimerely         7000 SA_REP     24-MAY-99                                                                                                                                                              
William          8300 AC_ACCOUNT 07-JUN-94                                                                                                                                                              
Jonathon         8600 SA_REP     24-MAR-98                                                                                                                                                              
Alexander        9000 IT_PROG    03-JAN-90                                                                                                                                                              
Eleni           10500 SA_MAN     29-JAN-00                                                                                                                                                              
Ellen           11000 SA_REP     11-MAY-96                                                                                                                                                              
Shelley         12000 AC_MGR     07-JUN-94                                                                                                                                                              
Michael         13000 MK_MAN     17-FEB-96                                                                                                                                                              
Neena           17000 AD_VP      21-SEP-89                                                                                                                                                              
Lex             17000 AD_VP      13-JAN-93                                                                                                                                                              
Steven          24000 AD_PRES    17-JUL-87                                                                                                                                                              

20 rows selected.

SQL> SELECT FIRST_NAME , SALARY , JOB_ID , HIRE_DATE FROM EMPLOYEES WHERE SALARY >= 10500 OR NOT HIRE_DATE LIKE '%9_' ORDER BY 2;

FIRST_NAME     SALARY JOB_ID     HIRE_DATE                                                                                                                                                              
---------- ---------- ---------- ---------                                                                                                                                                              
Jennifer         4400 AD_ASST    17-SEP-87                                                                                                                                                              
Eleni           10500 SA_MAN     29-JAN-00                                                                                                                                                              
Ellen           11000 SA_REP     11-MAY-96                                                                                                                                                              
Shelley         12000 AC_MGR     07-JUN-94                                                                                                                                                              
Michael         13000 MK_MAN     17-FEB-96                                                                                                                                                              
Lex             17000 AD_VP      13-JAN-93                                                                                                                                                              
Neena           17000 AD_VP      21-SEP-89                                                                                                                                                              
Steven          24000 AD_PRES    17-JUL-87                                                                                                                                                              

8 rows selected.

SQL> REM PRECEDENCE : () -> NOT -> AND -> OR
SQL> 
SQL> SELECT * FROM EMPLOYEES;

EMPLOYEE_ID FIRST_NAME LAST_NAME  EMAIL      PHONE_NUMBER         HIRE_DATE JOB_ID         SALARY COMMISSION_PCT MANAGER_ID DEPARTMENT_ID                                                               
----------- ---------- ---------- ---------- -------------------- --------- ---------- ---------- -------------- ---------- -------------                                                               
        100 Steven     King       SKING      515.123.4567         17-JUL-87 AD_PRES         24000                                      90                                                               
        101 Neena      Kochhar    NKOCHHAR   515.123.4568         21-SEP-89 AD_VP           17000                       100            90                                                               
        102 Lex        De Haan    LDEHAAN    515.123.4569         13-JAN-93 AD_VP           17000                       100            90                                                               
        103 Alexander  Hunold     AHUNOLD    590.423.4567         03-JAN-90 IT_PROG          9000                       102            60                                                               
        104 Bruce      Ernst      BERNST     590.423.4568         21-MAY-91 IT_PROG          6000                       103            60                                                               
        107 Diana      Lorentz    DLORENTZ   590.423.5567         07-FEB-99 IT_PROG          4200                       103            60                                                               
        124 Kevin      Mourgos    KMOURGOS   650.123.5234         16-NOV-99 ST_MAN           5800                       100            50                                                               
        141 Trenna     Rajs       TRAJS      650.121.8009         17-OCT-95 ST_CLERK         3500                       124            50                                                               
        142 Curtis     Davies     CDAVIES    650.121.2994         29-JAN-97 ST_CLERK         3100                       124            50                                                               
        143 Randall    Matos      RMATOS     650.121.2874         15-MAR-98 ST_CLERK         2600                       124            50                                                               
        144 Peter      Vargas     PVARGAS    650.121.2004         09-JUL-98 ST_CLERK         2500                       124            50                                                               
        149 Eleni      Zlotkey    EZLOTKEY   011.44.1344.429018   29-JAN-00 SA_MAN          10500             .2        100            80                                                               
        174 Ellen      Abel       EABEL      011.44.1644.429267   11-MAY-96 SA_REP          11000             .3        149            80                                                               
        176 Jonathon   Taylor     JTAYLOR    011.44.1644.429265   24-MAR-98 SA_REP           8600             .3        149            80                                                               
        178 Kimerely   Grant      KGRANT     011.44.1644.429263   24-MAY-99 SA_REP           7000            .15        149                                                                             
        200 Jennifer   Whalen     JWHALEN    515.123.4444         17-SEP-87 AD_ASST          4400                       101            10                                                               
        201 Michael    Hartstein  MHARTSTE   515.123.5555         17-FEB-96 MK_MAN          13000                       100            20                                                               
        202 Pat        Fay        PFAY       603.123.6666         17-AUG-97 MK_REP           6000                       201            20                                                               
        205 Shelley    Higgins    SHIGGINS   515.123.8080         07-JUN-94 AC_MGR          12000                       101           110                                                               
        206 William    Gietz      WGIETZ     515.123.8181         07-JUN-94 AC_ACCOUNT       8300                       205           110                                                               

20 rows selected.

SQL> REM DISPLAY THOSE WHO GETS SALARY 8800 OR MORE AND WORKS IN ANY OF THE DEPARTMENT 80 , 110 (DONT' USE SPECIAL OPERATOR AND MULTI ROW OPERATORS)
SQL> 
SQL> SELECT * FROM EMPLOYEES WHERE SALARY >= 8800 AND (DEPARTMENT_ID = 80 OR DEPARTMENT_ID = 110);

EMPLOYEE_ID FIRST_NAME LAST_NAME  EMAIL      PHONE_NUMBER         HIRE_DATE JOB_ID         SALARY COMMISSION_PCT MANAGER_ID DEPARTMENT_ID                                                               
----------- ---------- ---------- ---------- -------------------- --------- ---------- ---------- -------------- ---------- -------------                                                               
        149 Eleni      Zlotkey    EZLOTKEY   011.44.1344.429018   29-JAN-00 SA_MAN          10500             .2        100            80                                                               
        174 Ellen      Abel       EABEL      011.44.1644.429267   11-MAY-96 SA_REP          11000             .3        149            80                                                               
        205 Shelley    Higgins    SHIGGINS   515.123.8080         07-JUN-94 AC_MGR          12000                       101           110                                                               

SQL> REM DISPLAY SA_REP WHO GETS SALARY 8500 OR MORE AND ALL IT_PROG
SQL> 
SQL> SELECT * FROM EMPLOYEES WHERE SALARY >= 8500 AND JOB_ID = 'SA_REP
  2  
SQL> 
SQL> SELECT * FROM EMPLOYEES WHERE SALARY >= 8500 AND JOB_ID = 'SA_REP ' OR JOB_ID = 'IT_PROG';

EMPLOYEE_ID FIRST_NAME LAST_NAME  EMAIL      PHONE_NUMBER         HIRE_DATE JOB_ID         SALARY COMMISSION_PCT MANAGER_ID DEPARTMENT_ID                                                               
----------- ---------- ---------- ---------- -------------------- --------- ---------- ---------- -------------- ---------- -------------                                                               
        103 Alexander  Hunold     AHUNOLD    590.423.4567         03-JAN-90 IT_PROG          9000                       102            60                                                               
        104 Bruce      Ernst      BERNST     590.423.4568         21-MAY-91 IT_PROG          6000                       103            60                                                               
        107 Diana      Lorentz    DLORENTZ   590.423.5567         07-FEB-99 IT_PROG          4200                       103            60                                                               

SQL> SELECT * FROM EMPLOYEES WHERE SALARY >= 8500 AND JOB_ID = 'SA_REP' OR JOB_ID = 'IT_PROG';

EMPLOYEE_ID FIRST_NAME LAST_NAME  EMAIL      PHONE_NUMBER         HIRE_DATE JOB_ID         SALARY COMMISSION_PCT MANAGER_ID DEPARTMENT_ID                                                               
----------- ---------- ---------- ---------- -------------------- --------- ---------- ---------- -------------- ---------- -------------                                                               
        103 Alexander  Hunold     AHUNOLD    590.423.4567         03-JAN-90 IT_PROG          9000                       102            60                                                               
        104 Bruce      Ernst      BERNST     590.423.4568         21-MAY-91 IT_PROG          6000                       103            60                                                               
        107 Diana      Lorentz    DLORENTZ   590.423.5567         07-FEB-99 IT_PROG          4200                       103            60                                                               
        174 Ellen      Abel       EABEL      011.44.1644.429267   11-MAY-96 SA_REP          11000             .3        149            80                                                               
        176 Jonathon   Taylor     JTAYLOR    011.44.1644.429265   24-MAR-98 SA_REP           8600             .3        149            80                                                               

SQL> SPOOL FF
