SQL> 
SQL> SELECT SALARY,  HIRE_DATE, SUBSTR(HIRE_DATE,1,2),
  2          CASE WHEN SUBSTR(HIRE_DATE,1,2) <=7 THEN SALARY*1.1
  3          WHEN SUBSTR(HIRE_DATE,1,2) >7 AND SUBSTR(HIRE_DATE,1,2) <=14 THEN SALARY*1.2
  4          WHEN SUBSTR(HIRE_DATE,1,2) >14 AND SUBSTR(HIRE_DATE,1,2)  <=21 THEN SALARY*1.3
  5          WHEN SUBSTR(HIRE_DATE,1,2) >21 AND SUBSTR(HIRE_DATE,1,2) <=28 THEN SALARY*1.4  ELSE SALARY*1.5 END "NEW SALARY"
  6          FROM EMPLOYEES ORDER BY HIRE_DATE;

    SALARY HIRE_DATE SUBSTR(H NEW SALARY                                                                                                                                                                
---------- --------- -------- ----------                                                                                                                                                                
     24000 17-JUL-87 17            31200                                                                                                                                                                
      4400 17-SEP-87 17             5720                                                                                                                                                                
     17000 21-SEP-89 21            22100                                                                                                                                                                
      9000 03-JAN-90 03             9900                                                                                                                                                                
      6000 21-MAY-91 21             7800                                                                                                                                                                
     17000 13-JAN-93 13            20400                                                                                                                                                                
     12000 07-JUN-94 07            13200                                                                                                                                                                
      8300 07-JUN-94 07             9130                                                                                                                                                                
      3500 17-OCT-95 17             4550                                                                                                                                                                
     13000 17-FEB-96 17            16900                                                                                                                                                                
     11000 11-MAY-96 11            13200                                                                                                                                                                
      3100 29-JAN-97 29             4650                                                                                                                                                                
      6000 17-AUG-97 17             7800                                                                                                                                                                
      2600 15-MAR-98 15             3380                                                                                                                                                                
      8600 24-MAR-98 24            12040                                                                                                                                                                
      2500 09-JUL-98 09             3000                                                                                                                                                                
      4200 07-FEB-99 07             4620                                                                                                                                                                
      7000 24-MAY-99 24             9800                                                                                                                                                                
      5800 16-NOV-99 16             7540                                                                                                                                                                
     10500 29-JAN-00 29            15750                                                                                                                                                                

20 rows selected.

SQL> SELECT FIRST_NAME,SALARY,LENGTH(TRANSLATE(FIRST_NAME,'*BCDFGHJKLMNPQRSTVWXYZbcdfghjklsmnpqrstvwxyz','*')) ,
  2        CASE  WHEN LENGTH(TRANSLATE(FIRST_NAME,'*BCDFGHJKLMNPQRSTVWXYZbcdfghjklsmnpqrstvwxyz','*')) = 1 THEN SALARY*1.1
  3              WHEN LENGTH(TRANSLATE(FIRST_NAME,'*BCDFGHJKLMNPQRSTVWXYZbcdfghjklsmnpqrstvwxyz','*')) = 2 THEN SALARY*1.2
  4              WHEN LENGTH(TRANSLATE(FIRST_NAME,'*BCDFGHJKLMNPQRSTVWXYZbcdfghjklsmnpqrstvwxyz','*')) = 3 THEN SALARY*1.3
  5              WHEN LENGTH(TRANSLATE(FIRST_NAME,'*BCDFGHJKLMNPQRSTVWXYZbcdfghjklsmnpqrstvwxyz','*')) = 4 THEN SALARY*1.4
  6              ELSE SALARY*1.5 END "NEW SALARY"
  7              FROM EMPLOYEES;

FIRST_NAME     SALARY LENGTH(TRANSLATE(FIRST_NAME,'*BCDFGHJKLMNPQRSTVWXYZBCDFGHJKLSMNPQRSTVWXYZ','*')) NEW SALARY                                                                                       
---------- ---------- -------------------------------------------------------------------------------- ----------                                                                                       
Steven          24000                                                                                2      28800                                                                                       
Neena           17000                                                                                3      22100                                                                                       
Lex             17000                                                                                1      18700                                                                                       
Alexander        9000                                                                                4      12600                                                                                       
Bruce            6000                                                                                2       7200                                                                                       
Diana            4200                                                                                3       5460                                                                                       
Kevin            5800                                                                                2       6960                                                                                       
Trenna           3500                                                                                2       4200                                                                                       
Curtis           3100                                                                                2       3720                                                                                       
Randall          2600                                                                                2       3120                                                                                       
Peter            2500                                                                                2       3000                                                                                       
Eleni           10500                                                                                3      13650                                                                                       
Ellen           11000                                                                                2      13200                                                                                       
Jonathon         8600                                                                                3      11180                                                                                       
Kimerely         7000                                                                                3       9100                                                                                       
Jennifer         4400                                                                                3       5720                                                                                       
Michael         13000                                                                                3      16900                                                                                       
Pat              6000                                                                                1       6600                                                                                       
Shelley         12000                                                                                2      14400                                                                                       
William          8300                                                                                3      10790                                                                                       

20 rows selected.

SQL> SELECT FIRST_NAME,HIRE_DATE,SALARY,
  2  CASE WHEN SUBSTR(HIRE_DATE,1,2) <= 7 THEN SALARY * 1.1
  3            WHEN SUBSTR(HIRE_DATE,1,2) <=14 THEN SALARY * 1.2
  4            WHEN SUBSTR(HIRE_DATE,1,2) <=21 THEN SALARY * 1.3
  5            WHEN SUBSTR(HIRE_DATE,1,2) <=28 THEN SALARY * 1.4
  6            ELSE SALARY * 1.5 END NEW_SALARY
  7            FROM EMPLOYEES;

FIRST_NAME HIRE_DATE     SALARY NEW_SALARY                                                                                                                                                              
---------- --------- ---------- ----------                                                                                                                                                              
Steven     17-JUL-87      24000      31200                                                                                                                                                              
Neena      21-SEP-89      17000      22100                                                                                                                                                              
Lex        13-JAN-93      17000      20400                                                                                                                                                              
Alexander  03-JAN-90       9000       9900                                                                                                                                                              
Bruce      21-MAY-91       6000       7800                                                                                                                                                              
Diana      07-FEB-99       4200       4620                                                                                                                                                              
Kevin      16-NOV-99       5800       7540                                                                                                                                                              
Trenna     17-OCT-95       3500       4550                                                                                                                                                              
Curtis     29-JAN-97       3100       4650                                                                                                                                                              
Randall    15-MAR-98       2600       3380                                                                                                                                                              
Peter      09-JUL-98       2500       3000                                                                                                                                                              
Eleni      29-JAN-00      10500      15750                                                                                                                                                              
Ellen      11-MAY-96      11000      13200                                                                                                                                                              
Jonathon   24-MAR-98       8600      12040                                                                                                                                                              
Kimerely   24-MAY-99       7000       9800                                                                                                                                                              
Jennifer   17-SEP-87       4400       5720                                                                                                                                                              
Michael    17-FEB-96      13000      16900                                                                                                                                                              
Pat        17-AUG-97       6000       7800                                                                                                                                                              
Shelley    07-JUN-94      12000      13200                                                                                                                                                              
William    07-JUN-94       8300       9130                                                                                                                                                              

20 rows selected.

SQL> SELECT FIRST_NAME,SALARY,LENGTH(TRANSLATE(FIRST_NAME,'*BCDFGHJKLMNPQRSTVWXYZbcdfghjklsmnpqrstvwxyz','*')) VOWELS,
  2       CASE  WHEN LENGTH(TRANSLATE(FIRST_NAME,'*BCDFGHJKLMNPQRSTVWXYZbcdfghjklmnpqrstvwxyz','*')) <= 1 THEN SALARY*1.1
  3             WHEN LENGTH(TRANSLATE(FIRST_NAME,'*BCDFGHJKLMNPQRSTVWXYZbcdfghjklmnpqrstvwxyz','*')) <= 2 THEN SALARY*1.2
  4             WHEN LENGTH(TRANSLATE(FIRST_NAME,'*BCDFGHJKLMNPQRSTVWXYZbcdfghjklmnpqrstvwxyz','*')) <= 3 THEN SALARY*1.3
  5             WHEN LENGTH(TRANSLATE(FIRST_NAME,'*BCDFGHJKLMNPQRSTVWXYZbcdfghjklmnpqrstvwxyz','*')) <= 4 THEN SALARY*1.4
  6             ELSE SALARY*1.5 END "NEW SALARY"
  7             FROM EMPLOYEES;

FIRST_NAME     SALARY     VOWELS NEW SALARY                                                                                                                                                             
---------- ---------- ---------- ----------                                                                                                                                                             
Steven          24000          2      28800                                                                                                                                                             
Neena           17000          3      22100                                                                                                                                                             
Lex             17000          1      18700                                                                                                                                                             
Alexander        9000          4      12600                                                                                                                                                             
Bruce            6000          2       7200                                                                                                                                                             
Diana            4200          3       5460                                                                                                                                                             
Kevin            5800          2       6960                                                                                                                                                             
Trenna           3500          2       4200                                                                                                                                                             
Curtis           3100          2       3720                                                                                                                                                             
Randall          2600          2       3120                                                                                                                                                             
Peter            2500          2       3000                                                                                                                                                             
Eleni           10500          3      13650                                                                                                                                                             
Ellen           11000          2      13200                                                                                                                                                             
Jonathon         8600          3      11180                                                                                                                                                             
Kimerely         7000          3       9100                                                                                                                                                             
Jennifer         4400          3       5720                                                                                                                                                             
Michael         13000          3      16900                                                                                                                                                             
Pat              6000          1       6600                                                                                                                                                             
Shelley         12000          2      14400                                                                                                                                                             
William          8300          3      10790                                                                                                                                                             

20 rows selected.

SQL> SELECT FIRST_NAME,HIRE_DATE,SALARY,
  2  CASE WHEN SUBSTR(HIRE_DATE,1,2) <= 7 THEN SALARY * 1.1
  3            WHEN SUBSTR(HIRE_DATE,1,2) <=14 THEN SALARY * 1.2
  4            WHEN SUBSTR(HIRE_DATE,1,2) <=21 THEN SALARY * 1.3
  5            WHEN SUBSTR(HIRE_DATE,1,2) <=28 THEN SALARY * 1.4
  6            ELSE SALARY * 1.5 END NEW_SALARY
  7            FROM EMPLOYEES
  8  
SQL> SELECT FIRST_NAME , HIRE_DATE , SALARY ,
  2  CASE TRUNC((SUBSTR(HIRE_DATE,1,2)/7) WHEN 1 THEN SALARY 1.1
  3                                       WHEN 2 THEN SALARY * 1.2
  4  
SQL> 
SQL> SELECT FIRST_NAME , HIRE_DATE , SALARY ,
  2  CASE TRUNC((SUBSTR(HIRE_DATE,1,2)/7) WHEN 1 THEN SALARY * 1.1
  3                                       WHEN 2 THEN SALARY * 1.2
  4                                       WHEN 3 THEN SALARY * 1.3
  5                                       WHEN 4 THEN SALARY * 1.4 ELSE SALARY * 1.5 END NEW_SALARY
  6  FROM EMPLOYEES;
CASE TRUNC((SUBSTR(HIRE_DATE,1,2)/7) WHEN 1 THEN SALARY * 1.1
          *
ERROR at line 2:
ORA-00923: FROM keyword not found where expected 


SQL> SELECT FIRST_NAME , HIRE_DATE , SALARY ,
  2  CASE TRUNC(SUBSTR(HIRE_DATE,1,2)/7) WHEN 1 THEN SALARY * 1.1
  3                                      WHEN 2 THEN SALARY * 1.2
  4                                      WHEN 3 THEN SALARY * 1.3
  5                                      WHEN 4 THEN SALARY * 1.4 ELSE SALARY * 1.5 END NEW_SALARY
  6  FROM EMPLOYEES;

FIRST_NAME HIRE_DATE     SALARY NEW_SALARY                                                                                                                                                              
---------- --------- ---------- ----------                                                                                                                                                              
Steven     17-JUL-87      24000      28800                                                                                                                                                              
Neena      21-SEP-89      17000      22100                                                                                                                                                              
Lex        13-JAN-93      17000      18700                                                                                                                                                              
Alexander  03-JAN-90       9000      13500                                                                                                                                                              
Bruce      21-MAY-91       6000       7800                                                                                                                                                              
Diana      07-FEB-99       4200       4620                                                                                                                                                              
Kevin      16-NOV-99       5800       6960                                                                                                                                                              
Trenna     17-OCT-95       3500       4200                                                                                                                                                              
Curtis     29-JAN-97       3100       4340                                                                                                                                                              
Randall    15-MAR-98       2600       3120                                                                                                                                                              
Peter      09-JUL-98       2500       2750                                                                                                                                                              
Eleni      29-JAN-00      10500      14700                                                                                                                                                              
Ellen      11-MAY-96      11000      12100                                                                                                                                                              
Jonathon   24-MAR-98       8600      11180                                                                                                                                                              
Kimerely   24-MAY-99       7000       9100                                                                                                                                                              
Jennifer   17-SEP-87       4400       5280                                                                                                                                                              
Michael    17-FEB-96      13000      15600                                                                                                                                                              
Pat        17-AUG-97       6000       7200                                                                                                                                                              
Shelley    07-JUN-94      12000      13200                                                                                                                                                              
William    07-JUN-94       8300       9130                                                                                                                                                              

20 rows selected.

SQL> SELECT FIRST_NAME , HIRE_DATE , SALARY ,
  2  CASE TRUNC((SUBSTR(HIRE_DATE,1,2)/7) WHEN 0 THEN SALARY * 1.1
  3                                       WHEN 1 THEN SALARY * 1.2
  4                                       WHEN 2 THEN SALARY * 1.3
  5                                       WHEN 3 THEN SALARY * 1.4 ELSE SALARY * 1.5 END NEW_SALARY
  6  FROM EMPLOYEES;
CASE TRUNC((SUBSTR(HIRE_DATE,1,2)/7) WHEN 0 THEN SALARY * 1.1
          *
ERROR at line 2:
ORA-00923: FROM keyword not found where expected 


SQL> SELECT FIRST_NAME , HIRE_DATE , SALARY ,
  2  CASE TRUNC(SUBSTR(HIRE_DATE,1,2)/7) WHEN 0 THEN SALARY * 1.1
  3                                       WHEN 1 THEN SALARY * 1.2
  4                                       WHEN 2 THEN SALARY * 1.3
  5                                       WHEN 3 THEN SALARY * 1.4 ELSE SALARY * 1.5 END NEW_SALARY
  6  FROM EMPLOYEES;

FIRST_NAME HIRE_DATE     SALARY NEW_SALARY                                                                                                                                                              
---------- --------- ---------- ----------                                                                                                                                                              
Steven     17-JUL-87      24000      31200                                                                                                                                                              
Neena      21-SEP-89      17000      23800                                                                                                                                                              
Lex        13-JAN-93      17000      20400                                                                                                                                                              
Alexander  03-JAN-90       9000       9900                                                                                                                                                              
Bruce      21-MAY-91       6000       8400                                                                                                                                                              
Diana      07-FEB-99       4200       5040                                                                                                                                                              
Kevin      16-NOV-99       5800       7540                                                                                                                                                              
Trenna     17-OCT-95       3500       4550                                                                                                                                                              
Curtis     29-JAN-97       3100       4650                                                                                                                                                              
Randall    15-MAR-98       2600       3380                                                                                                                                                              
Peter      09-JUL-98       2500       3000                                                                                                                                                              
Eleni      29-JAN-00      10500      15750                                                                                                                                                              
Ellen      11-MAY-96      11000      13200                                                                                                                                                              
Jonathon   24-MAR-98       8600      12040                                                                                                                                                              
Kimerely   24-MAY-99       7000       9800                                                                                                                                                              
Jennifer   17-SEP-87       4400       5720                                                                                                                                                              
Michael    17-FEB-96      13000      16900                                                                                                                                                              
Pat        17-AUG-97       6000       7800                                                                                                                                                              
Shelley    07-JUN-94      12000      14400                                                                                                                                                              
William    07-JUN-94       8300       9960                                                                                                                                                              

20 rows selected.

SQL> CASE TRUNC(SUBSTR(HIRE_DATE+1,1,2)/7) WHEN 0 THEN SALARY * 1.1
SP2-0734: unknown command beginning "CASE TRUNC..." - rest of line ignored.
SQL> 
SQL> SELECT FIRST_NAME , HIRE_DATE , SALARY ,
  2  CASE TRUNC(SUBSTR(HIRE_DATE+1,1,2)/7) WHEN 0 THEN SALARY * 1.1
  3                                       WHEN 1 THEN SALARY * 1.2
  4                                       WHEN 2 THEN SALARY * 1.3
  5                                       WHEN 3 THEN SALARY * 1.4 ELSE SALARY * 1.5 END NEW_SALARY
  6  FROM EMPLOYEES;

FIRST_NAME HIRE_DATE     SALARY NEW_SALARY                                                                                                                                                              
---------- --------- ---------- ----------                                                                                                                                                              
Steven     17-JUL-87      24000      31200                                                                                                                                                              
Neena      21-SEP-89      17000      23800                                                                                                                                                              
Lex        13-JAN-93      17000      22100                                                                                                                                                              
Alexander  03-JAN-90       9000       9900                                                                                                                                                              
Bruce      21-MAY-91       6000       8400                                                                                                                                                              
Diana      07-FEB-99       4200       5040                                                                                                                                                              
Kevin      16-NOV-99       5800       7540                                                                                                                                                              
Trenna     17-OCT-95       3500       4550                                                                                                                                                              
Curtis     29-JAN-97       3100       4650                                                                                                                                                              
Randall    15-MAR-98       2600       3380                                                                                                                                                              
Peter      09-JUL-98       2500       3000                                                                                                                                                              
Eleni      29-JAN-00      10500      15750                                                                                                                                                              
Ellen      11-MAY-96      11000      13200                                                                                                                                                              
Jonathon   24-MAR-98       8600      12040                                                                                                                                                              
Kimerely   24-MAY-99       7000       9800                                                                                                                                                              
Jennifer   17-SEP-87       4400       5720                                                                                                                                                              
Michael    17-FEB-96      13000      16900                                                                                                                                                              
Pat        17-AUG-97       6000       7800                                                                                                                                                              
Shelley    07-JUN-94      12000      14400                                                                                                                                                              
William    07-JUN-94       8300       9960                                                                                                                                                              

20 rows selected.

SQL> SELECT FIRST_NAME , HIRE_DATE , SALARY ,
  2  CASE TRUNC(SUBSTR(HIRE_DATE-1,1,2)/7) WHEN 0 THEN SALARY * 1.1
  3                                       WHEN 1 THEN SALARY * 1.2
  4                                       WHEN 2 THEN SALARY * 1.3
  5                                       WHEN 3 THEN SALARY * 1.4 ELSE SALARY * 1.5 END NEW_SALARY
  6  FROM EMPLOYEES;

FIRST_NAME HIRE_DATE     SALARY NEW_SALARY                                                                                                                                                              
---------- --------- ---------- ----------                                                                                                                                                              
Steven     17-JUL-87      24000      31200                                                                                                                                                              
Neena      21-SEP-89      17000      22100                                                                                                                                                              
Lex        13-JAN-93      17000      20400                                                                                                                                                              
Alexander  03-JAN-90       9000       9900                                                                                                                                                              
Bruce      21-MAY-91       6000       7800                                                                                                                                                              
Diana      07-FEB-99       4200       4620                                                                                                                                                              
Kevin      16-NOV-99       5800       7540                                                                                                                                                              
Trenna     17-OCT-95       3500       4550                                                                                                                                                              
Curtis     29-JAN-97       3100       4650                                                                                                                                                              
Randall    15-MAR-98       2600       3380                                                                                                                                                              
Peter      09-JUL-98       2500       3000                                                                                                                                                              
Eleni      29-JAN-00      10500      15750                                                                                                                                                              
Ellen      11-MAY-96      11000      13200                                                                                                                                                              
Jonathon   24-MAR-98       8600      12040                                                                                                                                                              
Kimerely   24-MAY-99       7000       9800                                                                                                                                                              
Jennifer   17-SEP-87       4400       5720                                                                                                                                                              
Michael    17-FEB-96      13000      16900                                                                                                                                                              
Pat        17-AUG-97       6000       7800                                                                                                                                                              
Shelley    07-JUN-94      12000      13200                                                                                                                                                              
William    07-JUN-94       8300       9130                                                                                                                                                              

20 rows selected.

SQL> SELECT FIRST_NAME,SALARY,LENGTH(FIRST_NAME)-LENGTH(TRANSLATE(LOWER(FIRST_NAME),'#aeiou','#')),
  2  CASE LENGTH(FIRST_NAME)-LENGTH(TRANSLATE(LOWER(FIRST_NAME),'#aeiou','#')) WHEN 1 THEN SALARY * 1.1
  3                                                                            WHEN 2 THEN SALARY * 1.2
  4                                                                            WHEN 3 THEN SALARY * 1.3
  5                                                                            WHEN 4 THEN SALARY * 1.4 ELSE SALARY * 1.5 END NEW_SALARY
  6  FROM EMPLOYEES;

FIRST_NAME     SALARY LENGTH(FIRST_NAME)-LENGTH(TRANSLATE(LOWER(FIRST_NAME),'#AEIOU','#')) NEW_SALARY                                                                                                   
---------- ---------- -------------------------------------------------------------------- ----------                                                                                                   
Steven          24000                                                                    2      28800                                                                                                   
Neena           17000                                                                    3      22100                                                                                                   
Lex             17000                                                                    1      18700                                                                                                   
Alexander        9000                                                                    4      12600                                                                                                   
Bruce            6000                                                                    2       7200                                                                                                   
Diana            4200                                                                    3       5460                                                                                                   
Kevin            5800                                                                    2       6960                                                                                                   
Trenna           3500                                                                    2       4200                                                                                                   
Curtis           3100                                                                    2       3720                                                                                                   
Randall          2600                                                                    2       3120                                                                                                   
Peter            2500                                                                    2       3000                                                                                                   
Eleni           10500                                                                    3      13650                                                                                                   
Ellen           11000                                                                    2      13200                                                                                                   
Jonathon         8600                                                                    3      11180                                                                                                   
Kimerely         7000                                                                    3       9100                                                                                                   
Jennifer         4400                                                                    3       5720                                                                                                   
Michael         13000                                                                    3      16900                                                                                                   
Pat              6000                                                                    1       6600                                                                                                   
Shelley         12000                                                                    2      14400                                                                                                   
William          8300                                                                    3      10790                                                                                                   

20 rows selected.

SQL> REM 22 DISPLAY FIRST_NAME , HIRE_DATE AND 'FIRST' IF EMPLOYEE IS HIRED IN FIRST HALF OF QUARTER ELSE 'SECOND'. (USING DECODE)
SQL> 
SQL> 
SQL> SELECT FIRST_NAME , HIRE_DATE , TRUNC(HIRE_DATE,'Q') , ROUND(HIRE_DATE,'Q'),
  2  CASE WHEN TRUNC(HIRE_DATE,'Q') = ROUND(HIRE_DATE,'Q') THEN 'FIRST' ELSE 'SECOND' END "QTR"
  3  FROM EMPLOYEES;

FIRST_NAME HIRE_DATE TRUNC(HIR ROUND(HIR QTR                                                                                                                                                            
---------- --------- --------- --------- ------                                                                                                                                                         
Steven     17-JUL-87 01-JUL-87 01-JUL-87 FIRST                                                                                                                                                          
Neena      21-SEP-89 01-JUL-89 01-OCT-89 SECOND                                                                                                                                                         
Lex        13-JAN-93 01-JAN-93 01-JAN-93 FIRST                                                                                                                                                          
Alexander  03-JAN-90 01-JAN-90 01-JAN-90 FIRST                                                                                                                                                          
Bruce      21-MAY-91 01-APR-91 01-JUL-91 SECOND                                                                                                                                                         
Diana      07-FEB-99 01-JAN-99 01-JAN-99 FIRST                                                                                                                                                          
Kevin      16-NOV-99 01-OCT-99 01-JAN-00 SECOND                                                                                                                                                         
Trenna     17-OCT-95 01-OCT-95 01-OCT-95 FIRST                                                                                                                                                          
Curtis     29-JAN-97 01-JAN-97 01-JAN-97 FIRST                                                                                                                                                          
Randall    15-MAR-98 01-JAN-98 01-APR-98 SECOND                                                                                                                                                         
Peter      09-JUL-98 01-JUL-98 01-JUL-98 FIRST                                                                                                                                                          
Eleni      29-JAN-00 01-JAN-00 01-JAN-00 FIRST                                                                                                                                                          
Ellen      11-MAY-96 01-APR-96 01-APR-96 FIRST                                                                                                                                                          
Jonathon   24-MAR-98 01-JAN-98 01-APR-98 SECOND                                                                                                                                                         
Kimerely   24-MAY-99 01-APR-99 01-JUL-99 SECOND                                                                                                                                                         
Jennifer   17-SEP-87 01-JUL-87 01-OCT-87 SECOND                                                                                                                                                         
Michael    17-FEB-96 01-JAN-96 01-APR-96 SECOND                                                                                                                                                         
Pat        17-AUG-97 01-JUL-97 01-OCT-97 SECOND                                                                                                                                                         
Shelley    07-JUN-94 01-APR-94 01-JUL-94 SECOND                                                                                                                                                         
William    07-JUN-94 01-APR-94 01-JUL-94 SECOND                                                                                                                                                         

20 rows selected.

SQL> SELECT FIRST_NAME , HIRE_DATE , TRUNC(HIRE_DATE,'Q') , ROUND(HIRE_DATE,'Q'),
  2  DECODE(TRUNC(HIRE_DATE,'Q'),ROUND(HIRE_DATE,'Q'),'FIRST','SECOND') "QTR"
  3  FROM EMPLOYEES;

FIRST_NAME HIRE_DATE TRUNC(HIR ROUND(HIR QTR                                                                                                                                                            
---------- --------- --------- --------- ------                                                                                                                                                         
Steven     17-JUL-87 01-JUL-87 01-JUL-87 FIRST                                                                                                                                                          
Neena      21-SEP-89 01-JUL-89 01-OCT-89 SECOND                                                                                                                                                         
Lex        13-JAN-93 01-JAN-93 01-JAN-93 FIRST                                                                                                                                                          
Alexander  03-JAN-90 01-JAN-90 01-JAN-90 FIRST                                                                                                                                                          
Bruce      21-MAY-91 01-APR-91 01-JUL-91 SECOND                                                                                                                                                         
Diana      07-FEB-99 01-JAN-99 01-JAN-99 FIRST                                                                                                                                                          
Kevin      16-NOV-99 01-OCT-99 01-JAN-00 SECOND                                                                                                                                                         
Trenna     17-OCT-95 01-OCT-95 01-OCT-95 FIRST                                                                                                                                                          
Curtis     29-JAN-97 01-JAN-97 01-JAN-97 FIRST                                                                                                                                                          
Randall    15-MAR-98 01-JAN-98 01-APR-98 SECOND                                                                                                                                                         
Peter      09-JUL-98 01-JUL-98 01-JUL-98 FIRST                                                                                                                                                          
Eleni      29-JAN-00 01-JAN-00 01-JAN-00 FIRST                                                                                                                                                          
Ellen      11-MAY-96 01-APR-96 01-APR-96 FIRST                                                                                                                                                          
Jonathon   24-MAR-98 01-JAN-98 01-APR-98 SECOND                                                                                                                                                         
Kimerely   24-MAY-99 01-APR-99 01-JUL-99 SECOND                                                                                                                                                         
Jennifer   17-SEP-87 01-JUL-87 01-OCT-87 SECOND                                                                                                                                                         
Michael    17-FEB-96 01-JAN-96 01-APR-96 SECOND                                                                                                                                                         
Pat        17-AUG-97 01-JUL-97 01-OCT-97 SECOND                                                                                                                                                         
Shelley    07-JUN-94 01-APR-94 01-JUL-94 SECOND                                                                                                                                                         
William    07-JUN-94 01-APR-94 01-JUL-94 SECOND                                                                                                                                                         

20 rows selected.

SQL> SELECT FIRST_NAME, HIRE_DATE,ROUND(HIRE_DATE,'YEAR'),
  2    CASE  WHEN HIRE_DATE LIKE '%-%-%'
  3          THEN  NVL2(NULLIF(SUBSTR(HIRE_DATE,8,2) , SUBSTR(ROUND(HIRE_DATE,'YEAR'),8,2)),'SECOND_HALF_OF_YEAR','FIRST_HALF_OF_YEAR')  END
  4           FROM EMPLOYEES ;

FIRST_NAME HIRE_DATE ROUND(HIR CASEWHENHIRE_DATELI                                                                                                                                                      
---------- --------- --------- -------------------                                                                                                                                                      
Steven     17-JUL-87 01-JAN-88 SECOND_HALF_OF_YEAR                                                                                                                                                      
Neena      21-SEP-89 01-JAN-90 SECOND_HALF_OF_YEAR                                                                                                                                                      
Lex        13-JAN-93 01-JAN-93 FIRST_HALF_OF_YEAR                                                                                                                                                       
Alexander  03-JAN-90 01-JAN-90 FIRST_HALF_OF_YEAR                                                                                                                                                       
Bruce      21-MAY-91 01-JAN-91 FIRST_HALF_OF_YEAR                                                                                                                                                       
Diana      07-FEB-99 01-JAN-99 FIRST_HALF_OF_YEAR                                                                                                                                                       
Kevin      16-NOV-99 01-JAN-00 SECOND_HALF_OF_YEAR                                                                                                                                                      
Trenna     17-OCT-95 01-JAN-96 SECOND_HALF_OF_YEAR                                                                                                                                                      
Curtis     29-JAN-97 01-JAN-97 FIRST_HALF_OF_YEAR                                                                                                                                                       
Randall    15-MAR-98 01-JAN-98 FIRST_HALF_OF_YEAR                                                                                                                                                       
Peter      09-JUL-98 01-JAN-99 SECOND_HALF_OF_YEAR                                                                                                                                                      
Eleni      29-JAN-00 01-JAN-00 FIRST_HALF_OF_YEAR                                                                                                                                                       
Ellen      11-MAY-96 01-JAN-96 FIRST_HALF_OF_YEAR                                                                                                                                                       
Jonathon   24-MAR-98 01-JAN-98 FIRST_HALF_OF_YEAR                                                                                                                                                       
Kimerely   24-MAY-99 01-JAN-99 FIRST_HALF_OF_YEAR                                                                                                                                                       
Jennifer   17-SEP-87 01-JAN-88 SECOND_HALF_OF_YEAR                                                                                                                                                      
Michael    17-FEB-96 01-JAN-96 FIRST_HALF_OF_YEAR                                                                                                                                                       
Pat        17-AUG-97 01-JAN-98 SECOND_HALF_OF_YEAR                                                                                                                                                      
Shelley    07-JUN-94 01-JAN-94 FIRST_HALF_OF_YEAR                                                                                                                                                       
William    07-JUN-94 01-JAN-94 FIRST_HALF_OF_YEAR                                                                                                                                                       

20 rows selected.

SQL> SELECT FIRST_NAME, HIRE_DATE,ROUND(HIRE_DATE,'YEAR'),
  2  CASE WHEN SUBSTR(HIRE_DATE,8,2) = SUBSTR(ROUND(HIRE_DATE,'YEAR'),8,2) THEN 'FIRST' ELSE
  3  'SECOND' END "YEAR"
  4  FROM EMPLOYEES;

FIRST_NAME HIRE_DATE ROUND(HIR YEAR                                                                                                                                                                     
---------- --------- --------- ------                                                                                                                                                                   
Steven     17-JUL-87 01-JAN-88 SECOND                                                                                                                                                                   
Neena      21-SEP-89 01-JAN-90 SECOND                                                                                                                                                                   
Lex        13-JAN-93 01-JAN-93 FIRST                                                                                                                                                                    
Alexander  03-JAN-90 01-JAN-90 FIRST                                                                                                                                                                    
Bruce      21-MAY-91 01-JAN-91 FIRST                                                                                                                                                                    
Diana      07-FEB-99 01-JAN-99 FIRST                                                                                                                                                                    
Kevin      16-NOV-99 01-JAN-00 SECOND                                                                                                                                                                   
Trenna     17-OCT-95 01-JAN-96 SECOND                                                                                                                                                                   
Curtis     29-JAN-97 01-JAN-97 FIRST                                                                                                                                                                    
Randall    15-MAR-98 01-JAN-98 FIRST                                                                                                                                                                    
Peter      09-JUL-98 01-JAN-99 SECOND                                                                                                                                                                   
Eleni      29-JAN-00 01-JAN-00 FIRST                                                                                                                                                                    
Ellen      11-MAY-96 01-JAN-96 FIRST                                                                                                                                                                    
Jonathon   24-MAR-98 01-JAN-98 FIRST                                                                                                                                                                    
Kimerely   24-MAY-99 01-JAN-99 FIRST                                                                                                                                                                    
Jennifer   17-SEP-87 01-JAN-88 SECOND                                                                                                                                                                   
Michael    17-FEB-96 01-JAN-96 FIRST                                                                                                                                                                    
Pat        17-AUG-97 01-JAN-98 SECOND                                                                                                                                                                   
Shelley    07-JUN-94 01-JAN-94 FIRST                                                                                                                                                                    
William    07-JUN-94 01-JAN-94 FIRST                                                                                                                                                                    

20 rows selected.

SQL> CL SCR

SQL> REM TO_CHAR : 1 TO CONVERT NUMBER VALUE INTO CHARACTER TYPE
SQL> 
SQL> REM TO_CHAR : 2 TO CONVERT DATE VALUE INTO CHARACTER TYPE
SQL> 
SQL> REM PURPOSE : TO DISPLAY NUMBER/DATE VALUE IN NON-DEFAULT/USER DEFINED FORMAT
SQL> 
SQL> SELECT SALARY , MANAGER_ID FROM EMPLOYEES;

    SALARY MANAGER_ID                                                                                                                                                                                   
---------- ----------                                                                                                                                                                                   
     24000                                                                                                                                                                                              
     17000        100                                                                                                                                                                                   
     17000        100                                                                                                                                                                                   
      9000        102                                                                                                                                                                                   
      6000        103                                                                                                                                                                                   
      4200        103                                                                                                                                                                                   
      5800        100                                                                                                                                                                                   
      3500        124                                                                                                                                                                                   
      3100        124                                                                                                                                                                                   
      2600        124                                                                                                                                                                                   
      2500        124                                                                                                                                                                                   
     10500        100                                                                                                                                                                                   
     11000        149                                                                                                                                                                                   
      8600        149                                                                                                                                                                                   
      7000        149                                                                                                                                                                                   
      4400        101                                                                                                                                                                                   
     13000        100                                                                                                                                                                                   
      6000        201                                                                                                                                                                                   
     12000        101                                                                                                                                                                                   
      8300        205                                                                                                                                                                                   

20 rows selected.

SQL> SHOW NUMW
numwidth 10
SQL> 
SQL> 
SQL> REM VALID NUMBER FORMAT CHARACTERS : 9 0   . ,   D G   $ L U   S MI PR   EEEE OR eeee   V
SQL> 
SQL> SELECT SALARY , TO_CHAR(SALARY,'99999') FROM EMPLOYEES;

    SALARY TO_CHA                                                                                                                                                                                       
---------- ------                                                                                                                                                                                       
     24000  24000                                                                                                                                                                                       
     17000  17000                                                                                                                                                                                       
     17000  17000                                                                                                                                                                                       
      9000   9000                                                                                                                                                                                       
      6000   6000                                                                                                                                                                                       
      4200   4200                                                                                                                                                                                       
      5800   5800                                                                                                                                                                                       
      3500   3500                                                                                                                                                                                       
      3100   3100                                                                                                                                                                                       
      2600   2600                                                                                                                                                                                       
      2500   2500                                                                                                                                                                                       
     10500  10500                                                                                                                                                                                       
     11000  11000                                                                                                                                                                                       
      8600   8600                                                                                                                                                                                       
      7000   7000                                                                                                                                                                                       
      4400   4400                                                                                                                                                                                       
     13000  13000                                                                                                                                                                                       
      6000   6000                                                                                                                                                                                       
     12000  12000                                                                                                                                                                                       
      8300   8300                                                                                                                                                                                       

20 rows selected.

SQL> SELECT SALARY , TO_CHAR(SALARY,'00000') FROM EMPLOYEES;

    SALARY TO_CHA                                                                                                                                                                                       
---------- ------                                                                                                                                                                                       
     24000  24000                                                                                                                                                                                       
     17000  17000                                                                                                                                                                                       
     17000  17000                                                                                                                                                                                       
      9000  09000                                                                                                                                                                                       
      6000  06000                                                                                                                                                                                       
      4200  04200                                                                                                                                                                                       
      5800  05800                                                                                                                                                                                       
      3500  03500                                                                                                                                                                                       
      3100  03100                                                                                                                                                                                       
      2600  02600                                                                                                                                                                                       
      2500  02500                                                                                                                                                                                       
     10500  10500                                                                                                                                                                                       
     11000  11000                                                                                                                                                                                       
      8600  08600                                                                                                                                                                                       
      7000  07000                                                                                                                                                                                       
      4400  04400                                                                                                                                                                                       
     13000  13000                                                                                                                                                                                       
      6000  06000                                                                                                                                                                                       
     12000  12000                                                                                                                                                                                       
      8300  08300                                                                                                                                                                                       

20 rows selected.

SQL> SELECT SALARY , TO_CHAR(SALARY,'70000') FROM EMPLOYEES;
SELECT SALARY , TO_CHAR(SALARY,'70000') FROM EMPLOYEES
                               *
ERROR at line 1:
ORA-01481: invalid number format model 


SQL> SELECT SALARY , TO_CHAR(SALARY,'90909') FROM EMPLOYEES;

    SALARY TO_CHA                                                                                                                                                                                       
---------- ------                                                                                                                                                                                       
     24000  24000                                                                                                                                                                                       
     17000  17000                                                                                                                                                                                       
     17000  17000                                                                                                                                                                                       
      9000   9000                                                                                                                                                                                       
      6000   6000                                                                                                                                                                                       
      4200   4200                                                                                                                                                                                       
      5800   5800                                                                                                                                                                                       
      3500   3500                                                                                                                                                                                       
      3100   3100                                                                                                                                                                                       
      2600   2600                                                                                                                                                                                       
      2500   2500                                                                                                                                                                                       
     10500  10500                                                                                                                                                                                       
     11000  11000                                                                                                                                                                                       
      8600   8600                                                                                                                                                                                       
      7000   7000                                                                                                                                                                                       
      4400   4400                                                                                                                                                                                       
     13000  13000                                                                                                                                                                                       
      6000   6000                                                                                                                                                                                       
     12000  12000                                                                                                                                                                                       
      8300   8300                                                                                                                                                                                       

20 rows selected.

SQL> SELECT SALARY , TO_CHAR(SALARY,'09090') FROM EMPLOYEES;

    SALARY TO_CHA                                                                                                                                                                                       
---------- ------                                                                                                                                                                                       
     24000  24000                                                                                                                                                                                       
     17000  17000                                                                                                                                                                                       
     17000  17000                                                                                                                                                                                       
      9000  09000                                                                                                                                                                                       
      6000  06000                                                                                                                                                                                       
      4200  04200                                                                                                                                                                                       
      5800  05800                                                                                                                                                                                       
      3500  03500                                                                                                                                                                                       
      3100  03100                                                                                                                                                                                       
      2600  02600                                                                                                                                                                                       
      2500  02500                                                                                                                                                                                       
     10500  10500                                                                                                                                                                                       
     11000  11000                                                                                                                                                                                       
      8600  08600                                                                                                                                                                                       
      7000  07000                                                                                                                                                                                       
      4400  04400                                                                                                                                                                                       
     13000  13000                                                                                                                                                                                       
      6000  06000                                                                                                                                                                                       
     12000  12000                                                                                                                                                                                       
      8300  08300                                                                                                                                                                                       

20 rows selected.

SQL> SELECT SALARY , TO_CHAR(SALARY,'090909') FROM EMPLOYEES;

    SALARY TO_CHAR                                                                                                                                                                                      
---------- -------                                                                                                                                                                                      
     24000  024000                                                                                                                                                                                      
     17000  017000                                                                                                                                                                                      
     17000  017000                                                                                                                                                                                      
      9000  009000                                                                                                                                                                                      
      6000  006000                                                                                                                                                                                      
      4200  004200                                                                                                                                                                                      
      5800  005800                                                                                                                                                                                      
      3500  003500                                                                                                                                                                                      
      3100  003100                                                                                                                                                                                      
      2600  002600                                                                                                                                                                                      
      2500  002500                                                                                                                                                                                      
     10500  010500                                                                                                                                                                                      
     11000  011000                                                                                                                                                                                      
      8600  008600                                                                                                                                                                                      
      7000  007000                                                                                                                                                                                      
      4400  004400                                                                                                                                                                                      
     13000  013000                                                                                                                                                                                      
      6000  006000                                                                                                                                                                                      
     12000  012000                                                                                                                                                                                      
      8300  008300                                                                                                                                                                                      

20 rows selected.

SQL> SELECT SALARY , TO_CHAR(SALARY,'9999999') FROM EMPLOYEES;

    SALARY TO_CHAR(                                                                                                                                                                                     
---------- --------                                                                                                                                                                                     
     24000    24000                                                                                                                                                                                     
     17000    17000                                                                                                                                                                                     
     17000    17000                                                                                                                                                                                     
      9000     9000                                                                                                                                                                                     
      6000     6000                                                                                                                                                                                     
      4200     4200                                                                                                                                                                                     
      5800     5800                                                                                                                                                                                     
      3500     3500                                                                                                                                                                                     
      3100     3100                                                                                                                                                                                     
      2600     2600                                                                                                                                                                                     
      2500     2500                                                                                                                                                                                     
     10500    10500                                                                                                                                                                                     
     11000    11000                                                                                                                                                                                     
      8600     8600                                                                                                                                                                                     
      7000     7000                                                                                                                                                                                     
      4400     4400                                                                                                                                                                                     
     13000    13000                                                                                                                                                                                     
      6000     6000                                                                                                                                                                                     
     12000    12000                                                                                                                                                                                     
      8300     8300                                                                                                                                                                                     

20 rows selected.

SQL> SELECT SALARY , TO_CHAR(SALARY,'0999999') FROM EMPLOYEES;

    SALARY TO_CHAR(                                                                                                                                                                                     
---------- --------                                                                                                                                                                                     
     24000  0024000                                                                                                                                                                                     
     17000  0017000                                                                                                                                                                                     
     17000  0017000                                                                                                                                                                                     
      9000  0009000                                                                                                                                                                                     
      6000  0006000                                                                                                                                                                                     
      4200  0004200                                                                                                                                                                                     
      5800  0005800                                                                                                                                                                                     
      3500  0003500                                                                                                                                                                                     
      3100  0003100                                                                                                                                                                                     
      2600  0002600                                                                                                                                                                                     
      2500  0002500                                                                                                                                                                                     
     10500  0010500                                                                                                                                                                                     
     11000  0011000                                                                                                                                                                                     
      8600  0008600                                                                                                                                                                                     
      7000  0007000                                                                                                                                                                                     
      4400  0004400                                                                                                                                                                                     
     13000  0013000                                                                                                                                                                                     
      6000  0006000                                                                                                                                                                                     
     12000  0012000                                                                                                                                                                                     
      8300  0008300                                                                                                                                                                                     

20 rows selected.

SQL> SELECT SALARY , TO_CHAR(SALARY,'99999.99') FROM EMPLOYEES;

    SALARY TO_CHAR(S                                                                                                                                                                                    
---------- ---------                                                                                                                                                                                    
     24000  24000.00                                                                                                                                                                                    
     17000  17000.00                                                                                                                                                                                    
     17000  17000.00                                                                                                                                                                                    
      9000   9000.00                                                                                                                                                                                    
      6000   6000.00                                                                                                                                                                                    
      4200   4200.00                                                                                                                                                                                    
      5800   5800.00                                                                                                                                                                                    
      3500   3500.00                                                                                                                                                                                    
      3100   3100.00                                                                                                                                                                                    
      2600   2600.00                                                                                                                                                                                    
      2500   2500.00                                                                                                                                                                                    
     10500  10500.00                                                                                                                                                                                    
     11000  11000.00                                                                                                                                                                                    
      8600   8600.00                                                                                                                                                                                    
      7000   7000.00                                                                                                                                                                                    
      4400   4400.00                                                                                                                                                                                    
     13000  13000.00                                                                                                                                                                                    
      6000   6000.00                                                                                                                                                                                    
     12000  12000.00                                                                                                                                                                                    
      8300   8300.00                                                                                                                                                                                    

20 rows selected.

SQL> SELECT SALARY , TO_CHAR(SALARY,'99999.00') FROM EMPLOYEES;

    SALARY TO_CHAR(S                                                                                                                                                                                    
---------- ---------                                                                                                                                                                                    
     24000  24000.00                                                                                                                                                                                    
     17000  17000.00                                                                                                                                                                                    
     17000  17000.00                                                                                                                                                                                    
      9000   9000.00                                                                                                                                                                                    
      6000   6000.00                                                                                                                                                                                    
      4200   4200.00                                                                                                                                                                                    
      5800   5800.00                                                                                                                                                                                    
      3500   3500.00                                                                                                                                                                                    
      3100   3100.00                                                                                                                                                                                    
      2600   2600.00                                                                                                                                                                                    
      2500   2500.00                                                                                                                                                                                    
     10500  10500.00                                                                                                                                                                                    
     11000  11000.00                                                                                                                                                                                    
      8600   8600.00                                                                                                                                                                                    
      7000   7000.00                                                                                                                                                                                    
      4400   4400.00                                                                                                                                                                                    
     13000  13000.00                                                                                                                                                                                    
      6000   6000.00                                                                                                                                                                                    
     12000  12000.00                                                                                                                                                                                    
      8300   8300.00                                                                                                                                                                                    

20 rows selected.

SQL> SELECT SALARY , TO_CHAR(SALARY,'99999.90') FROM EMPLOYEES;

    SALARY TO_CHAR(S                                                                                                                                                                                    
---------- ---------                                                                                                                                                                                    
     24000  24000.00                                                                                                                                                                                    
     17000  17000.00                                                                                                                                                                                    
     17000  17000.00                                                                                                                                                                                    
      9000   9000.00                                                                                                                                                                                    
      6000   6000.00                                                                                                                                                                                    
      4200   4200.00                                                                                                                                                                                    
      5800   5800.00                                                                                                                                                                                    
      3500   3500.00                                                                                                                                                                                    
      3100   3100.00                                                                                                                                                                                    
      2600   2600.00                                                                                                                                                                                    
      2500   2500.00                                                                                                                                                                                    
     10500  10500.00                                                                                                                                                                                    
     11000  11000.00                                                                                                                                                                                    
      8600   8600.00                                                                                                                                                                                    
      7000   7000.00                                                                                                                                                                                    
      4400   4400.00                                                                                                                                                                                    
     13000  13000.00                                                                                                                                                                                    
      6000   6000.00                                                                                                                                                                                    
     12000  12000.00                                                                                                                                                                                    
      8300   8300.00                                                                                                                                                                                    

20 rows selected.

SQL> REM VALID NUMBER FORMAT CHARACTERS : 9 0   . ,   D G   $ L U   S MI PR   EEEE OR eeee   V
SQL> 
SQL> 
SQL> SELECT SALARY , TO_CHAR(SALARY,'99,999.90') FROM EMPLOYEES;

    SALARY TO_CHAR(SA                                                                                                                                                                                   
---------- ----------                                                                                                                                                                                   
     24000  24,000.00                                                                                                                                                                                   
     17000  17,000.00                                                                                                                                                                                   
     17000  17,000.00                                                                                                                                                                                   
      9000   9,000.00                                                                                                                                                                                   
      6000   6,000.00                                                                                                                                                                                   
      4200   4,200.00                                                                                                                                                                                   
      5800   5,800.00                                                                                                                                                                                   
      3500   3,500.00                                                                                                                                                                                   
      3100   3,100.00                                                                                                                                                                                   
      2600   2,600.00                                                                                                                                                                                   
      2500   2,500.00                                                                                                                                                                                   
     10500  10,500.00                                                                                                                                                                                   
     11000  11,000.00                                                                                                                                                                                   
      8600   8,600.00                                                                                                                                                                                   
      7000   7,000.00                                                                                                                                                                                   
      4400   4,400.00                                                                                                                                                                                   
     13000  13,000.00                                                                                                                                                                                   
      6000   6,000.00                                                                                                                                                                                   
     12000  12,000.00                                                                                                                                                                                   
      8300   8,300.00                                                                                                                                                                                   

20 rows selected.

SQL> SELECT SALARY , TO_CHAR(SALARY,'99,99,9.90') FROM EMPLOYEES;

    SALARY TO_CHAR(SAL                                                                                                                                                                                  
---------- -----------                                                                                                                                                                                  
     24000  24,00,0.00                                                                                                                                                                                  
     17000  17,00,0.00                                                                                                                                                                                  
     17000  17,00,0.00                                                                                                                                                                                  
      9000   9,00,0.00                                                                                                                                                                                  
      6000   6,00,0.00                                                                                                                                                                                  
      4200   4,20,0.00                                                                                                                                                                                  
      5800   5,80,0.00                                                                                                                                                                                  
      3500   3,50,0.00                                                                                                                                                                                  
      3100   3,10,0.00                                                                                                                                                                                  
      2600   2,60,0.00                                                                                                                                                                                  
      2500   2,50,0.00                                                                                                                                                                                  
     10500  10,50,0.00                                                                                                                                                                                  
     11000  11,00,0.00                                                                                                                                                                                  
      8600   8,60,0.00                                                                                                                                                                                  
      7000   7,00,0.00                                                                                                                                                                                  
      4400   4,40,0.00                                                                                                                                                                                  
     13000  13,00,0.00                                                                                                                                                                                  
      6000   6,00,0.00                                                                                                                                                                                  
     12000  12,00,0.00                                                                                                                                                                                  
      8300   8,30,0.00                                                                                                                                                                                  

20 rows selected.

SQL> SELECT SALARY , TO_CHAR(SALARY,'99,999.90') FROM EMPLOYEES;

    SALARY TO_CHAR(SA                                                                                                                                                                                   
---------- ----------                                                                                                                                                                                   
     24000  24,000.00                                                                                                                                                                                   
     17000  17,000.00                                                                                                                                                                                   
     17000  17,000.00                                                                                                                                                                                   
      9000   9,000.00                                                                                                                                                                                   
      6000   6,000.00                                                                                                                                                                                   
      4200   4,200.00                                                                                                                                                                                   
      5800   5,800.00                                                                                                                                                                                   
      3500   3,500.00                                                                                                                                                                                   
      3100   3,100.00                                                                                                                                                                                   
      2600   2,600.00                                                                                                                                                                                   
      2500   2,500.00                                                                                                                                                                                   
     10500  10,500.00                                                                                                                                                                                   
     11000  11,000.00                                                                                                                                                                                   
      8600   8,600.00                                                                                                                                                                                   
      7000   7,000.00                                                                                                                                                                                   
      4400   4,400.00                                                                                                                                                                                   
     13000  13,000.00                                                                                                                                                                                   
      6000   6,000.00                                                                                                                                                                                   
     12000  12,000.00                                                                                                                                                                                   
      8300   8,300.00                                                                                                                                                                                   

20 rows selected.

SQL> SELECT SALARY , TO_CHAR(SALARY,'99|999~90') FROM EMPLOYEES;
SELECT SALARY , TO_CHAR(SALARY,'99|999~90') FROM EMPLOYEES
                               *
ERROR at line 1:
ORA-01481: invalid number format model 


SQL> SELECT SALARY , TO_CHAR(SALARY,'99G999D90') FROM EMPLOYEES;

    SALARY TO_CHAR(SA                                                                                                                                                                                   
---------- ----------                                                                                                                                                                                   
     24000  24,000.00                                                                                                                                                                                   
     17000  17,000.00                                                                                                                                                                                   
     17000  17,000.00                                                                                                                                                                                   
      9000   9,000.00                                                                                                                                                                                   
      6000   6,000.00                                                                                                                                                                                   
      4200   4,200.00                                                                                                                                                                                   
      5800   5,800.00                                                                                                                                                                                   
      3500   3,500.00                                                                                                                                                                                   
      3100   3,100.00                                                                                                                                                                                   
      2600   2,600.00                                                                                                                                                                                   
      2500   2,500.00                                                                                                                                                                                   
     10500  10,500.00                                                                                                                                                                                   
     11000  11,000.00                                                                                                                                                                                   
      8600   8,600.00                                                                                                                                                                                   
      7000   7,000.00                                                                                                                                                                                   
      4400   4,400.00                                                                                                                                                                                   
     13000  13,000.00                                                                                                                                                                                   
      6000   6,000.00                                                                                                                                                                                   
     12000  12,000.00                                                                                                                                                                                   
      8300   8,300.00                                                                                                                                                                                   

20 rows selected.

SQL> SELECT * FROM NLS_SESSION_PARAMETERS;

PARAMETER                      VALUE                                                                                                                                                                    
------------------------------ ------------------------------                                                                                                                                           
NLS_LANGUAGE                   AMERICAN                                                                                                                                                                 
NLS_TERRITORY                  AMERICA                                                                                                                                                                  
NLS_CURRENCY                   $                                                                                                                                                                        
NLS_ISO_CURRENCY               AMERICA                                                                                                                                                                  
NLS_NUMERIC_CHARACTERS         .,                                                                                                                                                                       
NLS_CALENDAR                   GREGORIAN                                                                                                                                                                
NLS_DATE_FORMAT                DD-MON-RR                                                                                                                                                                
NLS_DATE_LANGUAGE              AMERICAN                                                                                                                                                                 
NLS_SORT                       BINARY                                                                                                                                                                   
NLS_TIME_FORMAT                HH.MI.SSXFF AM                                                                                                                                                           
NLS_TIMESTAMP_FORMAT           DD-MON-RR HH.MI.SSXFF AM                                                                                                                                                 
NLS_TIME_TZ_FORMAT             HH.MI.SSXFF AM TZR                                                                                                                                                       
NLS_TIMESTAMP_TZ_FORMAT        DD-MON-RR HH.MI.SSXFF AM TZR                                                                                                                                             
NLS_DUAL_CURRENCY              $                                                                                                                                                                        
NLS_COMP                       BINARY                                                                                                                                                                   
NLS_LENGTH_SEMANTICS           BYTE                                                                                                                                                                     
NLS_NCHAR_CONV_EXCP            FALSE                                                                                                                                                                    

17 rows selected.

SQL> ALTER SESSION SET NLS_NUMERIC_CHARACTERS = '~|';

Session altered.

SQL> SELECT SALARY , TO_CHAR(SALARY,'99|999~90') FROM EMPLOYEES;
SELECT SALARY , TO_CHAR(SALARY,'99|999~90') FROM EMPLOYEES
                               *
ERROR at line 1:
ORA-01481: invalid number format model 


SQL> SELECT SALARY , TO_CHAR(SALARY,'99,999.90') FROM EMPLOYEES;

    SALARY TO_CHAR(SA                                                                                                                                                                                   
---------- ----------                                                                                                                                                                                   
     24000  24,000.00                                                                                                                                                                                   
     17000  17,000.00                                                                                                                                                                                   
     17000  17,000.00                                                                                                                                                                                   
      9000   9,000.00                                                                                                                                                                                   
      6000   6,000.00                                                                                                                                                                                   
      4200   4,200.00                                                                                                                                                                                   
      5800   5,800.00                                                                                                                                                                                   
      3500   3,500.00                                                                                                                                                                                   
      3100   3,100.00                                                                                                                                                                                   
      2600   2,600.00                                                                                                                                                                                   
      2500   2,500.00                                                                                                                                                                                   
     10500  10,500.00                                                                                                                                                                                   
     11000  11,000.00                                                                                                                                                                                   
      8600   8,600.00                                                                                                                                                                                   
      7000   7,000.00                                                                                                                                                                                   
      4400   4,400.00                                                                                                                                                                                   
     13000  13,000.00                                                                                                                                                                                   
      6000   6,000.00                                                                                                                                                                                   
     12000  12,000.00                                                                                                                                                                                   
      8300   8,300.00                                                                                                                                                                                   

20 rows selected.

SQL> SELECT SALARY , TO_CHAR(SALARY,'99G999D90') FROM EMPLOYEES;

    SALARY TO_CHAR(SA                                                                                                                                                                                   
---------- ----------                                                                                                                                                                                   
     24000  24|000~00                                                                                                                                                                                   
     17000  17|000~00                                                                                                                                                                                   
     17000  17|000~00                                                                                                                                                                                   
      9000   9|000~00                                                                                                                                                                                   
      6000   6|000~00                                                                                                                                                                                   
      4200   4|200~00                                                                                                                                                                                   
      5800   5|800~00                                                                                                                                                                                   
      3500   3|500~00                                                                                                                                                                                   
      3100   3|100~00                                                                                                                                                                                   
      2600   2|600~00                                                                                                                                                                                   
      2500   2|500~00                                                                                                                                                                                   
     10500  10|500~00                                                                                                                                                                                   
     11000  11|000~00                                                                                                                                                                                   
      8600   8|600~00                                                                                                                                                                                   
      7000   7|000~00                                                                                                                                                                                   
      4400   4|400~00                                                                                                                                                                                   
     13000  13|000~00                                                                                                                                                                                   
      6000   6|000~00                                                                                                                                                                                   
     12000  12|000~00                                                                                                                                                                                   
      8300   8|300~00                                                                                                                                                                                   

20 rows selected.

SQL> SELECT SALARY , TO_CHAR(SALARY,'99G999.90') FROM EMPLOYEES;
SELECT SALARY , TO_CHAR(SALARY,'99G999.90') FROM EMPLOYEES
                               *
ERROR at line 1:
ORA-01481: invalid number format model 


SQL> SELECT SALARY , TO_CHAR(SALARY,'99,999D90') FROM EMPLOYEES;
SELECT SALARY , TO_CHAR(SALARY,'99,999D90') FROM EMPLOYEES
                               *
ERROR at line 1:
ORA-01481: invalid number format model 


SQL> REM VALID NUMBER FORMAT CHARACTERS : 9 0   . ,   D G   $ L U   S MI PR   EEEE OR eeee   V
SQL> 
SQL> 
SQL> 
SQL> REM D = DECIMAL CHARACTER
SQL> 
SQL> REM G = GROUP SEPARATOR/CHARACTER
SQL> 
SQL> 
SQL> SELECT SALARY , TO_CHAR(SALARY,'$99G999D90') FROM EMPLOYEES;

    SALARY TO_CHAR(SAL                                                                                                                                                                                  
---------- -----------                                                                                                                                                                                  
     24000  $24|000~00                                                                                                                                                                                  
     17000  $17|000~00                                                                                                                                                                                  
     17000  $17|000~00                                                                                                                                                                                  
      9000   $9|000~00                                                                                                                                                                                  
      6000   $6|000~00                                                                                                                                                                                  
      4200   $4|200~00                                                                                                                                                                                  
      5800   $5|800~00                                                                                                                                                                                  
      3500   $3|500~00                                                                                                                                                                                  
      3100   $3|100~00                                                                                                                                                                                  
      2600   $2|600~00                                                                                                                                                                                  
      2500   $2|500~00                                                                                                                                                                                  
     10500  $10|500~00                                                                                                                                                                                  
     11000  $11|000~00                                                                                                                                                                                  
      8600   $8|600~00                                                                                                                                                                                  
      7000   $7|000~00                                                                                                                                                                                  
      4400   $4|400~00                                                                                                                                                                                  
     13000  $13|000~00                                                                                                                                                                                  
      6000   $6|000~00                                                                                                                                                                                  
     12000  $12|000~00                                                                                                                                                                                  
      8300   $8|300~00                                                                                                                                                                                  

20 rows selected.

SQL> SELECT SALARY , TO_CHAR(SALARY,'99G9$99D90') FROM EMPLOYEES;

    SALARY TO_CHAR(SAL                                                                                                                                                                                  
---------- -----------                                                                                                                                                                                  
     24000  $24|000~00                                                                                                                                                                                  
     17000  $17|000~00                                                                                                                                                                                  
     17000  $17|000~00                                                                                                                                                                                  
      9000   $9|000~00                                                                                                                                                                                  
      6000   $6|000~00                                                                                                                                                                                  
      4200   $4|200~00                                                                                                                                                                                  
      5800   $5|800~00                                                                                                                                                                                  
      3500   $3|500~00                                                                                                                                                                                  
      3100   $3|100~00                                                                                                                                                                                  
      2600   $2|600~00                                                                                                                                                                                  
      2500   $2|500~00                                                                                                                                                                                  
     10500  $10|500~00                                                                                                                                                                                  
     11000  $11|000~00                                                                                                                                                                                  
      8600   $8|600~00                                                                                                                                                                                  
      7000   $7|000~00                                                                                                                                                                                  
      4400   $4|400~00                                                                                                                                                                                  
     13000  $13|000~00                                                                                                                                                                                  
      6000   $6|000~00                                                                                                                                                                                  
     12000  $12|000~00                                                                                                                                                                                  
      8300   $8|300~00                                                                                                                                                                                  

20 rows selected.

SQL> SELECT SALARY , TO_CHAR(SALARY,'99G999D$90') FROM EMPLOYEES;

    SALARY TO_CHAR(SAL                                                                                                                                                                                  
---------- -----------                                                                                                                                                                                  
     24000  $24|000~00                                                                                                                                                                                  
     17000  $17|000~00                                                                                                                                                                                  
     17000  $17|000~00                                                                                                                                                                                  
      9000   $9|000~00                                                                                                                                                                                  
      6000   $6|000~00                                                                                                                                                                                  
      4200   $4|200~00                                                                                                                                                                                  
      5800   $5|800~00                                                                                                                                                                                  
      3500   $3|500~00                                                                                                                                                                                  
      3100   $3|100~00                                                                                                                                                                                  
      2600   $2|600~00                                                                                                                                                                                  
      2500   $2|500~00                                                                                                                                                                                  
     10500  $10|500~00                                                                                                                                                                                  
     11000  $11|000~00                                                                                                                                                                                  
      8600   $8|600~00                                                                                                                                                                                  
      7000   $7|000~00                                                                                                                                                                                  
      4400   $4|400~00                                                                                                                                                                                  
     13000  $13|000~00                                                                                                                                                                                  
      6000   $6|000~00                                                                                                                                                                                  
     12000  $12|000~00                                                                                                                                                                                  
      8300   $8|300~00                                                                                                                                                                                  

20 rows selected.

SQL> SELECT SALARY , TO_CHAR(SALARY,'Rs.99G999D90') FROM EMPLOYEES;
SELECT SALARY , TO_CHAR(SALARY,'Rs.99G999D90') FROM EMPLOYEES
                               *
ERROR at line 1:
ORA-01481: invalid number format model 


SQL> REM L = LOCAL CURRENCY
SQL> 
SQL> REM U = DUAL/EURO CURRENCY
SQL> 
SQL> SELECT SALARY , TO_CHAR(SALARY,'L99G999D90') FROM EMPLOYEES;

    SALARY TO_CHAR(SALARY,'L99G                                                                                                                                                                         
---------- --------------------                                                                                                                                                                         
     24000           $24|000~00                                                                                                                                                                         
     17000           $17|000~00                                                                                                                                                                         
     17000           $17|000~00                                                                                                                                                                         
      9000            $9|000~00                                                                                                                                                                         
      6000            $6|000~00                                                                                                                                                                         
      4200            $4|200~00                                                                                                                                                                         
      5800            $5|800~00                                                                                                                                                                         
      3500            $3|500~00                                                                                                                                                                         
      3100            $3|100~00                                                                                                                                                                         
      2600            $2|600~00                                                                                                                                                                         
      2500            $2|500~00                                                                                                                                                                         
     10500           $10|500~00                                                                                                                                                                         
     11000           $11|000~00                                                                                                                                                                         
      8600            $8|600~00                                                                                                                                                                         
      7000            $7|000~00                                                                                                                                                                         
      4400            $4|400~00                                                                                                                                                                         
     13000           $13|000~00                                                                                                                                                                         
      6000            $6|000~00                                                                                                                                                                         
     12000           $12|000~00                                                                                                                                                                         
      8300            $8|300~00                                                                                                                                                                         

20 rows selected.

SQL> SELECT SALARY , TO_CHAR(SALARY,'99G999D90L') FROM EMPLOYEES;

    SALARY TO_CHAR(SALARY,'99G9                                                                                                                                                                         
---------- --------------------                                                                                                                                                                         
     24000           24|000~00$                                                                                                                                                                         
     17000           17|000~00$                                                                                                                                                                         
     17000           17|000~00$                                                                                                                                                                         
      9000            9|000~00$                                                                                                                                                                         
      6000            6|000~00$                                                                                                                                                                         
      4200            4|200~00$                                                                                                                                                                         
      5800            5|800~00$                                                                                                                                                                         
      3500            3|500~00$                                                                                                                                                                         
      3100            3|100~00$                                                                                                                                                                         
      2600            2|600~00$                                                                                                                                                                         
      2500            2|500~00$                                                                                                                                                                         
     10500           10|500~00$                                                                                                                                                                         
     11000           11|000~00$                                                                                                                                                                         
      8600            8|600~00$                                                                                                                                                                         
      7000            7|000~00$                                                                                                                                                                         
      4400            4|400~00$                                                                                                                                                                         
     13000           13|000~00$                                                                                                                                                                         
      6000            6|000~00$                                                                                                                                                                         
     12000           12|000~00$                                                                                                                                                                         
      8300            8|300~00$                                                                                                                                                                         

20 rows selected.

SQL> SELECT SALARY , TO_CHAR(SALARY,'99G9L99D90') FROM EMPLOYEES;
SELECT SALARY , TO_CHAR(SALARY,'99G9L99D90') FROM EMPLOYEES
                               *
ERROR at line 1:
ORA-01481: invalid number format model 


SQL> SELECT SALARY , TO_CHAR(SALARY,'U99G999D90') FROM EMPLOYEES;

    SALARY TO_CHAR(SALARY,'U99G                                                                                                                                                                         
---------- --------------------                                                                                                                                                                         
     24000           $24|000~00                                                                                                                                                                         
     17000           $17|000~00                                                                                                                                                                         
     17000           $17|000~00                                                                                                                                                                         
      9000            $9|000~00                                                                                                                                                                         
      6000            $6|000~00                                                                                                                                                                         
      4200            $4|200~00                                                                                                                                                                         
      5800            $5|800~00                                                                                                                                                                         
      3500            $3|500~00                                                                                                                                                                         
      3100            $3|100~00                                                                                                                                                                         
      2600            $2|600~00                                                                                                                                                                         
      2500            $2|500~00                                                                                                                                                                         
     10500           $10|500~00                                                                                                                                                                         
     11000           $11|000~00                                                                                                                                                                         
      8600            $8|600~00                                                                                                                                                                         
      7000            $7|000~00                                                                                                                                                                         
      4400            $4|400~00                                                                                                                                                                         
     13000           $13|000~00                                                                                                                                                                         
      6000            $6|000~00                                                                                                                                                                         
     12000           $12|000~00                                                                                                                                                                         
      8300            $8|300~00                                                                                                                                                                         

20 rows selected.

SQL> SELECT SALARY , TO_CHAR(SALARY,'99G999D90U') FROM EMPLOYEES;

    SALARY TO_CHAR(SALARY,'99G9                                                                                                                                                                         
---------- --------------------                                                                                                                                                                         
     24000           24|000~00$                                                                                                                                                                         
     17000           17|000~00$                                                                                                                                                                         
     17000           17|000~00$                                                                                                                                                                         
      9000            9|000~00$                                                                                                                                                                         
      6000            6|000~00$                                                                                                                                                                         
      4200            4|200~00$                                                                                                                                                                         
      5800            5|800~00$                                                                                                                                                                         
      3500            3|500~00$                                                                                                                                                                         
      3100            3|100~00$                                                                                                                                                                         
      2600            2|600~00$                                                                                                                                                                         
      2500            2|500~00$                                                                                                                                                                         
     10500           10|500~00$                                                                                                                                                                         
     11000           11|000~00$                                                                                                                                                                         
      8600            8|600~00$                                                                                                                                                                         
      7000            7|000~00$                                                                                                                                                                         
      4400            4|400~00$                                                                                                                                                                         
     13000           13|000~00$                                                                                                                                                                         
      6000            6|000~00$                                                                                                                                                                         
     12000           12|000~00$                                                                                                                                                                         
      8300            8|300~00$                                                                                                                                                                         

20 rows selected.

SQL> SELECT SALARY , TO_CHAR(SALARY,'99G9U99D90') FROM EMPLOYEES;
SELECT SALARY , TO_CHAR(SALARY,'99G9U99D90') FROM EMPLOYEES
                               *
ERROR at line 1:
ORA-01481: invalid number format model 


SQL> SELECT SALARY , TO_CHAR(SALARY,'U99G999D90U') FROM EMPLOYEES;
SELECT SALARY , TO_CHAR(SALARY,'U99G999D90U') FROM EMPLOYEES
                               *
ERROR at line 1:
ORA-01481: invalid number format model 


SQL> SELECT SALARY , TO_CHAR(SALARY,'U99G999D90') FROM EMPLOYEES;

    SALARY TO_CHAR(SALARY,'U99G                                                                                                                                                                         
---------- --------------------                                                                                                                                                                         
     24000           $24|000~00                                                                                                                                                                         
     17000           $17|000~00                                                                                                                                                                         
     17000           $17|000~00                                                                                                                                                                         
      9000            $9|000~00                                                                                                                                                                         
      6000            $6|000~00                                                                                                                                                                         
      4200            $4|200~00                                                                                                                                                                         
      5800            $5|800~00                                                                                                                                                                         
      3500            $3|500~00                                                                                                                                                                         
      3100            $3|100~00                                                                                                                                                                         
      2600            $2|600~00                                                                                                                                                                         
      2500            $2|500~00                                                                                                                                                                         
     10500           $10|500~00                                                                                                                                                                         
     11000           $11|000~00                                                                                                                                                                         
      8600            $8|600~00                                                                                                                                                                         
      7000            $7|000~00                                                                                                                                                                         
      4400            $4|400~00                                                                                                                                                                         
     13000           $13|000~00                                                                                                                                                                         
      6000            $6|000~00                                                                                                                                                                         
     12000           $12|000~00                                                                                                                                                                         
      8300            $8|300~00                                                                                                                                                                         

20 rows selected.

SQL> SELECT * FROM NLS_SESSION_PARAMETERS;

PARAMETER                      VALUE                                                                                                                                                                    
------------------------------ ------------------------------                                                                                                                                           
NLS_LANGUAGE                   AMERICAN                                                                                                                                                                 
NLS_TERRITORY                  AMERICA                                                                                                                                                                  
NLS_CURRENCY                   $                                                                                                                                                                        
NLS_ISO_CURRENCY               AMERICA                                                                                                                                                                  
NLS_NUMERIC_CHARACTERS         ~|                                                                                                                                                                       
NLS_CALENDAR                   GREGORIAN                                                                                                                                                                
NLS_DATE_FORMAT                DD-MON-RR                                                                                                                                                                
NLS_DATE_LANGUAGE              AMERICAN                                                                                                                                                                 
NLS_SORT                       BINARY                                                                                                                                                                   
NLS_TIME_FORMAT                HH.MI.SSXFF AM                                                                                                                                                           
NLS_TIMESTAMP_FORMAT           DD-MON-RR HH.MI.SSXFF AM                                                                                                                                                 
NLS_TIME_TZ_FORMAT             HH.MI.SSXFF AM TZR                                                                                                                                                       
NLS_TIMESTAMP_TZ_FORMAT        DD-MON-RR HH.MI.SSXFF AM TZR                                                                                                                                             
NLS_DUAL_CURRENCY              $                                                                                                                                                                        
NLS_COMP                       BINARY                                                                                                                                                                   
NLS_LENGTH_SEMANTICS           BYTE                                                                                                                                                                     
NLS_NCHAR_CONV_EXCP            FALSE                                                                                                                                                                    

17 rows selected.

SQL> ALTER SESSION SET NLS_CURRENCY = 'Rs.';

Session altered.

SQL> ALTER SESSION SET NLS_DUAL_CURRENCY = '';

Session altered.

SQL> SELECT SALARY , TO_CHAR(SALARY,'L99G999D90') FROM EMPLOYEES;

    SALARY TO_CHAR(SALARY,'L99G                                                                                                                                                                         
---------- --------------------                                                                                                                                                                         
     24000         Rs.24|000~00                                                                                                                                                                         
     17000         Rs.17|000~00                                                                                                                                                                         
     17000         Rs.17|000~00                                                                                                                                                                         
      9000          Rs.9|000~00                                                                                                                                                                         
      6000          Rs.6|000~00                                                                                                                                                                         
      4200          Rs.4|200~00                                                                                                                                                                         
      5800          Rs.5|800~00                                                                                                                                                                         
      3500          Rs.3|500~00                                                                                                                                                                         
      3100          Rs.3|100~00                                                                                                                                                                         
      2600          Rs.2|600~00                                                                                                                                                                         
      2500          Rs.2|500~00                                                                                                                                                                         
     10500         Rs.10|500~00                                                                                                                                                                         
     11000         Rs.11|000~00                                                                                                                                                                         
      8600          Rs.8|600~00                                                                                                                                                                         
      7000          Rs.7|000~00                                                                                                                                                                         
      4400          Rs.4|400~00                                                                                                                                                                         
     13000         Rs.13|000~00                                                                                                                                                                         
      6000          Rs.6|000~00                                                                                                                                                                         
     12000         Rs.12|000~00                                                                                                                                                                         
      8300          Rs.8|300~00                                                                                                                                                                         

20 rows selected.

SQL> SELECT SALARY , TO_CHAR(SALARY,'99G999D90L') FROM EMPLOYEES;

    SALARY TO_CHAR(SALARY,'99G9                                                                                                                                                                         
---------- --------------------                                                                                                                                                                         
     24000         24|000~00Rs.                                                                                                                                                                         
     17000         17|000~00Rs.                                                                                                                                                                         
     17000         17|000~00Rs.                                                                                                                                                                         
      9000          9|000~00Rs.                                                                                                                                                                         
      6000          6|000~00Rs.                                                                                                                                                                         
      4200          4|200~00Rs.                                                                                                                                                                         
      5800          5|800~00Rs.                                                                                                                                                                         
      3500          3|500~00Rs.                                                                                                                                                                         
      3100          3|100~00Rs.                                                                                                                                                                         
      2600          2|600~00Rs.                                                                                                                                                                         
      2500          2|500~00Rs.                                                                                                                                                                         
     10500         10|500~00Rs.                                                                                                                                                                         
     11000         11|000~00Rs.                                                                                                                                                                         
      8600          8|600~00Rs.                                                                                                                                                                         
      7000          7|000~00Rs.                                                                                                                                                                         
      4400          4|400~00Rs.                                                                                                                                                                         
     13000         13|000~00Rs.                                                                                                                                                                         
      6000          6|000~00Rs.                                                                                                                                                                         
     12000         12|000~00Rs.                                                                                                                                                                         
      8300          8|300~00Rs.                                                                                                                                                                         

20 rows selected.

SQL> SELECT SALARY , TO_CHAR(SALARY,'99G999D90U') FROM EMPLOYEES;

    SALARY TO_CHAR(SALARY,'99G9                                                                                                                                                                         
---------- --------------------                                                                                                                                                                         
     24000          24|000~00                                                                                                                                                                          
     17000          17|000~00                                                                                                                                                                          
     17000          17|000~00                                                                                                                                                                          
      9000           9|000~00                                                                                                                                                                          
      6000           6|000~00                                                                                                                                                                          
      4200           4|200~00                                                                                                                                                                          
      5800           5|800~00                                                                                                                                                                          
      3500           3|500~00                                                                                                                                                                          
      3100           3|100~00                                                                                                                                                                          
      2600           2|600~00                                                                                                                                                                          
      2500           2|500~00                                                                                                                                                                          
     10500          10|500~00                                                                                                                                                                          
     11000          11|000~00                                                                                                                                                                          
      8600           8|600~00                                                                                                                                                                          
      7000           7|000~00                                                                                                                                                                          
      4400           4|400~00                                                                                                                                                                          
     13000          13|000~00                                                                                                                                                                          
      6000           6|000~00                                                                                                                                                                          
     12000          12|000~00                                                                                                                                                                          
      8300           8|300~00                                                                                                                                                                          

20 rows selected.

SQL> SELECT SALARY , TO_CHAR(SALARY,'U99G999D90') FROM EMPLOYEES;

    SALARY TO_CHAR(SALARY,'U99G                                                                                                                                                                         
---------- --------------------                                                                                                                                                                         
     24000          24|000~00                                                                                                                                                                          
     17000          17|000~00                                                                                                                                                                          
     17000          17|000~00                                                                                                                                                                          
      9000           9|000~00                                                                                                                                                                          
      6000           6|000~00                                                                                                                                                                          
      4200           4|200~00                                                                                                                                                                          
      5800           5|800~00                                                                                                                                                                          
      3500           3|500~00                                                                                                                                                                          
      3100           3|100~00                                                                                                                                                                          
      2600           2|600~00                                                                                                                                                                          
      2500           2|500~00                                                                                                                                                                          
     10500          10|500~00                                                                                                                                                                          
     11000          11|000~00                                                                                                                                                                          
      8600           8|600~00                                                                                                                                                                          
      7000           7|000~00                                                                                                                                                                          
      4400           4|400~00                                                                                                                                                                          
     13000          13|000~00                                                                                                                                                                          
      6000           6|000~00                                                                                                                                                                          
     12000          12|000~00                                                                                                                                                                          
      8300           8|300~00                                                                                                                                                                          

20 rows selected.

SQL> SELECT SALARY , TO_CHAR(SALARY,'U99G999D90') , TO_CHAR(SALARY,'L99,999.99') FROM EMPLOYEES;

    SALARY TO_CHAR(SALARY,'U99G TO_CHAR(SALARY,'L99,                                                                                                                                                    
---------- -------------------- --------------------                                                                                                                                                    
     24000          24|000~00          Rs.24,000.00                                                                                                                                                    
     17000          17|000~00          Rs.17,000.00                                                                                                                                                    
     17000          17|000~00          Rs.17,000.00                                                                                                                                                    
      9000           9|000~00           Rs.9,000.00                                                                                                                                                    
      6000           6|000~00           Rs.6,000.00                                                                                                                                                    
      4200           4|200~00           Rs.4,200.00                                                                                                                                                    
      5800           5|800~00           Rs.5,800.00                                                                                                                                                    
      3500           3|500~00           Rs.3,500.00                                                                                                                                                    
      3100           3|100~00           Rs.3,100.00                                                                                                                                                    
      2600           2|600~00           Rs.2,600.00                                                                                                                                                    
      2500           2|500~00           Rs.2,500.00                                                                                                                                                    
     10500          10|500~00          Rs.10,500.00                                                                                                                                                    
     11000          11|000~00          Rs.11,000.00                                                                                                                                                    
      8600           8|600~00           Rs.8,600.00                                                                                                                                                    
      7000           7|000~00           Rs.7,000.00                                                                                                                                                    
      4400           4|400~00           Rs.4,400.00                                                                                                                                                    
     13000          13|000~00          Rs.13,000.00                                                                                                                                                    
      6000           6|000~00           Rs.6,000.00                                                                                                                                                    
     12000          12|000~00          Rs.12,000.00                                                                                                                                                    
      8300           8|300~00           Rs.8,300.00                                                                                                                                                    

20 rows selected.

SQL> SELECT SALARY , TO_CHAR(SALARY,'U99G999D90') , TO_CHAR(SALARY,'LU99,999.99') FROM EMPLOYEES;
SELECT SALARY , TO_CHAR(SALARY,'U99G999D90') , TO_CHAR(SALARY,'LU99,999.99') FROM EMPLOYEES
                                                              *
ERROR at line 1:
ORA-01481: invalid number format model 


SQL> REM VALID NUMBER FORMAT CHARACTERS : 9 0   . ,   D G   $ L U   S MI PR   EEEE OR eeee   V
SQL> 
SQL> 
SQL> SELECT * FROM POSNEGNO;

        NO                                                                                                                                                                                              
----------                                                                                                                                                                                              
        12                                                                                                                                                                                              
                                                                                                                                                                                                        
         0                                                                                                                                                                                              
       -12                                                                                                                                                                                              

SQL> SELECT NO , TO_CHAR(NO,'S99') FROM POSNEGNO;

        NO TO_                                                                                                                                                                                          
---------- ---                                                                                                                                                                                          
        12 +12                                                                                                                                                                                          
                                                                                                                                                                                                        
         0  +0                                                                                                                                                                                          
       -12 -12                                                                                                                                                                                          

SQL> SELECT NO , TO_CHAR(NO,'99S') FROM POSNEGNO;

        NO TO_                                                                                                                                                                                          
---------- ---                                                                                                                                                                                          
        12 12+                                                                                                                                                                                          
                                                                                                                                                                                                        
         0  0+                                                                                                                                                                                          
       -12 12-                                                                                                                                                                                          

SQL> SELECT NO , TO_CHAR(NO,'99MI') FROM POSNEGNO;

        NO TO_                                                                                                                                                                                          
---------- ---                                                                                                                                                                                          
        12 12                                                                                                                                                                                           
                                                                                                                                                                                                        
         0  0                                                                                                                                                                                           
       -12 12-                                                                                                                                                                                          

SQL> SELECT NO , TO_CHAR(NO,'MI99') FROM POSNEGNO;
SELECT NO , TO_CHAR(NO,'MI99') FROM POSNEGNO
                       *
ERROR at line 1:
ORA-01481: invalid number format model 


SQL> SELECT NO , TO_CHAR(NO,'99PR') FROM POSNEGNO;

        NO TO_C                                                                                                                                                                                         
---------- ----                                                                                                                                                                                         
        12  12                                                                                                                                                                                          
                                                                                                                                                                                                        
         0   0                                                                                                                                                                                          
       -12 <12>                                                                                                                                                                                         

SQL> SELECT * FROM NLS_SESSION_PARAMETERS;

PARAMETER                      VALUE                                                                                                                                                                    
------------------------------ ------------------------------                                                                                                                                           
NLS_LANGUAGE                   AMERICAN                                                                                                                                                                 
NLS_TERRITORY                  AMERICA                                                                                                                                                                  
NLS_CURRENCY                   Rs.                                                                                                                                                                      
NLS_ISO_CURRENCY               AMERICA                                                                                                                                                                  
NLS_NUMERIC_CHARACTERS         ~|                                                                                                                                                                       
NLS_CALENDAR                   GREGORIAN                                                                                                                                                                
NLS_DATE_FORMAT                DD-MON-RR                                                                                                                                                                
NLS_DATE_LANGUAGE              AMERICAN                                                                                                                                                                 
NLS_SORT                       BINARY                                                                                                                                                                   
NLS_TIME_FORMAT                HH.MI.SSXFF AM                                                                                                                                                           
NLS_TIMESTAMP_FORMAT           DD-MON-RR HH.MI.SSXFF AM                                                                                                                                                 
NLS_TIME_TZ_FORMAT             HH.MI.SSXFF AM TZR                                                                                                                                                       
NLS_TIMESTAMP_TZ_FORMAT        DD-MON-RR HH.MI.SSXFF AM TZR                                                                                                                                             
NLS_DUAL_CURRENCY                                                                                                                                                                                      
NLS_COMP                       BINARY                                                                                                                                                                   
NLS_LENGTH_SEMANTICS           BYTE                                                                                                                                                                     
NLS_NCHAR_CONV_EXCP            FALSE                                                                                                                                                                    

17 rows selected.

SQL> SELECT NO , TO_CHAR(NO,'99PR') FROM POSNEGNO;

        NO TO_C                                                                                                                                                                                         
---------- ----                                                                                                                                                                                         
        12  12                                                                                                                                                                                          
                                                                                                                                                                                                        
         0   0                                                                                                                                                                                          
       -12 <12>                                                                                                                                                                                         

SQL> SELECT NO , TRANSLATE(TO_CHAR(NO,'99PR'),'<>','()')  FROM POSNEGNO;

        NO TRANSLATE(TO_CHA                                                                                                                                                                             
---------- ----------------                                                                                                                                                                             
        12  12                                                                                                                                                                                          
                                                                                                                                                                                                        
         0   0                                                                                                                                                                                          
       -12 (12)                                                                                                                                                                                         

SQL> SELECT NO , TRANSLATE(TRANSLATE(TO_CHAR(NO,'99PR'),'<','('),'>',')')  FROM POSNEGNO;

        NO TRANSLATE(TRANSL                                                                                                                                                                             
---------- ----------------                                                                                                                                                                             
        12  12                                                                                                                                                                                          
                                                                                                                                                                                                        
         0   0                                                                                                                                                                                          
       -12 (12)                                                                                                                                                                                         

SQL> REM VALID NUMBER FORMAT CHARACTERS : 9 0   . ,   D G   $ L U   S MI PR   EEEE OR eeee   V
SQL> 
SQL> 
SQL> 
SQL> REM EEEE : EXPONENT FORMAT/SCINTIFIC NOTATION
SQL> 
SQL> SELECT FIRST_NAME , SALARY , TO_CHAR(SALARY,'99.99EEEE') FROM EMPLOYEES;

FIRST_NAME     SALARY TO_CHAR(SA                                                                                                                                                                        
---------- ---------- ----------                                                                                                                                                                        
Steven          24000   2.40E+04                                                                                                                                                                        
Neena           17000   1.70E+04                                                                                                                                                                        
Lex             17000   1.70E+04                                                                                                                                                                        
Alexander        9000   9.00E+03                                                                                                                                                                        
Bruce            6000   6.00E+03                                                                                                                                                                        
Diana            4200   4.20E+03                                                                                                                                                                        
Kevin            5800   5.80E+03                                                                                                                                                                        
Trenna           3500   3.50E+03                                                                                                                                                                        
Curtis           3100   3.10E+03                                                                                                                                                                        
Randall          2600   2.60E+03                                                                                                                                                                        
Peter            2500   2.50E+03                                                                                                                                                                        
Eleni           10500   1.05E+04                                                                                                                                                                        
Ellen           11000   1.10E+04                                                                                                                                                                        
Jonathon         8600   8.60E+03                                                                                                                                                                        
Kimerely         7000   7.00E+03                                                                                                                                                                        
Jennifer         4400   4.40E+03                                                                                                                                                                        
Michael         13000   1.30E+04                                                                                                                                                                        
Pat              6000   6.00E+03                                                                                                                                                                        
Shelley         12000   1.20E+04                                                                                                                                                                        
William          8300   8.30E+03                                                                                                                                                                        

20 rows selected.

SQL> REM 2.40E+04 : 2.4 * POWER(10,4)
SQL> 
SQL> SELECT 2.4 * POWER(10,4) FROM DUAL;

2.4*POWER(10,4)                                                                                                                                                                                         
---------------                                                                                                                                                                                         
          24000                                                                                                                                                                                         

SQL> SELECT TO_CHAR(0.0000045,'99.99EEEE') FROM DUAL;

TO_CHAR(0.                                                                                                                                                                                              
----------                                                                                                                                                                                              
  4.50E-06                                                                                                                                                                                              

SQL> REM 4.5 / POWER(10,6) OR 4.5 * POWER(10,-6)
SQL> 
SQL> SELECT FIRST_NAME , SALARY , TO_CHAR(SALARY,'99.99eeee') FROM EMPLOYEES;

FIRST_NAME     SALARY TO_CHAR(SA                                                                                                                                                                        
---------- ---------- ----------                                                                                                                                                                        
Steven          24000   2.40E+04                                                                                                                                                                        
Neena           17000   1.70E+04                                                                                                                                                                        
Lex             17000   1.70E+04                                                                                                                                                                        
Alexander        9000   9.00E+03                                                                                                                                                                        
Bruce            6000   6.00E+03                                                                                                                                                                        
Diana            4200   4.20E+03                                                                                                                                                                        
Kevin            5800   5.80E+03                                                                                                                                                                        
Trenna           3500   3.50E+03                                                                                                                                                                        
Curtis           3100   3.10E+03                                                                                                                                                                        
Randall          2600   2.60E+03                                                                                                                                                                        
Peter            2500   2.50E+03                                                                                                                                                                        
Eleni           10500   1.05E+04                                                                                                                                                                        
Ellen           11000   1.10E+04                                                                                                                                                                        
Jonathon         8600   8.60E+03                                                                                                                                                                        
Kimerely         7000   7.00E+03                                                                                                                                                                        
Jennifer         4400   4.40E+03                                                                                                                                                                        
Michael         13000   1.30E+04                                                                                                                                                                        
Pat              6000   6.00E+03                                                                                                                                                                        
Shelley         12000   1.20E+04                                                                                                                                                                        
William          8300   8.30E+03                                                                                                                                                                        

20 rows selected.

SQL> SELECT FIRST_NAME , SALARY , TO_CHAR(SALARY,'99.99Eeee') FROM EMPLOYEES;
SELECT FIRST_NAME , SALARY , TO_CHAR(SALARY,'99.99Eeee') FROM EMPLOYEES
                                            *
ERROR at line 1:
ORA-01481: invalid number format model 


SQL> SELECT FIRST_NAME , SALARY , TO_CHAR(SALARY,'99.99eee') FROM EMPLOYEES;
SELECT FIRST_NAME , SALARY , TO_CHAR(SALARY,'99.99eee') FROM EMPLOYEES
                                            *
ERROR at line 1:
ORA-01481: invalid number format model 


SQL> SELECT FIRST_NAME , SALARY , TO_CHAR(SALARY,'99.99eeeee') FROM EMPLOYEES;
SELECT FIRST_NAME , SALARY , TO_CHAR(SALARY,'99.99eeeee') FROM EMPLOYEES
                                            *
ERROR at line 1:
ORA-01481: invalid number format model 


SQL> SELECT 247 , POWER(247,'999V0000000') FROM DUAL;
SELECT 247 , POWER(247,'999V0000000') FROM DUAL
                       *
ERROR at line 1:
ORA-01722: invalid number 


SQL> SELECT 247 , TO_CHAR(247,'999V0000000') FROM DUAL;

       247 TO_CHAR(247                                                                                                                                                                                  
---------- -----------                                                                                                                                                                                  
       247  2470000000                                                                                                                                                                                  

SQL> SELECT 247 , TO_CHAR(247,'999V00000') FROM DUAL;

       247 TO_CHAR(2                                                                                                                                                                                    
---------- ---------                                                                                                                                                                                    
       247  24700000                                                                                                                                                                                    

SQL> SELECT 247 , TO_CHAR(247,'999V000') FROM DUAL;

       247 TO_CHAR                                                                                                                                                                                      
---------- -------                                                                                                                                                                                      
       247  247000                                                                                                                                                                                      

SQL> REM VALID NUMBER FORMAT CHARACTERS : 9 0   . ,   D G   $ L U   S MI PR   EEEE OR eeee   V
SQL> 
SQL> SPOOL OFF
