SQL> 
SQL> CL SCR

SQL> REM CONVERSION FUNCTIONS :
SQL> 
SQL> REM LIST OF CONVERSION FUNCTIONS : 1 TO_NUMBER 2 TO_DATE 3 TO_CHAR
SQL> 
SQL> REM TO : CONVERT IT TO
SQL> 
SQL> REM TO_NUMBER : TO CONVERT CHARACTER TYPE VALUE INTO NUMBER TYPE VALUE
SQL> 
SQL> REM TO_DATE : TO CONVERT CHARACTER TYPE VALUE INTO DATE TYPE VALUE
SQL> 
SQL> REM TO_CHAR : 1 TO CONVERT NUMBER TYPE VALUE INTO CHARACTER TYPE VALUE
SQL> 
SQL> REM TO_CHAR : 2 TO CONVERT DATE TYPE VALUE INTO CHARACTER TYPE VALUE
SQL> 
SQL> 
SQL> REM PURPOSES OF TO_NUMBER : 1 FOR CALCULATION 2 FOR COMPARISON
SQL> 
SQL> REM PURPOSES OF TO_DATE : 1 FOR CALCULATION 2 FOR COMPARISON
SQL> 
SQL> 
SQL> REM PURPOSE OF TO_CHAR : TO DISPLAY NUMBER OR DATE TYPE VALUES IN USER DEFINED/NON-DEFAULT FORMATS
SQL> 
SQL> 
SQL> 
SQL> 
SQL> 
SQL> REM TO_NUMBER : TO CONVERT CHARACTER TYPE VALUE INTO NUMBER TYPE VALUE
SQL> 
SQL> REM PURPOSES OF TO_NUMBER : 1 FOR CALCULATION 2 FOR COMPARISON
SQL> 
SQL> REM 1 FOR CALCULATION
SQL> 
SQL> SELECT 12345 + 300 FROM DUAL;

 12345+300                                                                                                                                                                                              
----------                                                                                                                                                                                              
     12645                                                                                                                                                                                              

SQL> SELECT '12345' + 300 FROM DUAL;

'12345'+300                                                                                                                                                                                             
-----------                                                                                                                                                                                             
      12645                                                                                                                                                                                             

SQL> REM AUTOMATIC/IMPLICIT CONVERSION
SQL> 
SQL> SELECT '12345.00' + 300 FROM DUAL;

'12345.00'+300                                                                                                                                                                                          
--------------                                                                                                                                                                                          
         12645                                                                                                                                                                                          

SQL> SELECT '12345.67' + 300 FROM DUAL;

'12345.67'+300                                                                                                                                                                                          
--------------                                                                                                                                                                                          
      12645.67                                                                                                                                                                                          

SQL> SELECT '-12345.67' + 300 FROM DUAL;

'-12345.67'+300                                                                                                                                                                                         
---------------                                                                                                                                                                                         
      -12045.67                                                                                                                                                                                         

SQL> SELECT '-12,345.67' + 300 FROM DUAL;
SELECT '-12,345.67' + 300 FROM DUAL
       *
ERROR at line 1:
ORA-01722: invalid number 


SQL> SELECT '$12345.67' + 300 FROM DUAL;
SELECT '$12345.67' + 300 FROM DUAL
       *
ERROR at line 1:
ORA-01722: invalid number 


SQL> SELECT '12345.67' * 300 FROM DUAL;

'12345.67'*300                                                                                                                                                                                          
--------------                                                                                                                                                                                          
       3703701                                                                                                                                                                                          

SQL> SELECT TO_NUMBER('-12,345.67') + 300 FROM DUAL;
SELECT TO_NUMBER('-12,345.67') + 300 FROM DUAL
                 *
ERROR at line 1:
ORA-01722: invalid number 


SQL> SELECT TO_NUMBER('-12,345.67','S99,999.99') + 300 FROM DUAL;

TO_NUMBER('-12,345.67','S99,999.99')+300                                                                                                                                                                
----------------------------------------                                                                                                                                                                
                               -12045.67                                                                                                                                                                

SQL> SELECT TO_NUMBER('-12,345.67','S00,000.00') + 300 FROM DUAL;

TO_NUMBER('-12,345.67','S00,000.00')+300                                                                                                                                                                
----------------------------------------                                                                                                                                                                
                               -12045.67                                                                                                                                                                

SQL> SELECT TO_NUMBER('-12,345.67','S09,099.09') + 300 FROM DUAL;

TO_NUMBER('-12,345.67','S09,099.09')+300                                                                                                                                                                
----------------------------------------                                                                                                                                                                
                               -12045.67                                                                                                                                                                

SQL> SELECT TO_NUMBER('-12,345.67','S09,099.69') + 300 FROM DUAL;
SELECT TO_NUMBER('-12,345.67','S09,099.69') + 300 FROM DUAL
                              *
ERROR at line 1:
ORA-01481: invalid number format model 


SQL> SELECT TO_NUMBER('-12,345.67','S0,000.00') + 300 FROM DUAL;
SELECT TO_NUMBER('-12,345.67','S0,000.00') + 300 FROM DUAL
                 *
ERROR at line 1:
ORA-01722: invalid number 


SQL> SELECT TO_NUMBER('-12,345.67','S000,000.00') + 300 FROM DUAL;
SELECT TO_NUMBER('-12,345.67','S000,000.00') + 300 FROM DUAL
                 *
ERROR at line 1:
ORA-01722: invalid number 


SQL> SELECT TO_NUMBER('-12,345.67','S00,000.00') + 300 FROM DUAL;

TO_NUMBER('-12,345.67','S00,000.00')+300                                                                                                                                                                
----------------------------------------                                                                                                                                                                
                               -12045.67                                                                                                                                                                

SQL> SELECT TO_NUMBER('-12,345.67','S00,000.0000') + 300 FROM DUAL;

TO_NUMBER('-12,345.67','S00,000.0000')+300                                                                                                                                                              
------------------------------------------                                                                                                                                                              
                                 -12045.67                                                                                                                                                              

SQL> SELECT TO_NUMBER('12,345.67','00,000.0000') + 300 FROM DUAL;

TO_NUMBER('12,345.67','00,000.0000')+300                                                                                                                                                                
----------------------------------------                                                                                                                                                                
                                12645.67                                                                                                                                                                

SQL> SELECT TO_NUMBER('12,345.67','0000,000.0000') + 300 FROM DUAL;
SELECT TO_NUMBER('12,345.67','0000,000.0000') + 300 FROM DUAL
                 *
ERROR at line 1:
ORA-01722: invalid number 


SQL> SELECT TO_NUMBER('12,345.67','00,00,000.0000') + 300 FROM DUAL;
SELECT TO_NUMBER('12,345.67','00,00,000.0000') + 300 FROM DUAL
                 *
ERROR at line 1:
ORA-01722: invalid number 


SQL> SELECT TO_NUMBER('12,345.67','0,000,000.0000') + 300 FROM DUAL;
SELECT TO_NUMBER('12,345.67','0,000,000.0000') + 300 FROM DUAL
                 *
ERROR at line 1:
ORA-01722: invalid number 


SQL> SELECT TO_NUMBER('12345.67','999999.99') + 300 FROM DUAL;

TO_NUMBER('12345.67','999999.99')+300                                                                                                                                                                   
-------------------------------------                                                                                                                                                                   
                             12645.67                                                                                                                                                                   

SQL> SELECT '$12345.67' + 300 FROM DUAL;
SELECT '$12345.67' + 300 FROM DUAL
       *
ERROR at line 1:
ORA-01722: invalid number 


SQL> SELECT TO_NUMBER('$12345.67','$99999.00') + 300 FROM DUAL;

TO_NUMBER('$12345.67','$99999.00')+300                                                                                                                                                                  
--------------------------------------                                                                                                                                                                  
                              12645.67                                                                                                                                                                  

SQL> SELECT TO_NUMBER('$12345.67','L99999.00') + 300 FROM DUAL;

TO_NUMBER('$12345.67','L99999.00')+300                                                                                                                                                                  
--------------------------------------                                                                                                                                                                  
                              12645.67                                                                                                                                                                  

SQL> SELECT TO_NUMBER('$12345.67','U99999.00') + 300 FROM DUAL;

TO_NUMBER('$12345.67','U99999.00')+300                                                                                                                                                                  
--------------------------------------                                                                                                                                                                  
                              12645.67                                                                                                                                                                  

SQL> SELECT TO_NUMBER('$12345.67','US99999.00') + 300 FROM DUAL;
SELECT TO_NUMBER('$12345.67','US99999.00') + 300 FROM DUAL
                             *
ERROR at line 1:
ORA-01481: invalid number format model 


SQL> SELECT TO_NUMBER('$-12345.67','US99999.00') + 300 FROM DUAL;
SELECT TO_NUMBER('$-12345.67','US99999.00') + 300 FROM DUAL
                              *
ERROR at line 1:
ORA-01481: invalid number format model 


SQL> SELECT TO_NUMBER('-$12345.67','SU99999.00') + 300 FROM DUAL;

TO_NUMBER('-$12345.67','SU99999.00')+300                                                                                                                                                                
----------------------------------------                                                                                                                                                                
                               -12045.67                                                                                                                                                                

SQL> SELECT TO_NUMBER('Rs.12345.67','L99999.00') + 300 FROM DUAL;
SELECT TO_NUMBER('Rs.12345.67','L99999.00') + 300 FROM DUAL
                 *
ERROR at line 1:
ORA-01722: invalid number 


SQL> SELECT TO_NUMBER('Rs12345.67','L99999.00') + 300 FROM DUAL;
SELECT TO_NUMBER('Rs12345.67','L99999.00') + 300 FROM DUAL
                 *
ERROR at line 1:
ORA-01722: invalid number 


SQL> SELECT TO_NUMBER('R12345.67','L99999.00') + 300 FROM DUAL;
SELECT TO_NUMBER('R12345.67','L99999.00') + 300 FROM DUAL
                 *
ERROR at line 1:
ORA-01722: invalid number 


SQL> SELECT TO_NUMBER('%12345.67','L99999.00') + 300 FROM DUAL;
SELECT TO_NUMBER('%12345.67','L99999.00') + 300 FROM DUAL
                 *
ERROR at line 1:
ORA-01722: invalid number 


SQL> COL PARAMETER FORMAT A30
SQL> COL VALUE FORMAT A30
SQL> 
SQL> SELECT * FROM NLS_SESSION_PARAMETERS;

PARAMETER                      VALUE                                                                                                                                                                    
------------------------------ ------------------------------                                                                                                                                           
NLS_LANGUAGE                   AMERICAN                                                                                                                                                                 
NLS_TERRITORY                  AMERICA                                                                                                                                                                  
NLS_CURRENCY                   $                                                                                                                                                                        
NLS_ISO_CURRENCY               AMERICA                                                                                                                                                                  
NLS_NUMERIC_CHARACTERS         .,                                                                                                                                                                       
NLS_CALENDAR                   GREGORIAN                                                                                                                                                                
NLS_DATE_FORMAT                DD-MON-RR                                                                                                                                                                
NLS_DATE_LANGUAGE              AMERICAN                                                                                                                                                                 
NLS_SORT                       BINARY                                                                                                                                                                   
NLS_TIME_FORMAT                HH.MI.SSXFF AM                                                                                                                                                           
NLS_TIMESTAMP_FORMAT           DD-MON-RR HH.MI.SSXFF AM                                                                                                                                                 
NLS_TIME_TZ_FORMAT             HH.MI.SSXFF AM TZR                                                                                                                                                       
NLS_TIMESTAMP_TZ_FORMAT        DD-MON-RR HH.MI.SSXFF AM TZR                                                                                                                                             
NLS_DUAL_CURRENCY              $                                                                                                                                                                        
NLS_COMP                       BINARY                                                                                                                                                                   
NLS_LENGTH_SEMANTICS           BYTE                                                                                                                                                                     
NLS_NCHAR_CONV_EXCP            FALSE                                                                                                                                                                    

17 rows selected.

SQL> ALTER SESSION SET NLS_CURRENCY = 'Rs.';

Session altered.

SQL> SELECT TO_NUMBER('Rs.12345.67','L99999.00') + 300 FROM DUAL;

TO_NUMBER('RS.12345.67','L99999.00')+300                                                                                                                                                                
----------------------------------------                                                                                                                                                                
                                12645.67                                                                                                                                                                

SQL> REM FOR COMPARISON
SQL> 
SQL> SELECT FIRST_NAME , SALARY FROM EMPLOYEES WHERE SALARY > 10000;

FIRST_NAME     SALARY                                                                                                                                                                                   
---------- ----------                                                                                                                                                                                   
Steven          24000                                                                                                                                                                                   
Neena           17000                                                                                                                                                                                   
Lex             17000                                                                                                                                                                                   
Eleni           10500                                                                                                                                                                                   
Ellen           11000                                                                                                                                                                                   
Michael         13000                                                                                                                                                                                   
Shelley         12000                                                                                                                                                                                   

7 rows selected.

SQL> SELECT FIRST_NAME , SALARY FROM EMPLOYEES WHERE SALARY > 10000.00;

FIRST_NAME     SALARY                                                                                                                                                                                   
---------- ----------                                                                                                                                                                                   
Steven          24000                                                                                                                                                                                   
Neena           17000                                                                                                                                                                                   
Lex             17000                                                                                                                                                                                   
Eleni           10500                                                                                                                                                                                   
Ellen           11000                                                                                                                                                                                   
Michael         13000                                                                                                                                                                                   
Shelley         12000                                                                                                                                                                                   

7 rows selected.

SQL> SELECT FIRST_NAME , SALARY FROM EMPLOYEES WHERE SALARY > +10000.00;

FIRST_NAME     SALARY                                                                                                                                                                                   
---------- ----------                                                                                                                                                                                   
Steven          24000                                                                                                                                                                                   
Neena           17000                                                                                                                                                                                   
Lex             17000                                                                                                                                                                                   
Eleni           10500                                                                                                                                                                                   
Ellen           11000                                                                                                                                                                                   
Michael         13000                                                                                                                                                                                   
Shelley         12000                                                                                                                                                                                   

7 rows selected.

SQL> SELECT FIRST_NAME , SALARY FROM EMPLOYEES WHERE SALARY > +10,000.00;
SELECT FIRST_NAME , SALARY FROM EMPLOYEES WHERE SALARY > +10,000.00
                                                            *
ERROR at line 1:
ORA-00933: SQL command not properly ended 


SQL> SELECT FIRST_NAME , SALARY FROM EMPLOYEES WHERE SALARY > $10000.00;
SELECT FIRST_NAME , SALARY FROM EMPLOYEES WHERE SALARY > $10000.00
                                                         *
ERROR at line 1:
ORA-00911: invalid character 


SQL> CONN SCOTT/TIGER
Connected.
SQL> SELECT FIRST_NAME , SALARY FROM EMPLOYEES WHERE SALARY > $10000.00;
SELECT FIRST_NAME , SALARY FROM EMPLOYEES WHERE SALARY > $10000.00
                                                         *
ERROR at line 1:
ORA-00911: invalid character 


SQL> SELECT FIRST_NAME , SALARY FROM EMPLOYEES WHERE SALARY > TO_NUMBER(+10,000.00,'S99,000.00');
SELECT FIRST_NAME , SALARY FROM EMPLOYEES WHERE SALARY > TO_NUMBER(+10,000.00,'S99,000.00')
                                *
ERROR at line 1:
ORA-12702: invalid NLS parameter string used in SQL function 


SQL> SELECT FIRST_NAME , SALARY FROM EMPLOYEES WHERE SALARY > TO_NUMBER('+10,000.00','S99,000.00');

FIRST_NAME     SALARY                                                                                                                                                                                   
---------- ----------                                                                                                                                                                                   
Steven          24000                                                                                                                                                                                   
Neena           17000                                                                                                                                                                                   
Lex             17000                                                                                                                                                                                   
Eleni           10500                                                                                                                                                                                   
Ellen           11000                                                                                                                                                                                   
Michael         13000                                                                                                                                                                                   
Shelley         12000                                                                                                                                                                                   

7 rows selected.

SQL> SELECT FIRST_NAME , SALARY FROM EMPLOYEES WHERE SALARY > TO_NUMBER('$10,000.00','$99,000.00');

FIRST_NAME     SALARY                                                                                                                                                                                   
---------- ----------                                                                                                                                                                                   
Steven          24000                                                                                                                                                                                   
Neena           17000                                                                                                                                                                                   
Lex             17000                                                                                                                                                                                   
Eleni           10500                                                                                                                                                                                   
Ellen           11000                                                                                                                                                                                   
Michael         13000                                                                                                                                                                                   
Shelley         12000                                                                                                                                                                                   

7 rows selected.

SQL> SELECT FIRST_NAME , SALARY FROM EMPLOYEES WHERE SALARY > TO_NUMBER('$10,000.00','L99,000.00');

FIRST_NAME     SALARY                                                                                                                                                                                   
---------- ----------                                                                                                                                                                                   
Steven          24000                                                                                                                                                                                   
Neena           17000                                                                                                                                                                                   
Lex             17000                                                                                                                                                                                   
Eleni           10500                                                                                                                                                                                   
Ellen           11000                                                                                                                                                                                   
Michael         13000                                                                                                                                                                                   
Shelley         12000                                                                                                                                                                                   

7 rows selected.

SQL> SELECT FIRST_NAME , SALARY FROM EMPLOYEES WHERE SALARY > TO_NUMBER('$10,000.00','U99,000.00');

FIRST_NAME     SALARY                                                                                                                                                                                   
---------- ----------                                                                                                                                                                                   
Steven          24000                                                                                                                                                                                   
Neena           17000                                                                                                                                                                                   
Lex             17000                                                                                                                                                                                   
Eleni           10500                                                                                                                                                                                   
Ellen           11000                                                                                                                                                                                   
Michael         13000                                                                                                                                                                                   
Shelley         12000                                                                                                                                                                                   

7 rows selected.

SQL> REM TO_DATE : TO CONVERT CHARACTER TYPE VALUE INTO DATE TYPE VALUE
SQL> 
SQL> REM PURPOSES OF TO_DATE : 1 FOR CALCULATION 2 FOR COMPARISON
SQL> 
SQL> REM FOR CALCULATION
SQL> 
SQL> SELECT FIRST_NAME , SYSDATE , HIRE_DATE , SYSDATE - HIRE_DATE DAYS FROM EMPLOYEES;

FIRST_NAME SYSDATE   HIRE_DATE       DAYS                                                                                                                                                               
---------- --------- --------- ----------                                                                                                                                                               
Steven     15-SEP-22 17-JUL-87 12844.7497                                                                                                                                                               
Neena      15-SEP-22 21-SEP-89 12047.7497                                                                                                                                                               
Lex        15-SEP-22 13-JAN-93 10837.7497                                                                                                                                                               
Alexander  15-SEP-22 03-JAN-90 11943.7497                                                                                                                                                               
Bruce      15-SEP-22 21-MAY-91 11440.7497                                                                                                                                                               
Diana      15-SEP-22 07-FEB-99 8621.74973                                                                                                                                                               
Kevin      15-SEP-22 16-NOV-99 8339.74973                                                                                                                                                               
Trenna     15-SEP-22 17-OCT-95 9830.74973                                                                                                                                                               
Curtis     15-SEP-22 29-JAN-97 9360.74973                                                                                                                                                               
Randall    15-SEP-22 15-MAR-98 8950.74973                                                                                                                                                               
Peter      15-SEP-22 09-JUL-98 8834.74973                                                                                                                                                               
Eleni      15-SEP-22 29-JAN-00 8265.74973                                                                                                                                                               
Ellen      15-SEP-22 11-MAY-96 9623.74973                                                                                                                                                               
Jonathon   15-SEP-22 24-MAR-98 8941.74973                                                                                                                                                               
Kimerely   15-SEP-22 24-MAY-99 8515.74973                                                                                                                                                               
Jennifer   15-SEP-22 17-SEP-87 12782.7497                                                                                                                                                               
Michael    15-SEP-22 17-FEB-96 9707.74973                                                                                                                                                               
Pat        15-SEP-22 17-AUG-97 9160.74973                                                                                                                                                               
Shelley    15-SEP-22 07-JUN-94 10327.7497                                                                                                                                                               
William    15-SEP-22 07-JUN-94 10327.7497                                                                                                                                                               

20 rows selected.

SQL> SELECT '13-MAR-73' - '15-JAN-71' DAYS FROM DUAL;
SELECT '13-MAR-73' - '15-JAN-71' DAYS FROM DUAL
       *
ERROR at line 1:
ORA-01722: invalid number 


SQL> SELECT TO_DATE('13-MAR-73') - TO_DATE('15-JAN-71') DAYS FROM DUAL;

      DAYS                                                                                                                                                                                              
----------                                                                                                                                                                                              
       788                                                                                                                                                                                              

SQL> SELECT TO_DATE('13-MARCH-1973') - TO_DATE('15JAN-71') DAYS FROM DUAL;

      DAYS                                                                                                                                                                                              
----------                                                                                                                                                                                              
       788                                                                                                                                                                                              

SQL> SELECT TO_DATE('13-MARCH-1973') - TO_DATE('15-01-71') DAYS FROM DUAL;
SELECT TO_DATE('13-MARCH-1973') - TO_DATE('15-01-71') DAYS FROM DUAL
                                          *
ERROR at line 1:
ORA-01843: not a valid month 


SQL> SELECT TO_DATE('13-MARCH-1973') - TO_DATE('15-01-71',) DAYS FROM DUAL;
'DD-MM-RR'
      DAYS                                                                                                                                                                                              
----------                                                                                                                                                                                              
       788                                                                                                                                                                                              

SQL> REM RR / YY
SQL> 
SQL> REM YY : IT ALWAYS PICKS CURRENT CENTURY VALUE.
SQL> 
SQL> SELECT TO_DATE('13-MARCH-1973') - TO_DATE('15-01-71','DD-MM-YY') DAYS FROM DUAL;

      DAYS                                                                                                                                                                                              
----------                                                                                                                                                                                              
    -35737                                                                                                                                                                                              

SQL> SELECT TO_DATE('13-MARCH-1973') - TO_DATE('15-01-71','DD-MM-RR') DAYS FROM DUAL;

      DAYS                                                                                                                                                                                              
----------                                                                                                                                                                                              
       788                                                                                                                                                                                              

SQL> REM YY CENTURY : 2000 TO 2099 = 100 YEARS : 20
SQL> 
SQL> REM RR CENTURY : PREVIOUS 50 YEARS + CURRENT 50 YEARS = 100 YEARS = RR CENTURY
SQL> 
SQL> REM RR CENTURY : 1950 TO 1999      + 2000 TO 2049     = 1950 TO 2049 : RR CENTURY
SQL> 
SQL> SELECT TO_DATE('13-MARCH-1973') - TO_DATE('30-08-05','DD-MM-RR') DAYS FROM DUAL;

      DAYS                                                                                                                                                                                              
----------                                                                                                                                                                                              
    -11858                                                                                                                                                                                              

SQL> REM 31-MAY-44 :
SQL> 
SQL> 
SQL> REM FOR COMPARISON
SQL> 
SQL> SELECT FIRST_NAME , HIRE_DATE FROM EMPLOYEES WHERE HIRE_DATE <= '31-DEC-95';

FIRST_NAME HIRE_DATE                                                                                                                                                                                    
---------- ---------                                                                                                                                                                                    
Steven     17-JUL-87                                                                                                                                                                                    
Neena      21-SEP-89                                                                                                                                                                                    
Lex        13-JAN-93                                                                                                                                                                                    
Alexander  03-JAN-90                                                                                                                                                                                    
Bruce      21-MAY-91                                                                                                                                                                                    
Trenna     17-OCT-95                                                                                                                                                                                    
Jennifer   17-SEP-87                                                                                                                                                                                    
Shelley    07-JUN-94                                                                                                                                                                                    
William    07-JUN-94                                                                                                                                                                                    

9 rows selected.

SQL> SELECT FIRST_NAME , HIRE_DATE FROM EMPLOYEES WHERE HIRE_DATE <= '31-DECEMBER-95';

FIRST_NAME HIRE_DATE                                                                                                                                                                                    
---------- ---------                                                                                                                                                                                    
Steven     17-JUL-87                                                                                                                                                                                    
Neena      21-SEP-89                                                                                                                                                                                    
Lex        13-JAN-93                                                                                                                                                                                    
Alexander  03-JAN-90                                                                                                                                                                                    
Bruce      21-MAY-91                                                                                                                                                                                    
Trenna     17-OCT-95                                                                                                                                                                                    
Jennifer   17-SEP-87                                                                                                                                                                                    
Shelley    07-JUN-94                                                                                                                                                                                    
William    07-JUN-94                                                                                                                                                                                    

9 rows selected.

SQL> SELECT FIRST_NAME , HIRE_DATE FROM EMPLOYEES WHERE HIRE_DATE <= '31-DECEMBER1995';

FIRST_NAME HIRE_DATE                                                                                                                                                                                    
---------- ---------                                                                                                                                                                                    
Steven     17-JUL-87                                                                                                                                                                                    
Neena      21-SEP-89                                                                                                                                                                                    
Lex        13-JAN-93                                                                                                                                                                                    
Alexander  03-JAN-90                                                                                                                                                                                    
Bruce      21-MAY-91                                                                                                                                                                                    
Trenna     17-OCT-95                                                                                                                                                                                    
Jennifer   17-SEP-87                                                                                                                                                                                    
Shelley    07-JUN-94                                                                                                                                                                                    
William    07-JUN-94                                                                                                                                                                                    

9 rows selected.

SQL> SELECT FIRST_NAME , HIRE_DATE FROM EMPLOYEES WHERE HIRE_DATE <= '95-DECEMBER-31';
SELECT FIRST_NAME , HIRE_DATE FROM EMPLOYEES WHERE HIRE_DATE <= '95-DECEMBER-31'
                                                                *
ERROR at line 1:
ORA-01847: day of month must be between 1 and last day of month 


SQL> SELECT FIRST_NAME , HIRE_DATE FROM EMPLOYEES WHERE HIRE_DATE <= TO_DATE('95-DECEMBER-31','RR-MONTH-DD');

FIRST_NAME HIRE_DATE                                                                                                                                                                                    
---------- ---------                                                                                                                                                                                    
Steven     17-JUL-87                                                                                                                                                                                    
Neena      21-SEP-89                                                                                                                                                                                    
Lex        13-JAN-93                                                                                                                                                                                    
Alexander  03-JAN-90                                                                                                                                                                                    
Bruce      21-MAY-91                                                                                                                                                                                    
Trenna     17-OCT-95                                                                                                                                                                                    
Jennifer   17-SEP-87                                                                                                                                                                                    
Shelley    07-JUN-94                                                                                                                                                                                    
William    07-JUN-94                                                                                                                                                                                    

9 rows selected.

SQL> SELECT FIRST_NAME , HIRE_DATE FROM EMPLOYEES WHERE HIRE_DATE <= TO_DATE('95-DECEMBER-31','RR-MON-DD');

FIRST_NAME HIRE_DATE                                                                                                                                                                                    
---------- ---------                                                                                                                                                                                    
Steven     17-JUL-87                                                                                                                                                                                    
Neena      21-SEP-89                                                                                                                                                                                    
Lex        13-JAN-93                                                                                                                                                                                    
Alexander  03-JAN-90                                                                                                                                                                                    
Bruce      21-MAY-91                                                                                                                                                                                    
Trenna     17-OCT-95                                                                                                                                                                                    
Jennifer   17-SEP-87                                                                                                                                                                                    
Shelley    07-JUN-94                                                                                                                                                                                    
William    07-JUN-94                                                                                                                                                                                    

9 rows selected.

SQL> SELECT FIRST_NAME , HIRE_DATE FROM EMPLOYEES WHERE HIRE_DATE <= TO_DATE('95-DECEMBER-31','RRRR-MON-DD');

FIRST_NAME HIRE_DATE                                                                                                                                                                                    
---------- ---------                                                                                                                                                                                    
Steven     17-JUL-87                                                                                                                                                                                    
Neena      21-SEP-89                                                                                                                                                                                    
Lex        13-JAN-93                                                                                                                                                                                    
Alexander  03-JAN-90                                                                                                                                                                                    
Bruce      21-MAY-91                                                                                                                                                                                    
Trenna     17-OCT-95                                                                                                                                                                                    
Jennifer   17-SEP-87                                                                                                                                                                                    
Shelley    07-JUN-94                                                                                                                                                                                    
William    07-JUN-94                                                                                                                                                                                    

9 rows selected.

SQL> SELECT FIRST_NAME , HIRE_DATE FROM EMPLOYEES WHERE HIRE_DATE <= TO_DATE('95-DECEMBER-31','YYYY-MON-DD');

no rows selected

SQL> SELECT FIRST_NAME , HIRE_DATE FROM EMPLOYEES WHERE HIRE_DATE <= TO_DATE('95-DECEMBER-31','YY-MON-DD');

FIRST_NAME HIRE_DATE                                                                                                                                                                                    
---------- ---------                                                                                                                                                                                    
Steven     17-JUL-87                                                                                                                                                                                    
Neena      21-SEP-89                                                                                                                                                                                    
Lex        13-JAN-93                                                                                                                                                                                    
Alexander  03-JAN-90                                                                                                                                                                                    
Bruce      21-MAY-91                                                                                                                                                                                    
Diana      07-FEB-99                                                                                                                                                                                    
Kevin      16-NOV-99                                                                                                                                                                                    
Trenna     17-OCT-95                                                                                                                                                                                    
Curtis     29-JAN-97                                                                                                                                                                                    
Randall    15-MAR-98                                                                                                                                                                                    
Peter      09-JUL-98                                                                                                                                                                                    
Eleni      29-JAN-00                                                                                                                                                                                    
Ellen      11-MAY-96                                                                                                                                                                                    
Jonathon   24-MAR-98                                                                                                                                                                                    
Kimerely   24-MAY-99                                                                                                                                                                                    
Jennifer   17-SEP-87                                                                                                                                                                                    
Michael    17-FEB-96                                                                                                                                                                                    
Pat        17-AUG-97                                                                                                                                                                                    
Shelley    07-JUN-94                                                                                                                                                                                    
William    07-JUN-94                                                                                                                                                                                    

20 rows selected.

SQL> SELECT FIRST_NAME , HIRE_DATE FROM EMPLOYEES WHERE HIRE_DATE <= TO_DATE('31-DEC-95','DD-MON-RR');

FIRST_NAME HIRE_DATE                                                                                                                                                                                    
---------- ---------                                                                                                                                                                                    
Steven     17-JUL-87                                                                                                                                                                                    
Neena      21-SEP-89                                                                                                                                                                                    
Lex        13-JAN-93                                                                                                                                                                                    
Alexander  03-JAN-90                                                                                                                                                                                    
Bruce      21-MAY-91                                                                                                                                                                                    
Trenna     17-OCT-95                                                                                                                                                                                    
Jennifer   17-SEP-87                                                                                                                                                                                    
Shelley    07-JUN-94                                                                                                                                                                                    
William    07-JUN-94                                                                                                                                                                                    

9 rows selected.

SQL> SELECT FIRST_NAME , HIRE_DATE FROM EMPLOYEES WHERE HIRE_DATE <= TO_DATE('31-DEC-95','DD-MONTH-RR');

FIRST_NAME HIRE_DATE                                                                                                                                                                                    
---------- ---------                                                                                                                                                                                    
Steven     17-JUL-87                                                                                                                                                                                    
Neena      21-SEP-89                                                                                                                                                                                    
Lex        13-JAN-93                                                                                                                                                                                    
Alexander  03-JAN-90                                                                                                                                                                                    
Bruce      21-MAY-91                                                                                                                                                                                    
Trenna     17-OCT-95                                                                                                                                                                                    
Jennifer   17-SEP-87                                                                                                                                                                                    
Shelley    07-JUN-94                                                                                                                                                                                    
William    07-JUN-94                                                                                                                                                                                    

9 rows selected.

SQL> SELECT FIRST_NAME , HIRE_DATE FROM EMPLOYEES WHERE HIRE_DATE <= TO_DATE('31-DEC-95','FXDD-MONTH-RR');
SELECT FIRST_NAME , HIRE_DATE FROM EMPLOYEES WHERE HIRE_DATE <= TO_DATE('31-DEC-95','FXDD-MONTH-RR')
                                                                        *
ERROR at line 1:
ORA-01843: not a valid month 


SQL> SELECT FIRST_NAME , HIRE_DATE FROM EMPLOYEES WHERE HIRE_DATE <= TO_DATE('31-DECEMBER-95','FXDD-MONTH-RR');

FIRST_NAME HIRE_DATE                                                                                                                                                                                    
---------- ---------                                                                                                                                                                                    
Steven     17-JUL-87                                                                                                                                                                                    
Neena      21-SEP-89                                                                                                                                                                                    
Lex        13-JAN-93                                                                                                                                                                                    
Alexander  03-JAN-90                                                                                                                                                                                    
Bruce      21-MAY-91                                                                                                                                                                                    
Trenna     17-OCT-95                                                                                                                                                                                    
Jennifer   17-SEP-87                                                                                                                                                                                    
Shelley    07-JUN-94                                                                                                                                                                                    
William    07-JUN-94                                                                                                                                                                                    

9 rows selected.

SQL> SELECT FIRST_NAME , HIRE_DATE FROM EMPLOYEES WHERE HIRE_DATE <= TO_DATE('31-DEcemBER-95','FXDD-MONTH-RR');

FIRST_NAME HIRE_DATE                                                                                                                                                                                    
---------- ---------                                                                                                                                                                                    
Steven     17-JUL-87                                                                                                                                                                                    
Neena      21-SEP-89                                                                                                                                                                                    
Lex        13-JAN-93                                                                                                                                                                                    
Alexander  03-JAN-90                                                                                                                                                                                    
Bruce      21-MAY-91                                                                                                                                                                                    
Trenna     17-OCT-95                                                                                                                                                                                    
Jennifer   17-SEP-87                                                                                                                                                                                    
Shelley    07-JUN-94                                                                                                                                                                                    
William    07-JUN-94                                                                                                                                                                                    

9 rows selected.

SQL> SELECT FIRST_NAME , HIRE_DATE FROM EMPLOYEES WHERE HIRE_DATE <= TO_DATE('31-DEcemBER-95','FXDD-MONTH-RRRR');
SELECT FIRST_NAME , HIRE_DATE FROM EMPLOYEES WHERE HIRE_DATE <= TO_DATE('31-DEcemBER-95','FXDD-MONTH-RRRR')
                                                                        *
ERROR at line 1:
ORA-01862: the numeric value does not match the length of the format item 


SQL> SELECT FIRST_NAME , HIRE_DATE FROM EMPLOYEES WHERE HIRE_DATE <= TO_DATE('31-DEcemBER-1995','FXDD-MONTH-RRRR');

FIRST_NAME HIRE_DATE                                                                                                                                                                                    
---------- ---------                                                                                                                                                                                    
Steven     17-JUL-87                                                                                                                                                                                    
Neena      21-SEP-89                                                                                                                                                                                    
Lex        13-JAN-93                                                                                                                                                                                    
Alexander  03-JAN-90                                                                                                                                                                                    
Bruce      21-MAY-91                                                                                                                                                                                    
Trenna     17-OCT-95                                                                                                                                                                                    
Jennifer   17-SEP-87                                                                                                                                                                                    
Shelley    07-JUN-94                                                                                                                                                                                    
William    07-JUN-94                                                                                                                                                                                    

9 rows selected.

SQL> REM TO_NUMBER , TO_DATE
SQL> 
SQL> REM MOTHER - FATHER : DAYS
SQL> 
SQL> SPOOL OFF
