SQL> 
SQL> CL SCR

SQL> REM SUMMARY FUNCTIONS : MIN MAX COUNT SUM AVG
SQL> 
SQL> REM NESTED SUMMARY FUNCTION : MEANS SUMMARY FUNCTION WITHIN ANOTHER SUMMARY FUNCTION
SQL> 
SQL> REM 1 WE CAN NEST SUMMARY FUNCTION ONLY UPTO TWO LEVELS
SQL> 
SQL> REM 2 WHEN WE USE NESTED SUMMARY FUNCTION , ALL OTHER ITEMS OF SELECT MUST BE NESTED SUMMARY FUNCTION ONLY (EXCEPTION : COUNT)
SQL> 
SQL> REM 3 WHEN WE USE NESTED SUMMARY FUNCTION, GROUP BY CLAUSE IS MANDATORY.
SQL> 
SQL> 
SQL> SELECT AVG(SALARY) FROM EMPLOYEES;

AVG(SALARY)                                                                                                                                                                                             
-----------                                                                                                                                                                                             
       8775                                                                                                                                                                                             

SQL> REM DISPLAY DEPARTMENT WISE AVERAGE SALARY
SQL> 
SQL> SELECT DEPARTMENT_ID , AVG(SALARY) FROM EMPLOYEES;
SELECT DEPARTMENT_ID , AVG(SALARY) FROM EMPLOYEES
       *
ERROR at line 1:
ORA-00937: not a single-group group function 


SQL> SELECT DEPARTMENT_ID , AVG(SALARY) FROM EMPLOYEES GROUP BY DEPARTMENT_ID;

DEPARTMENT_ID AVG(SALARY)                                                                                                                                                                               
------------- -----------                                                                                                                                                                               
                     7000                                                                                                                                                                               
           90  19333.3333                                                                                                                                                                               
           20        9500                                                                                                                                                                               
          110       10150                                                                                                                                                                               
           50        3500                                                                                                                                                                               
           80  10033.3333                                                                                                                                                                               
           60        6400                                                                                                                                                                               
           10        4400                                                                                                                                                                               

8 rows selected.

SQL> SELECT DEPARTMENT_ID , MAX(AVG(SALARY)) FROM EMPLOYEES GROUP BY DEPARTMENT_ID;
SELECT DEPARTMENT_ID , MAX(AVG(SALARY)) FROM EMPLOYEES GROUP BY DEPARTMENT_ID
       *
ERROR at line 1:
ORA-00937: not a single-group group function 


SQL> SELECT MAX(AVG(SALARY)) FROM EMPLOYEES GROUP BY DEPARTMENT_ID;

MAX(AVG(SALARY))                                                                                                                                                                                        
----------------                                                                                                                                                                                        
      19333.3333                                                                                                                                                                                        

SQL> REM JOB_ID WISE LOWEST TOTAL SALARY
SQL> 
SQL> SELECT MIN(SUM(SALARY)) FROM EMPLOYEES GROUP BY JOB_ID;

MIN(SUM(SALARY))                                                                                                                                                                                        
----------------                                                                                                                                                                                        
            4400                                                                                                                                                                                        

SQL> SELECT COUNT(MIN(SUM(SALARY))) FROM EMPLOYEES GROUP BY JOB_ID;
SELECT COUNT(MIN(SUM(SALARY))) FROM EMPLOYEES GROUP BY JOB_ID
                 *
ERROR at line 1:
ORA-00935: group function is nested too deeply 


SQL> SELECT COUNT(MAX(SUM(SALARY))) FROM EMPLOYEES GROUP BY JOB_ID;
SELECT COUNT(MAX(SUM(SALARY))) FROM EMPLOYEES GROUP BY JOB_ID
                 *
ERROR at line 1:
ORA-00935: group function is nested too deeply 


SQL> SELECT MAX(COUNT(SUM(SALARY))) FROM EMPLOYEES GROUP BY JOB_ID;
SELECT MAX(COUNT(SUM(SALARY))) FROM EMPLOYEES GROUP BY JOB_ID
                 *
ERROR at line 1:
ORA-00935: group function is nested too deeply 


SQL> SELECT MAX(SUM(SALARY)) FROM EMPLOYEES;
SELECT MAX(SUM(SALARY)) FROM EMPLOYEES
           *
ERROR at line 1:
ORA-00978: nested group function without GROUP BY 


SQL> SELECT MAX(SUM(SALARY)) , AVG(SALARY) FROM EMPLOYEES GROUP BY DEPARTMENT_ID;
SELECT MAX(SUM(SALARY)) , AVG(SALARY) FROM EMPLOYEES GROUP BY DEPARTMENT_ID
                              *
ERROR at line 1:
ORA-00979: not a GROUP BY expression 


SQL> SELECT MAX(SUM(SALARY)) , COUNT(*) FROM EMPLOYEES GROUP BY DEPARTMENT_ID;

MAX(SUM(SALARY))   COUNT(*)                                                                                                                                                                             
---------------- ----------                                                                                                                                                                             
           58000          8                                                                                                                                                                             

SQL> SELECT MAX(SUM(SALARY)) , COUNT(DEPARTMENT_ID) FROM EMPLOYEES GROUP BY DEPARTMENT_ID;

MAX(SUM(SALARY)) COUNT(DEPARTMENT_ID)                                                                                                                                                                   
---------------- --------------------                                                                                                                                                                   
           58000                    7                                                                                                                                                                   

SQL> SELECT MAX(SUM(SALARY)) , COUNT(JOB_ID) FROM EMPLOYEES GROUP BY DEPARTMENT_ID;

MAX(SUM(SALARY)) COUNT(JOB_ID)                                                                                                                                                                          
---------------- -------------                                                                                                                                                                          
           58000             8                                                                                                                                                                          

SQL> SELECT MAX(SUM(SALARY)) , COUNT(SALARY) FROM EMPLOYEES GROUP BY DEPARTMENT_ID;
SELECT MAX(SUM(SALARY)) , COUNT(SALARY) FROM EMPLOYEES GROUP BY DEPARTMENT_ID
                                *
ERROR at line 1:
ORA-00979: not a GROUP BY expression 


SQL> SELECT MAX(SUM(SALARY)) , MIN(SUM(SALARY)) FROM EMPLOYEES GROUP BY DEPARTMENT_ID;

MAX(SUM(SALARY)) MIN(SUM(SALARY))                                                                                                                                                                       
---------------- ----------------                                                                                                                                                                       
           58000             4400                                                                                                                                                                       

SQL> SELECT MAX(SUM(SALARY)) , MIN(SUM(SALARY)) , SUM(SUM(SALARY)) , AVG(SUM(SALARY)) FROM EMPLOYEES GROUP BY DEPARTMENT_ID;

MAX(SUM(SALARY)) MIN(SUM(SALARY)) SUM(SUM(SALARY)) AVG(SUM(SALARY))                                                                                                                                     
---------------- ---------------- ---------------- ----------------                                                                                                                                     
           58000             4400           175500          21937.5                                                                                                                                     

SQL> SELECT MAX(SUM(SALARY)) , DEPARTMENT_ID FROM EMPLOYEES GROUP BY DEPARTMENT_ID;
SELECT MAX(SUM(SALARY)) , DEPARTMENT_ID FROM EMPLOYEES GROUP BY DEPARTMENT_ID
                          *
ERROR at line 1:
ORA-00937: not a single-group group function 


SQL> REM MANAGER_ID WISE HIGHEST COUNT AND LOWEST COUNT
SQL> 
SQL> SELECT MAX(COUNT(*)) , MIN(COUNT(*)) FROM EMPLOYEES GROUP BY MANAGER_ID;

MAX(COUNT(*)) MIN(COUNT(*))                                                                                                                                                                             
------------- -------------                                                                                                                                                                             
            5             1                                                                                                                                                                             

SQL> REM DEPARTMENT_ID WISE HIGHEST MINIMUM SALARY AND LOWEST MAXIMUM SALARY
SQL> 
SQL> SELECT MAX(MIN(SALARY)) , MIN(MAX(SALARY)) FROM EMPLOYEES GROUP BY DEPARTMENT_ID;

MAX(MIN(SALARY)) MIN(MAX(SALARY))                                                                                                                                                                       
---------------- ----------------                                                                                                                                                                       
           17000             4400                                                                                                                                                                       

SQL> REM HIRE YEAR WISE LOWEST TOTAL SALARY , AVERAGE TOTAL SALARY , HIGHEST TOTAL SALARY
SQL> 
SQL> SELECT MIN(SUM(SALARY)) , AVG(SUM(SALARY)) , MAX(SUM(SALARY))
  2  FROM EMPLOYEES
  3  GROUP BY SUBSTR(HIRE_DATE,8);

MIN(SUM(SALARY)) AVG(SUM(SALARY)) MAX(SUM(SALARY))                                                                                                                                                      
---------------- ---------------- ----------------                                                                                                                                                      
            2500             9750            24000                                                                                                                                                      

SQL> SELECT MIN(SUM(SALARY)) , AVG(SUM(SALARY)) , MAX(SUM(SALARY))
  2  
SQL> SELECT MIN(SUM(SALARY)) , AVG(SUM(SALARY)) , MAX(SUM(SALARY))
  2  FROM EMPLOYEES
  3  GROUP BY SUBSTR(HIRE_DATE,-2);

MIN(SUM(SALARY)) AVG(SUM(SALARY)) MAX(SUM(SALARY))                                                                                                                                                      
---------------- ---------------- ----------------                                                                                                                                                      
           29100            58500            88000                                                                                                                                                      

SQL> CONN SCOTT/TIGER
Connected.
SQL> 
SQL> SELECT MIN(SUM(SALARY)) , AVG(SUM(SALARY)) , MAX(SUM(SALARY))
  2  FROM EMPLOYEES
  3  GROUP BY SUBSTR(HIRE_DATE,8);

MIN(SUM(SALARY)) AVG(SUM(SALARY)) MAX(SUM(SALARY))                                                                                                                                                      
---------------- ---------------- ----------------                                                                                                                                                      
            3500            14625            28400                                                                                                                                                      

SQL> SELECT MIN(SUM(SALARY)) , AVG(SUM(SALARY)) , MAX(SUM(SALARY))
  2  FROM EMPLOYEES
  3  GROUP BY SUBSTR(HIRE_DATE,-2);

MIN(SUM(SALARY)) AVG(SUM(SALARY)) MAX(SUM(SALARY))                                                                                                                                                      
---------------- ---------------- ----------------                                                                                                                                                      
            3500            14625            28400                                                                                                                                                      

SQL> SELECT MIN(SUM(SALARY)) , AVG(SUM(SALARY)) , MAX(SUM(SALARY))
  2  FROM EMPLOYEES
  3  GROUP BY TO_CHAR(HIRE_DATE,'RRRR');

MIN(SUM(SALARY)) AVG(SUM(SALARY)) MAX(SUM(SALARY))                                                                                                                                                      
---------------- ---------------- ----------------                                                                                                                                                      
            3500            14625            28400                                                                                                                                                      

SQL> SELECT MIN(SUM(SALARY)) , AVG(SUM(SALARY)) , MAX(SUM(SALARY))
  2  FROM EMPLOYEES
  3  GROUP BY TO_CHAR(HIRE_DATE,'YYYY');

MIN(SUM(SALARY)) AVG(SUM(SALARY)) MAX(SUM(SALARY))                                                                                                                                                      
---------------- ---------------- ----------------                                                                                                                                                      
            3500            14625            28400                                                                                                                                                      

SQL> SELECT MIN(SUM(SALARY)) , AVG(SUM(SALARY)) , MAX(SUM(SALARY))
  2  FROM EMPLOYEES
  3  GROUP BY TO_CHAR(HIRE_DATE,'YY');

MIN(SUM(SALARY)) AVG(SUM(SALARY)) MAX(SUM(SALARY))                                                                                                                                                      
---------------- ---------------- ----------------                                                                                                                                                      
            3500            14625            28400                                                                                                                                                      

SQL> SELECT MIN(SUM(SALARY)) , AVG(SUM(SALARY)) , MAX(SUM(SALARY))
  2  FROM EMPLOYEES
  3  GROUP BY TO_CHAR(HIRE_DATE,'RR');

MIN(SUM(SALARY)) AVG(SUM(SALARY)) MAX(SUM(SALARY))                                                                                                                                                      
---------------- ---------------- ----------------                                                                                                                                                      
            3500            14625            28400                                                                                                                                                      

SQL> SELECT MIN(SUM(SALARY)) , AVG(SUM(SALARY)) , MAX(SUM(SALARY))
  2  FROM EMPLOYEES
  3  GROUP BY TO_CHAR(HIRE_DATE,'YEAR');

MIN(SUM(SALARY)) AVG(SUM(SALARY)) MAX(SUM(SALARY))                                                                                                                                                      
---------------- ---------------- ----------------                                                                                                                                                      
            3500            14625            28400                                                                                                                                                      

SQL> REM HIRE QUARTER WISE LOWEST AVERAGE SALARY , HIGHEST AVERAGE SALARY
SQL> 
SQL> SELECT MIN(AVG(SALARY)) , MAX(AVG(SALARY)) FROM EMPLOYEES GROUP BY TO_CHAR(HIRE_DATE,'Q');

MIN(AVG(SALARY)) MAX(AVG(SALARY))                                                                                                                                                                       
---------------- ----------------                                                                                                                                                                       
            4650            10780                                                                                                                                                                       

SQL> REM PCM : PIVOTE REPORT / CROSS TAB REPORT / MATRIX REPORT
SQL> 
SQL> SELECT MIN(SALARY) FROM EMPLOYEES;

MIN(SALARY)                                                                                                                                                                                             
-----------                                                                                                                                                                                             
       2500                                                                                                                                                                                             

SQL> SELECT DEPARTMENT_ID , MIN(SALARY) FROM EMPLOYEES GROUP BY DEPARTMENT_ID ORDER BY 1;

DEPARTMENT_ID MIN(SALARY)                                                                                                                                                                               
------------- -----------                                                                                                                                                                               
           10        4400                                                                                                                                                                               
           20        6000                                                                                                                                                                               
           50        2500                                                                                                                                                                               
           60        4200                                                                                                                                                                               
           80        8600                                                                                                                                                                               
           90       17000                                                                                                                                                                               
          110        8300                                                                                                                                                                               
                     7000                                                                                                                                                                               

8 rows selected.

SQL> SELECT DEPARTMENT_ID , MIN(SALARY) FROM EMPLOYEES WHERE DEPARTMENT_ID IN (20,50,90) GROUP BY DEPARTMENT_ID ORDER BY 1;

DEPARTMENT_ID MIN(SALARY)                                                                                                                                                                               
------------- -----------                                                                                                                                                                               
           20        6000                                                                                                                                                                               
           50        2500                                                                                                                                                                               
           90       17000                                                                                                                                                                               

SQL> SELECT DEPARTMENT_ID , MIN(SALARY) FROM EMPLOYEES HAVING DEPARTMENT_ID IN (20,50,90) GROUP BY DEPARTMENT_ID ORDER BY 1;

DEPARTMENT_ID MIN(SALARY)                                                                                                                                                                               
------------- -----------                                                                                                                                                                               
           20        6000                                                                                                                                                                               
           50        2500                                                                                                                                                                               
           90       17000                                                                                                                                                                               

SQL> REM WHERE CLAUSE SUPPORTS ONLY NON-SUMMARY ITEMS
SQL> 
SQL> REM WHERE CLAUSE SUPPORTS ONLY NON-SUMMARY ITEMS, BUT DOESN'T SUPPORT ANY SUMMARY ITEM
SQL> 
SQL> REM HAVING CLAUSE SUPPORTA ALL SUMMARY ITEMS AND ADDTIONALLY THOSE NON-SUMMARY ITEMS WHICH ARE PART OF GROUP BY CLAUSE.
SQL> 
SQL> 
SQL> REM DEPT_20_MIN_SAL    DEPT_50_MIN_SAL     DEPT_60_MIN_SAL
SQL> 
SQL> REM            6000               2500               17000
SQL> 
SQL> 
SQL> SELECT MIN(DECODE(DEPARTMENT_ID,20,SALARY)) DEPT_20_MIN_SAL,
  2         MIN(DECODE(DEPARTMENT_ID,50,SALARY)) DEPT_50_MIN_SAL,
  3         MIN(DECODE(DEPARTMENT_ID,60,SALARY)) DEPT_60_MIN_SAL
  4  FROM EMPLOYEES;

DEPT_20_MIN_SAL DEPT_50_MIN_SAL DEPT_60_MIN_SAL                                                                                                                                                         
--------------- --------------- ---------------                                                                                                                                                         
           6000            2500            4200                                                                                                                                                         

SQL> SELECT DEPARTMENT_ID , MIN(SALARY) FROM EMPLOYEES WHERE DEPARTMENT_ID = 20 OR DEPARTMENT_ID = 50 OR DEPARTMENT_ID = 90  GROUP BY DEPARTMENT_ID ORDER BY 1;

DEPARTMENT_ID MIN(SALARY)                                                                                                                                                                               
------------- -----------                                                                                                                                                                               
           20        6000                                                                                                                                                                               
           50        2500                                                                                                                                                                               
           90       17000                                                                                                                                                                               

SQL> REM IT_PROG_MAX_SAL    SA_REP_MAX_SAL    ST_CLERK_MAX_SAL
SQL> 
SQL> SELECT MAX(DECODE(JOB_ID,'IT_PROG',SALARY)) IT_PROG_MAX_SAL,
  2         MAX(DECODE(JOB_ID,'SA_REP' ,SALARY)) SA_REP_MAX_SAL,
  3         MAX(DECODE(JOB_ID,'ST_CLERK' ,SALARY)) ST_CLERK_MAX_SAL
  4  FROM EMPLOYEES;

IT_PROG_MAX_SAL SA_REP_MAX_SAL ST_CLERK_MAX_SAL                                                                                                                                                         
--------------- -------------- ----------------                                                                                                                                                         
           9000          11000             3500                                                                                                                                                         

SQL> SELECT MAX(DECODE(JOB_ID,'IT_PROG',SALARY)) IT_PROG_MAX_SALARY,
  2         MAX(DECODE(JOB_ID,'SA_REP',SALARY)) SA_REP_MAX_SALARY,
  3         MAX(DECODE(JOB_ID,'ST_CLERK',SALARY)) ST_CLERK_MAX_SALARY FROM EMPLOYEES ORDER BY BY 1;
       MAX(DECODE(JOB_ID,'ST_CLERK',SALARY)) ST_CLERK_MAX_SALARY FROM EMPLOYEES ORDER BY BY 1
                                                                                         *
ERROR at line 3:
ORA-00936: missing expression 


SQL> SPOOL OFF
