SQL> 
SQL> REM 10 DISPLAY FIRST_NAME FOR THE EMPLOYEES WHO WORKS IN United States of America
SQL> 
SQL> REM 1 PURE JOIN 2 PURE SUB QUERY 3 JOIN + SUB QUERY
SQL> 
SQL> SELECT FIRST_NAME FROM EMPLOYEES
  2  JOIN DEPARTMENTS USING (DEPARTMENT_ID)
  3  JOIN LOCATIONS   USING (LOCATION_ID)
  4  JOIN COUNTRIES   USING (COUNTRY_ID)
  5  WHERE COUNTRY_NAME = 'United States of America';

FIRST_NAME                                                                                                                                                                                              
----------                                                                                                                                                                                              
Diana                                                                                                                                                                                                   
Bruce                                                                                                                                                                                                   
Alexander                                                                                                                                                                                               
Kevin                                                                                                                                                                                                   
Peter                                                                                                                                                                                                   
Randall                                                                                                                                                                                                 
Curtis                                                                                                                                                                                                  
Trenna                                                                                                                                                                                                  
Jennifer                                                                                                                                                                                                
Lex                                                                                                                                                                                                     
Steven                                                                                                                                                                                                  
Neena                                                                                                                                                                                                   
William                                                                                                                                                                                                 
Shelley                                                                                                                                                                                                 

14 rows selected.

SQL> SELECT FIRST_NAME FROM EMPLOYEES
  2  WHERE DEPARTMENT_ID IN (SELECT DEPARTMENT_ID FROM DEPARTAMENTS
  3  WHERE LOCATION_ID   IN (SELECT LOCATION_ID   FROM LOCATIONS
  4  WHERE COUNTRY_ID    IN (SELECT COUNTRY_ID    FROM COUNTRIES WHERE COUNTRY_NAME =  'United States of America')));
WHERE DEPARTMENT_ID IN (SELECT DEPARTMENT_ID FROM DEPARTAMENTS
                                                  *
ERROR at line 2:
ORA-00942: table or view does not exist 


SQL> SELECT FIRST_NAME FROM EMPLOYEES
  2  WHERE DEPARTMENT_ID IN (SELECT DEPARTMENT_ID FROM DEPARTMENTS
  3  WHERE LOCATION_ID   IN (SELECT LOCATION_ID   FROM LOCATIONS
  4  WHERE COUNTRY_ID    IN (SELECT COUNTRY_ID    FROM COUNTRIES WHERE COUNTRY_NAME =  'United States of America')));

FIRST_NAME                                                                                                                                                                                              
----------                                                                                                                                                                                              
Alexander                                                                                                                                                                                               
Bruce                                                                                                                                                                                                   
Diana                                                                                                                                                                                                   
Kevin                                                                                                                                                                                                   
Trenna                                                                                                                                                                                                  
Curtis                                                                                                                                                                                                  
Randall                                                                                                                                                                                                 
Peter                                                                                                                                                                                                   
Jennifer                                                                                                                                                                                                
Steven                                                                                                                                                                                                  
Neena                                                                                                                                                                                                   
Lex                                                                                                                                                                                                     
Shelley                                                                                                                                                                                                 
William                                                                                                                                                                                                 

14 rows selected.

SQL> SELECT FIRST_NAME FROM EMPLOYEES
  2  WHERE DEPARTMENT_ID IN (SELECT DEPARTMENT_ID FROM DEPARTMENTS
  3  WHERE LOCATION_ID IN (SELECT LOCATION_ID FROM LOCATIONS NATURAL JOIN COUNTRIES WHERE COUNTRY_NAME =  'United States of America'));

FIRST_NAME                                                                                                                                                                                              
----------                                                                                                                                                                                              
Alexander                                                                                                                                                                                               
Bruce                                                                                                                                                                                                   
Diana                                                                                                                                                                                                   
Kevin                                                                                                                                                                                                   
Trenna                                                                                                                                                                                                  
Curtis                                                                                                                                                                                                  
Randall                                                                                                                                                                                                 
Peter                                                                                                                                                                                                   
Jennifer                                                                                                                                                                                                
Steven                                                                                                                                                                                                  
Neena                                                                                                                                                                                                   
Lex                                                                                                                                                                                                     
Shelley                                                                                                                                                                                                 
William                                                                                                                                                                                                 

14 rows selected.

SQL> REM WE NEED TO USE SUB QUERY IN 'HAVING' CLAUSE, TO COMPARE NESTES SUMMARY ITEMS.
SQL> 
SQL> REM SUMMARY ITEMS/GROUP FUNCTIONS : MIN MAX COUNT SUM AVG
SQL> 
SQL> REM NESTED SUMMARY ITEM : SUMMARY FUNCTION WITHIN SUMMARY FUNCTION
SQL> 
SQL> REM DISPLAY DEPARTMENT_ID AND AVG SALARY FOR THE DEPARTMENT TO WHICH HIGHEST AVERAGE SALARY IS PAID.
SQL> 
SQL> SELECT DEPARTMENT_ID , AVG(SALARY) FROM EMPLOYEES GROUP BY DEPARTMENT_ID;

DEPARTMENT_ID AVG(SALARY)                                                                                                                                                                               
------------- -----------                                                                                                                                                                               
                     7000                                                                                                                                                                               
           90  19333.3333                                                                                                                                                                               
           20        9500                                                                                                                                                                               
          110       10150                                                                                                                                                                               
           50        3500                                                                                                                                                                               
           80  10033.3333                                                                                                                                                                               
           60        6400                                                                                                                                                                               
           10        4400                                                                                                                                                                               

8 rows selected.

SQL> SELECT DEPARTMENT_ID , AVG(SALARY) FROM EMPLOYEES GROUP BY DEPARTMENT_ID HAVING AVG(SALARY) = MAX(AVG(SALARY));
SELECT DEPARTMENT_ID , AVG(SALARY) FROM EMPLOYEES GROUP BY DEPARTMENT_ID HAVING AVG(SALARY) = MAX(AVG(SALARY))
                                                                                                  *
ERROR at line 1:
ORA-00935: group function is nested too deeply 


SQL> SELECT DEPARTMENT_ID , AVG(SALARY) FROM EMPLOYEES GROUP BY DEPARTMENT_ID HAVING AVG(SALARY) = (SELECT MAX(AVG(SALARY)) FROM EMPLOYEES);
SELECT DEPARTMENT_ID , AVG(SALARY) FROM EMPLOYEES GROUP BY DEPARTMENT_ID HAVING AVG(SALARY) = (SELECT MAX(AVG(SALARY)) FROM EMPLOYEES)
                                                                                                          *
ERROR at line 1:
ORA-00978: nested group function without GROUP BY 


SQL> SELECT DEPARTMENT_ID , AVG(SALARY) FROM EMPLOYEES GROUP BY DEPARTMENT_ID HAVING AVG(SALARY) = (SELECT MAX(AVG(SALARY)) FROM EMPLOYEES GROUP BY DEPARTMENT_ID);

DEPARTMENT_ID AVG(SALARY)                                                                                                                                                                               
------------- -----------                                                                                                                                                                               
           90  19333.3333                                                                                                                                                                               

SQL> REM DISPLAY JOB_ID AND TOTAL SALARY FOR THE JOB TO WHICH LOWEST TOTAL SALARY IS PAID.
SQL> 
SQL> SELECT JOB_ID , SUM(SALARY) FROM EMPLOYEES GROUP BY JOB_ID
  2  HAVING SUM(SALARY) IN (SELECT MIN(SUM(SALARY)) FROM EMPLOYEES GROUP BY JOB_ID);

JOB_ID     SUM(SALARY)                                                                                                                                                                                  
---------- -----------                                                                                                                                                                                  
AD_ASST           4400                                                                                                                                                                                  

SQL> SELECT JOB_ID , SUM(SALARY) FROM EMPLOYEES
  2  HAVING SUM(SALARY) IN (SELECT MIN(SUM(SALARY)) FROM EMPLOYEES GROUP BY JOB_ID)
  3  GROUP BY JOB_ID
  4  ;

JOB_ID     SUM(SALARY)                                                                                                                                                                                  
---------- -----------                                                                                                                                                                                  
AD_ASST           4400                                                                                                                                                                                  

SQL> SELECT JOB_ID , SUM(SALARY) FROM EMPLOYEES
  2  HAVING SUM(SALARY) IN (SELECT MIN(SUM(SALARY)) FROM EMPLOYEES) GROUP BY JOB_ID;
HAVING SUM(SALARY) IN (SELECT MIN(SUM(SALARY)) FROM EMPLOYEES) GROUP BY JOB_ID
                                  *
ERROR at line 2:
ORA-00978: nested group function without GROUP BY 


SQL> 
SQL> REM DISPLAY MANAGER_ID AND NUMBER OF EMPLOYEES REPORTING TO THEM FOR THE MANAGERS TO WHOM EITHER LOWEST OR HIGHEST EMPLOYEE REPORTS.
SQL> 
SQL> SELECT MANAGER_ID , COUNT(*)
  2  FROM EMPLOYEES
  3  GROUP BY MANAGER_ID
  4  HAVING COUNT(*) IN (SELECT MAX(COUNT(*)) FROM EMPLOYEES GROUP BY MANAGER_ID)
  5  OR     COUNT(*) IN (SELECT MIN(COUNT(*)) FROM EMPLOYEES GROUP BY MANAGER_ID);

MANAGER_ID   COUNT(*)                                                                                                                                                                                   
---------- ----------                                                                                                                                                                                   
                    1                                                                                                                                                                                   
       100          5                                                                                                                                                                                   
       205          1                                                                                                                                                                                   
       102          1                                                                                                                                                                                   
       201          1                                                                                                                                                                                   

SQL> SELECT MANAGER_ID , COUNT(*)
  2  FROM EMPLOYEES
  3  GROUP BY MANAGER_ID
  4  HAVING COUNT(*) IN ((SELECT MAX(COUNT(*)) FROM EMPLOYEES GROUP BY MANAGER_ID),
  5                      (SELECT MIN(COUNT(*)) FROM EMPLOYEES GROUP BY MANAGER_ID));

MANAGER_ID   COUNT(*)                                                                                                                                                                                   
---------- ----------                                                                                                                                                                                   
                    1                                                                                                                                                                                   
       100          5                                                                                                                                                                                   
       205          1                                                                                                                                                                                   
       102          1                                                                                                                                                                                   
       201          1                                                                                                                                                                                   

SQL> SELECT MANAGER_ID , COUNT(*)
  2  FROM EMPLOYEES
  3  GROUP BY MANAGER_ID
  4  HAVING COUNT(*) = ANY ((SELECT MAX(COUNT(*)) FROM EMPLOYEES GROUP BY MANAGER_ID),
  5                         (SELECT MIN(COUNT(*)) FROM EMPLOYEES GROUP BY MANAGER_ID));

MANAGER_ID   COUNT(*)                                                                                                                                                                                   
---------- ----------                                                                                                                                                                                   
                    1                                                                                                                                                                                   
       100          5                                                                                                                                                                                   
       205          1                                                                                                                                                                                   
       102          1                                                                                                                                                                                   
       201          1                                                                                                                                                                                   

SQL> SELECT MANAGER_ID , COUNT(*)
  2  FROM EMPLOYEES
  3  GROUP BY MANAGER_ID
  4  HAVING COUNT(*) = SOME ((SELECT MAX(COUNT(*)) FROM EMPLOYEES GROUP BY MANAGER_ID),
  5                          (SELECT MIN(COUNT(*)) FROM EMPLOYEES GROUP BY MANAGER_ID));

MANAGER_ID   COUNT(*)                                                                                                                                                                                   
---------- ----------                                                                                                                                                                                   
                    1                                                                                                                                                                                   
       100          5                                                                                                                                                                                   
       205          1                                                                                                                                                                                   
       102          1                                                                                                                                                                                   
       201          1                                                                                                                                                                                   

SQL> SELECT * FROM EMPLOYEES;

EMPLOYEE_ID FIRST_NAME LAST_NAME  EMAIL      PHONE_NUMBER         HIRE_DATE JOB_ID         SALARY COMMISSION_PCT MANAGER_ID DEPARTMENT_ID                                                               
----------- ---------- ---------- ---------- -------------------- --------- ---------- ---------- -------------- ---------- -------------                                                               
        100 Steven     King       SKING      515.123.4567         17-JUL-87 AD_PRES         24000                                      90                                                               
        101 Neena      Kochhar    NKOCHHAR   515.123.4568         21-SEP-89 AD_VP           17000                       100            90                                                               
        102 Lex        De Haan    LDEHAAN    515.123.4569         13-JAN-93 AD_VP           17000                       100            90                                                               
        103 Alexander  Hunold     AHUNOLD    590.423.4567         03-JAN-90 IT_PROG          9000                       102            60                                                               
        104 Bruce      Ernst      BERNST     590.423.4568         21-MAY-91 IT_PROG          6000                       103            60                                                               
        107 Diana      Lorentz    DLORENTZ   590.423.5567         07-FEB-99 IT_PROG          4200                       103            60                                                               
        124 Kevin      Mourgos    KMOURGOS   650.123.5234         16-NOV-99 ST_MAN           5800                       100            50                                                               
        141 Trenna     Rajs                  650.121.8009         17-OCT-95 ST_CLERK         3500                       124            50                                                               
        142 Curtis     Davies     CDAVIES    650.121.2994         29-JAN-97 ST_CLERK         3100                       124            50                                                               
        143 Randall    Matos      RMATOS     650.121.2874         15-MAR-98 ST_CLERK         2600                       124            50                                                               
        144 Peter      Vargas     PVARGAS    650.121.2004         09-JUL-98 ST_CLERK         2500                       124            50                                                               
        149 Eleni      Zlotkey    EZLOTKEY   011.44.1344.429018   29-JAN-00 SA_MAN          10500             .2        100            80                                                               
        174 Ellen      Abel       EABEL      011.44.1644.429267   11-MAY-96 SA_REP          11000             .3        149            80                                                               
        176 Jonathon   Taylor     JTAYLOR    011.44.1644.429265   24-MAR-98 SA_REP           8600             .3        149            80                                                               
        178 Kimerely   Grant      KGRANT     011.44.1644.429263   24-MAY-99 SA_REP           7000            .15        149                                                                             
        200 Jennifer   Whalen     JWHALEN    515.123.4444         17-SEP-87 AD_ASST          4400                       101            10                                                               
        201 Michael    Hartstein  MHARTSTE   515.123.5555         17-FEB-96 MK_MAN          13000                       100            20                                                               
        202 Pat        Fay        PFAY       603.123.6666         17-AUG-97 MK_REP           6000                       201            20                                                               
        205 Shelley    Higgins    SHIGGINS   515.123.8080         07-JUN-94 AC_MGR          12000                       101           110                                                               
        206 William    Gietz      WGIETZ     515.123.8181         07-JUN-94 AC_ACCOUNT       8300                       205           110                                                               

20 rows selected.

SQL> REM DEPARTMENT_ID WISE , MANAGER_ID WISE , COUNT OF EMPLOYEES FOR THE COMBINATION FOR WHICH HIGHEST NUMBER OF EMPLOYEE WORKS.
SQL> 
SQL> SELECT DEPARTMENT_ID , MANAGER_ID , COUNT(*)
  2  FROM EMPLOYEES
  3  GROUP BY DEPARTMENT_ID , MANAGER_ID
  4  HAVING COUNT(*) IN (SELECT MAX(COUNT(*)) FROM EMPLOYEES GROUP BY DEPARTMENT_ID);

no rows selected

SQL> SELECT DEPARTMENT_ID , MANAGER_ID , COUNT(*)
  2  FROM EMPLOYEES
  3  GROUP BY DEPARTMENT_ID , MANAGER_ID
  4  HAVING COUNT(*) IN (SELECT MAX(COUNT(*)) FROM EMPLOYEES GROUP BY DEPARTMENT_ID,MANAGER_ID);

DEPARTMENT_ID MANAGER_ID   COUNT(*)                                                                                                                                                                     
------------- ---------- ----------                                                                                                                                                                     
           50        124          4                                                                                                                                                                     

SQL> REM HIRE YEAR WISE , NUMBER OF EMPLOYEES HIRED. DISPLAY ALL YEARS EXCEPT THOSE FOR WHICH EITHER LOWEST OR HIGHEST EMPLOYEES HIRED.
SQL> 
SQL> SELECT TO_CHAR(HIRE_DATE,'YYYY') , COUNT(*)
  2  FROM EMPLOYEES
  3  GROUP BY TO_CHAR(HIRE_DATE,'YYYY')
  4  HAVING COUNT(*) NOT IN ((SELECT MIN(COUNT(*)) FROM EMPLOYEES GROUP BY TO_CHAR(HIRE_DATE,'YYYY')),
  5                          (SELECT MIN(COUNT(*)) FROM EMPLOYEES GROUP BY TO_CHAR(HIRE_DATE,'YYYY')));

TO_C   COUNT(*)                                                                                                                                                                                         
---- ----------                                                                                                                                                                                         
1987          2                                                                                                                                                                                         
1997          2                                                                                                                                                                                         
1994          2                                                                                                                                                                                         
1999          3                                                                                                                                                                                         
1996          2                                                                                                                                                                                         
1998          3                                                                                                                                                                                         

6 rows selected.

SQL> SELECT TO_CHAR(HIRE_DATE,'YYYY') , COUNT(*)
  2  FROM EMPLOYEES
  3  GROUP BY TO_CHAR(HIRE_DATE,'YYYY')
  4  HAVING COUNT(*) NOT IN ((SELECT MIN(COUNT(*)) FROM EMPLOYEES GROUP BY TO_CHAR(HIRE_DATE,'YYYY')),
  5                          (SELECT MAX(COUNT(*)) FROM EMPLOYEES GROUP BY TO_CHAR(HIRE_DATE,'YYYY')));

TO_C   COUNT(*)                                                                                                                                                                                         
---- ----------                                                                                                                                                                                         
1987          2                                                                                                                                                                                         
1997          2                                                                                                                                                                                         
1994          2                                                                                                                                                                                         
1996          2                                                                                                                                                                                         

SQL> SELECT TO_CHAR(HIRE_DATE,'YYYY') , COUNT(*)
  2  FROM EMPLOYEES
  3  GROUP BY TO_CHAR(HIRE_DATE,'YYYY')
  4  HAVING COUNT(*) NOT IN ((SELECT MIN(COUNT(*)) FROM EMPLOYEES GROUP BY TO_CHAR(HIRE_DATE,'YYYY'))
  5  AND    COUNT(*) NOT IN ((SELECT MAX(COUNT(*)) FROM EMPLOYEES GROUP BY TO_CHAR(HIRE_DATE,'YYYY'));
AND    COUNT(*) NOT IN ((SELECT MAX(COUNT(*)) FROM EMPLOYEES GROUP BY TO_CHAR(HIRE_DATE,'YYYY'))
*
ERROR at line 5:
ORA-00907: missing right parenthesis 


SQL> SELECT TO_CHAR(HIRE_DATE,'YYYY') , COUNT(*)
  2  FROM EMPLOYEES
  3  GROUP BY TO_CHAR(HIRE_DATE,'YYYY')
  4  HAVING COUNT(*) NOT IN (SELECT MIN(COUNT(*)) FROM EMPLOYEES GROUP BY TO_CHAR(HIRE_DATE,'YYYY'))
  5  AND    COUNT(*) NOT IN (SELECT MAX(COUNT(*)) FROM EMPLOYEES GROUP BY TO_CHAR(HIRE_DATE,'YYYY'));

TO_C   COUNT(*)                                                                                                                                                                                         
---- ----------                                                                                                                                                                                         
1987          2                                                                                                                                                                                         
1997          2                                                                                                                                                                                         
1994          2                                                                                                                                                                                         
1996          2                                                                                                                                                                                         

SQL> SELECT TO_CHAR(HIRE_DATE,'YYYY') , COUNT(*)
  2  FROM EMPLOYEES
  3  GROUP BY TO_CHAR(HIRE_DATE,'YYYY')
  4  HAVING COUNT(*) <> ALL ((SELECT MIN(COUNT(*)) FROM EMPLOYEES GROUP BY TO_CHAR(HIRE_DATE,'YYYY')),
  5                          (SELECT MAX(COUNT(*)) FROM EMPLOYEES GROUP BY TO_CHAR(HIRE_DATE,'YYYY')));

TO_C   COUNT(*)                                                                                                                                                                                         
---- ----------                                                                                                                                                                                         
1987          2                                                                                                                                                                                         
1997          2                                                                                                                                                                                         
1994          2                                                                                                                                                                                         
1996          2                                                                                                                                                                                         

SQL> SELECT TO_CHAR(HIRE_DATE,'YYYY') , COUNT(*)
  2  FROM EMPLOYEES
  3  GROUP BY TO_CHAR(HIRE_DATE,'YYYY')
  4  HAVING COUNT(*) != ALL ((SELECT MIN(COUNT(*)) FROM EMPLOYEES GROUP BY TO_CHAR(HIRE_DATE,'YYYY')),
  5                          (SELECT MAX(COUNT(*)) FROM EMPLOYEES GROUP BY TO_CHAR(HIRE_DATE,'YYYY')));

TO_C   COUNT(*)                                                                                                                                                                                         
---- ----------                                                                                                                                                                                         
1987          2                                                                                                                                                                                         
1997          2                                                                                                                                                                                         
1994          2                                                                                                                                                                                         
1996          2                                                                                                                                                                                         

SQL> SELECT TO_CHAR(HIRE_DATE,'YYYY') , COUNT(*)
  2  FROM EMPLOYEES
  3  GROUP BY TO_CHAR(HIRE_DATE,'YYYY')
  4  HAVING COUNT(*) ^= ALL ((SELECT MIN(COUNT(*)) FROM EMPLOYEES GROUP BY TO_CHAR(HIRE_DATE,'YYYY')),
  5                          (SELECT MAX(COUNT(*)) FROM EMPLOYEES GROUP BY TO_CHAR(HIRE_DATE,'YYYY')));

TO_C   COUNT(*)                                                                                                                                                                                         
---- ----------                                                                                                                                                                                         
1987          2                                                                                                                                                                                         
1997          2                                                                                                                                                                                         
1994          2                                                                                                                                                                                         
1996          2                                                                                                                                                                                         

SQL> SPOOL OFF
